C251 COMPILER V5.60.0,  STC32G_WDT                                                         29/04/22  16:40:35  PAGE 1   


C251 COMPILER V5.60.0, COMPILATION OF MODULE STC32G_WDT
OBJECT MODULE PLACED IN .\Objects\STC32G_WDT.obj
COMPILER INVOKED BY: C:\Keil_v5\C251\BIN\C251.EXE Sources\Driver\src\STC32G_WDT.c XSMALL FUNCTIONS(REENTRANT) OPTIMIZE(4
                    -,SPEED) BROWSE INCDIR(.\Sources\User;.\Sources\User\include;.\Sources\FreeRTOS\include;.\Sources\FreeRTOS\portable\STC32
                    -G12K128;.\Sources\Driver\inc;.\Sources\Task\inc) DEBUG PRINT(.\Listings\STC32G_WDT.lst) OBJECT(.\Objects\STC32G_WDT.obj)
                    - 

stmt  level    source

    1          /*---------------------------------------------------------------------*/
    2          /* --- STC MCU Limited ------------------------------------------------*/
    3          /* --- STC 1T Series MCU Demo Programme -------------------------------*/
    4          /* --- Mobile: (86)13922805190 ----------------------------------------*/
    5          /* --- Fax: 86-0513-55012956,55012947,55012969 ------------------------*/
    6          /* --- Tel: 86-0513-55012928,55012929,55012966 ------------------------*/
    7          /* --- Web: www.STCMCU.com --------------------------------------------*/
    8          /* --- Web: www.STCMCUDATA.com  ---------------------------------------*/
    9          /* --- QQ:  800003751 -------------------------------------------------*/
   10          /* 如果要在程序中使用此代码,请在程序中注明使用了STC的资料及程序            */
   11          /*---------------------------------------------------------------------*/
   12          
   13          #include        "STC32G_WDT.h"
   14          
   15          //========================================================================
   16          // 函数: void WDT_Inilize(WDT_InitTypeDef *WDT)
   17          // 描述: 看门狗初始化程序.
   18          // 参数: WDT: 结构参数,请参考WDT.h里的定义.
   19          // 返回: none.
   20          // 版本: V1.0, 2020-09-16
   21          //========================================================================
   22          void WDT_Inilize(WDT_InitTypeDef *WDT)
   23          {
   24   1              if(WDT->WDT_Enable == ENABLE)           EN_WDT = 1;     //使能看门狗
   25   1      
   26   1              WDT_PS_Set(WDT->WDT_PS);        //看门狗定时器时钟分频系数              WDT_SCALE_2,WDT_SCALE_4,WDT_SCALE_8,WDT_SCALE_16,WD
             -T_SCALE_32,WDT_SCALE_64,WDT_SCALE_128,WDT_SCALE_256
   27   1              if(WDT->WDT_IDLE_Mode == WDT_IDLE_STOP) IDL_WDT = 0;    //IDLE模式停止计数
   28   1              else                                                                    IDL_WDT = 1;    //IDLE模式继续计数
   29   1      }
   30          
   31          /********************* 清除看门狗函数 *************************/
   32          void WDT_Clear (void)
   33          {
   34   1              CLR_WDT = 1;    // 喂狗
   35   1      }


Module Information          Static   Overlayable
------------------------------------------------
  code size            =        43     ------
  ecode size           =    ------     ------
  data size            =    ------     ------
  idata size           =    ------     ------
  pdata size           =    ------     ------
  xdata size           =    ------     ------
  xdata-const size     =    ------     ------
  edata size           =    ------     ------
  bit size             =    ------     ------
  ebit size            =    ------     ------
  bitaddressable size  =    ------     ------
  ebitaddressable size =    ------     ------
  far data size        =    ------     ------
  huge data size       =    ------     ------
  const size           =    ------     ------
  hconst size          =    ------     ------
End of Module Information.

C251 COMPILER V5.60.0,  STC32G_WDT                                                         29/04/22  16:40:35  PAGE 2   


C251 COMPILATION COMPLETE.  0 WARNING(S),  0 ERROR(S)
