Component: ARM Compiler 5.06 update 7 (build 960) Tool: armlink [4d3601]

==============================================================================

Section Cross References

    startup_stm32f411xe.o(RESET) refers to startup_stm32f411xe.o(STACK) for __initial_sp
    startup_stm32f411xe.o(RESET) refers to startup_stm32f411xe.o(.text) for Reset_Handler
    startup_stm32f411xe.o(RESET) refers to stm32f4xx_it.o(i.NMI_Handler) for NMI_Handler
    startup_stm32f411xe.o(RESET) refers to stm32f4xx_it.o(i.HardFault_Handler) for HardFault_Handler
    startup_stm32f411xe.o(RESET) refers to stm32f4xx_it.o(i.MemManage_Handler) for MemManage_Handler
    startup_stm32f411xe.o(RESET) refers to stm32f4xx_it.o(i.BusFault_Handler) for BusFault_Handler
    startup_stm32f411xe.o(RESET) refers to stm32f4xx_it.o(i.UsageFault_Handler) for UsageFault_Handler
    startup_stm32f411xe.o(RESET) refers to stm32f4xx_it.o(i.SVC_Handler) for SVC_Handler
    startup_stm32f411xe.o(RESET) refers to stm32f4xx_it.o(i.DebugMon_Handler) for DebugMon_Handler
    startup_stm32f411xe.o(RESET) refers to stm32f4xx_it.o(i.PendSV_Handler) for PendSV_Handler
    startup_stm32f411xe.o(RESET) refers to stm32f4xx_it.o(i.SysTick_Handler) for SysTick_Handler
    startup_stm32f411xe.o(.text) refers to system_stm32f4xx.o(i.SystemInit) for SystemInit
    startup_stm32f411xe.o(.text) refers to entry.o(.ARM.Collect$$$$00000000) for __main
    main.o(i.SystemClock_Config) refers to memseta.o(.text) for __aeabi_memclr4
    main.o(i.SystemClock_Config) refers to stm32f4xx_hal_rcc.o(i.HAL_RCC_OscConfig) for HAL_RCC_OscConfig
    main.o(i.SystemClock_Config) refers to stm32f4xx_hal_rcc.o(i.HAL_RCC_ClockConfig) for HAL_RCC_ClockConfig
    main.o(i.draw) refers to u8g2_font.o(i.u8g2_SetFontMode) for u8g2_SetFontMode
    main.o(i.draw) refers to u8g2_font.o(i.u8g2_SetFontDirection) for u8g2_SetFontDirection
    main.o(i.draw) refers to u8g2_font.o(i.u8g2_SetFont) for u8g2_SetFont
    main.o(i.draw) refers to u8g2_font.o(i.u8g2_DrawStr) for u8g2_DrawStr
    main.o(i.draw) refers to u8g2_hvline.o(i.u8g2_DrawHLine) for u8g2_DrawHLine
    main.o(i.draw) refers to u8g2_hvline.o(i.u8g2_DrawVLine) for u8g2_DrawVLine
    main.o(i.draw) refers to u8g2_fonts.o(.constdata) for u8g2_font_inb24_mf
    main.o(i.draw) refers to u8g2_fonts.o(.constdata) for u8g2_font_inb30_mn
    main.o(i.draw) refers to u8g2_fonts.o(.constdata) for u8g2_font_4x6_tr
    main.o(i.main) refers to stm32f4xx_hal.o(i.HAL_Init) for HAL_Init
    main.o(i.main) refers to main.o(i.SystemClock_Config) for SystemClock_Config
    main.o(i.main) refers to gpio.o(i.MX_GPIO_Init) for MX_GPIO_Init
    main.o(i.main) refers to usart.o(i.MX_USART1_UART_Init) for MX_USART1_UART_Init
    main.o(i.main) refers to gpio.o(i.USER_GPIO_Init) for USER_GPIO_Init
    main.o(i.main) refers to main.o(i.u8g2Init) for u8g2Init
    main.o(i.main) refers to u8g2_buffer.o(i.u8g2_FirstPage) for u8g2_FirstPage
    main.o(i.main) refers to main.o(i.draw) for draw
    main.o(i.main) refers to u8g2_buffer.o(i.u8g2_NextPage) for u8g2_NextPage
    main.o(i.u8g2Init) refers to u8g2_d_setup.o(i.u8g2_Setup_ssd1306_i2c_128x64_noname_f) for u8g2_Setup_ssd1306_i2c_128x64_noname_f
    main.o(i.u8g2Init) refers to u8x8_display.o(i.u8x8_InitDisplay) for u8x8_InitDisplay
    main.o(i.u8g2Init) refers to u8x8_display.o(i.u8x8_SetPowerSave) for u8x8_SetPowerSave
    main.o(i.u8g2Init) refers to u8g2_buffer.o(i.u8g2_ClearBuffer) for u8g2_ClearBuffer
    main.o(i.u8g2Init) refers to main.o(i.u8x8_gpio_and_delay) for u8x8_gpio_and_delay
    main.o(i.u8g2Init) refers to u8x8_byte.o(i.u8x8_byte_sw_i2c) for u8x8_byte_sw_i2c
    main.o(i.u8g2Init) refers to u8g2_setup.o(.constdata) for u8g2_cb_r0
    main.o(i.u8x8_gpio_and_delay) refers to stm32f4xx_hal.o(i.HAL_Delay) for HAL_Delay
    main.o(i.u8x8_gpio_and_delay) refers to main.o(i.delay_us) for delay_us
    main.o(i.u8x8_gpio_and_delay) refers to stm32f4xx_hal_gpio.o(i.HAL_GPIO_WritePin) for HAL_GPIO_WritePin
    gpio.o(i.MX_GPIO_Init) refers to memseta.o(.text) for __aeabi_memclr4
    gpio.o(i.MX_GPIO_Init) refers to stm32f4xx_hal_gpio.o(i.HAL_GPIO_WritePin) for HAL_GPIO_WritePin
    gpio.o(i.MX_GPIO_Init) refers to stm32f4xx_hal_gpio.o(i.HAL_GPIO_Init) for HAL_GPIO_Init
    gpio.o(i.USER_GPIO_Init) refers to memseta.o(.text) for __aeabi_memclr4
    gpio.o(i.USER_GPIO_Init) refers to stm32f4xx_hal_gpio.o(i.HAL_GPIO_Init) for HAL_GPIO_Init
    i2c.o(i.HAL_I2C_MspDeInit) refers to stm32f4xx_hal_gpio.o(i.HAL_GPIO_DeInit) for HAL_GPIO_DeInit
    i2c.o(i.HAL_I2C_MspInit) refers to memseta.o(.text) for __aeabi_memclr4
    i2c.o(i.HAL_I2C_MspInit) refers to stm32f4xx_hal_gpio.o(i.HAL_GPIO_Init) for HAL_GPIO_Init
    i2c.o(i.MX_I2C1_Init) refers to stm32f4xx_hal_i2c.o(i.HAL_I2C_Init) for HAL_I2C_Init
    i2c.o(i.MX_I2C1_Init) refers to main.o(i.Error_Handler) for Error_Handler
    i2c.o(i.MX_I2C1_Init) refers to i2c.o(.bss) for .bss
[...]
    Removing u8g2_fonts.o(.constdata), (327 bytes).
    Removing u8g2_fonts.o(.constdata), (2427 bytes).
    Removing u8g2_fonts.o(.constdata), (1451 bytes).
    Removing u8g2_fonts.o(.constdata), (284 bytes).
    Removing u8g2_fonts.o(.constdata), (3066 bytes).
    Removing u8g2_fonts.o(.constdata), (1877 bytes).
    Removing u8g2_fonts.o(.constdata), (328 bytes).
    Removing u8g2_hvline.o(i.u8g2_DrawPixel), (46 bytes).
    Removing u8g2_hvline.o(i.u8g2_SetDrawColor), (16 bytes).
    Removing u8g2_input_value.o(i.u8g2_UserInterfaceInputValue), (312 bytes).
    Removing u8g2_kerning.o(i.u8g2_GetKerning), (84 bytes).
    Removing u8g2_kerning.o(i.u8g2_GetKerningByTable), (52 bytes).
    Removing u8g2_line.o(i.u8g2_DrawLine), (172 bytes).
    Removing u8g2_ll_hvline.o(i.u8g2_ll_hvline_horizontal_right_lsb), (118 bytes).
    Removing u8g2_message.o(i.u8g2_UserInterfaceMessage), (290 bytes).
    Removing u8g2_message.o(i.u8g2_draw_button_line), (156 bytes).
    Removing u8g2_polygon.o(i.pg_dec), (18 bytes).
    Removing u8g2_polygon.o(i.pg_exec), (110 bytes).
    Removing u8g2_polygon.o(i.pg_expand_min_y), (46 bytes).
    Removing u8g2_polygon.o(i.pg_hline), (114 bytes).
    Removing u8g2_polygon.o(i.pg_inc), (16 bytes).
    Removing u8g2_polygon.o(i.pg_line_init), (122 bytes).
    Removing u8g2_polygon.o(i.pg_prepare), (160 bytes).
    Removing u8g2_polygon.o(i.pge_Next), (62 bytes).
    Removing u8g2_polygon.o(i.u8g2_AddPolygonXY), (32 bytes).
    Removing u8g2_polygon.o(i.u8g2_ClearPolygonXY), (12 bytes).
    Removing u8g2_polygon.o(i.u8g2_DrawPolygon), (36 bytes).
    Removing u8g2_polygon.o(i.u8g2_DrawTriangle), (60 bytes).
    Removing u8g2_polygon.o(.bss), (76 bytes).
    Removing u8g2_selection_list.o(i.u8g2_DrawSelectionList), (116 bytes).
    Removing u8g2_selection_list.o(i.u8g2_DrawUTF8Line), (202 bytes).
    Removing u8g2_selection_list.o(i.u8g2_DrawUTF8Lines), (88 bytes).
    Removing u8g2_selection_list.o(i.u8g2_UserInterfaceSelectionList), (270 bytes).
    Removing u8g2_setup.o(i.u8g2_SendF), (18 bytes).
    Removing u8g2_setup.o(i.u8g2_SetClipWindow), (28 bytes).
    Removing u8g2_setup.o(i.u8g2_SetDisplayRotation), (22 bytes).
    Removing u8g2_setup.o(i.u8g2_Setup_null), (52 bytes).
    Removing u8g2_setup.o(i.u8g2_draw_l90_mirrorr_r0), (32 bytes).
    Removing u8g2_setup.o(i.u8g2_draw_l90_r1), (42 bytes).
    Removing u8g2_setup.o(i.u8g2_draw_l90_r2), (54 bytes).
    Removing u8g2_setup.o(i.u8g2_draw_l90_r3), (42 bytes).
    Removing u8g2_setup.o(i.u8g2_draw_mirror_vertical_r0), (32 bytes).
    Removing u8g2_setup.o(i.u8g2_update_dimension_r1), (24 bytes).
    Removing u8g2_setup.o(i.u8g2_update_dimension_r2), (4 bytes).
    Removing u8g2_setup.o(i.u8g2_update_dimension_r3), (24 bytes).
    Removing u8g2_setup.o(i.u8g2_update_page_win_r1), (34 bytes).
    Removing u8g2_setup.o(i.u8g2_update_page_win_r2), (50 bytes).
    Removing u8g2_setup.o(i.u8g2_update_page_win_r3), (50 bytes).
    Removing u8g2_setup.o(.constdata), (12 bytes).
    Removing u8g2_setup.o(.constdata), (12 bytes).
    Removing u8g2_setup.o(.constdata), (12 bytes).
    Removing u8g2_setup.o(.constdata), (12 bytes).
    Removing u8g2_setup.o(.constdata), (12 bytes).
    Removing u8g2_setup.o(.data), (8 bytes).
    Removing u8log.o(i.u8log_Init), (34 bytes).
    Removing u8log.o(i.u8log_SetCallback), (6 bytes).
    Removing u8log.o(i.u8log_SetLineHeightOffset), (4 bytes).
    Removing u8log.o(i.u8log_SetRedrawMode), (4 bytes).
    Removing u8log.o(i.u8log_WriteChar), (34 bytes).
    Removing u8log.o(i.u8log_WriteDec16), (26 bytes).
    Removing u8log.o(i.u8log_WriteDec8), (26 bytes).
    Removing u8log.o(i.u8log_WriteHex16), (24 bytes).
    Removing u8log.o(i.u8log_WriteHex32), (24 bytes).
    Removing u8log.o(i.u8log_WriteHex8), (24 bytes).
    Removing u8log.o(i.u8log_WriteHexHalfByte), (18 bytes).
    Removing u8log.o(i.u8log_WriteString), (24 bytes).
    Removing u8log.o(i.u8log_clear_screen), (30 bytes).
    Removing u8log.o(i.u8log_cursor_on_screen), (94 bytes).
    Removing u8log.o(i.u8log_write_char), (122 bytes).
    Removing u8log_u8g2.o(i.u8g2_DrawLog), (98 bytes).
    Removing u8log_u8g2.o(i.u8log_u8g2_cb), (52 bytes).
    Removing u8log_u8x8.o(i.u8log_u8x8_cb), (48 bytes).
    Removing u8log_u8x8.o(i.u8x8_DrawLog), (48 bytes).
    Removing u8log_u8x8.o(i.u8x8_DrawLogLine), (54 bytes).
    Removing u8x8_8x8.o(i.u8x8_Draw1x2Glyph), (146 bytes).
    Removing u8x8_8x8.o(i.u8x8_Draw1x2String), (16 bytes).
    Removing u8x8_8x8.o(i.u8x8_Draw1x2UTF8), (16 bytes).
    Removing u8x8_8x8.o(i.u8x8_Draw2x2Glyph), (74 bytes).
    Removing u8x8_8x8.o(i.u8x8_Draw2x2String), (16 bytes).
    Removing u8x8_8x8.o(i.u8x8_Draw2x2UTF8), (16 bytes).
    Removing u8x8_8x8.o(i.u8x8_DrawGlyph), (90 bytes).
    Removing u8x8_8x8.o(i.u8x8_DrawString), (16 bytes).
    Removing u8x8_8x8.o(i.u8x8_DrawUTF8), (16 bytes).
    Removing u8x8_8x8.o(i.u8x8_GetUTF8Len), (50 bytes).
    Removing u8x8_8x8.o(i.u8x8_SetFont), (4 bytes).
    Removing u8x8_8x8.o(i.u8x8_draw_1x2_string), (80 bytes).
    Removing u8x8_8x8.o(i.u8x8_draw_2x2_string), (84 bytes).
    Removing u8x8_8x8.o(i.u8x8_draw_2x2_subglyph), (152 bytes).
    Removing u8x8_8x8.o(i.u8x8_draw_string), (80 bytes).
    Removing u8x8_8x8.o(i.u8x8_get_glyph_data), (106 bytes).
    Removing u8x8_8x8.o(i.u8x8_upscale_buf), (26 bytes).
    Removing u8x8_8x8.o(i.u8x8_upscale_byte), (36 bytes).
    Removing u8x8_8x8.o(i.u8x8_utf8_next), (144 bytes).
    Removing u8x8_byte.o(i.u8x8_byte_3wire_sw_spi), (256 bytes).
    Removing u8x8_byte.o(i.u8x8_byte_4wire_sw_spi), (234 bytes).
    Removing u8x8_byte.o(i.u8x8_byte_8bit_6800mode), (216 bytes).
    Removing u8x8_byte.o(i.u8x8_byte_8bit_8080mode), (216 bytes).
    Removing u8x8_byte.o(i.u8x8_byte_SendBytes), (16 bytes).
    Removing u8x8_byte.o(i.u8x8_byte_SetDC), (16 bytes).
    Removing u8x8_byte.o(i.u8x8_byte_empty), (4 bytes).
    Removing u8x8_byte.o(i.u8x8_byte_ks0108), (210 bytes).
    Removing u8x8_byte.o(i.u8x8_byte_sed1520), (220 bytes).
    Removing u8x8_byte.o(i.u8x8_byte_set_ks0108_cs), (46 bytes).
    Removing u8x8_byte.o(.data), (2 bytes).
    Removing u8x8_cad.o(i.u8x8_SendF), (18 bytes).
    Removing u8x8_cad.o(i.u8x8_cad_001), (82 bytes).
    Removing u8x8_cad.o(i.u8x8_cad_011), (86 bytes).
    Removing u8x8_cad.o(i.u8x8_cad_100), (86 bytes).
    Removing u8x8_cad.o(i.u8x8_cad_110), (82 bytes).
    Removing u8x8_cad.o(i.u8x8_cad_SendMultipleArg), (38 bytes).
    Removing u8x8_cad.o(i.u8x8_cad_empty), (44 bytes).
    Removing u8x8_cad.o(i.u8x8_cad_ld7032_i2c), (180 bytes).
    Removing u8x8_cad.o(i.u8x8_cad_ssd13xx_i2c), (122 bytes).
    Removing u8x8_cad.o(i.u8x8_cad_st75256_i2c), (132 bytes).
    Removing u8x8_cad.o(i.u8x8_cad_st7920_spi), (248 bytes).
    Removing u8x8_cad.o(i.u8x8_cad_uc1638_i2c), (280 bytes).
    Removing u8x8_cad.o(i.u8x8_cad_uc16xx_i2c), (240 bytes).
    Removing u8x8_cad.o(i.u8x8_cad_vsendf), (82 bytes).
    Removing u8x8_cad.o(i.u8x8_gu800_cad_110), (118 bytes).
    Removing u8x8_cad.o(.bss), (16 bytes).
    Removing u8x8_capture.o(i.u8x8_capture_get_pixel_1), (30 bytes).
    Removing u8x8_capture.o(i.u8x8_capture_get_pixel_2), (32 bytes).
    Removing u8x8_capture.o(i.u8x8_capture_write_pbm_buffer), (96 bytes).
    Removing u8x8_capture.o(i.u8x8_capture_write_pbm_pre), (52 bytes).
    Removing u8x8_capture.o(i.u8x8_capture_write_xbm_buffer), (192 bytes).
    Removing u8x8_capture.o(i.u8x8_capture_write_xbm_pre), (136 bytes).
    Removing u8x8_d_ssd1306_128x64_noname.o(i.u8x8_d_sh1106_128x64_noname), (60 bytes).
    Removing u8x8_d_ssd1306_128x64_noname.o(i.u8x8_d_sh1106_128x64_vcomh0), (60 bytes).
    Removing u8x8_d_ssd1306_128x64_noname.o(i.u8x8_d_sh1106_128x64_winstar), (60 bytes).
    Removing u8x8_d_ssd1306_128x64_noname.o(i.u8x8_d_ssd1306_128x64_alt0), (60 bytes).
    Removing u8x8_d_ssd1306_128x64_noname.o(i.u8x8_d_ssd1306_128x64_vcomh0), (60 bytes).
    Removing u8x8_d_ssd1306_128x64_noname.o(i.u8x8_d_ssd1312_128x64_noname), (88 bytes).
    Removing u8x8_debounce.o(i.u8x8_GetMenuEvent), (192 bytes).
    Removing u8x8_display.o(i.u8x8_ClearDisplay), (16 bytes).
    Removing u8x8_display.o(i.u8x8_ClearDisplayWithTile), (58 bytes).
    Removing u8x8_display.o(i.u8x8_ClearLine), (48 bytes).
    Removing u8x8_display.o(i.u8x8_FillDisplay), (28 bytes).
    Removing u8x8_display.o(i.u8x8_InitInterface), (32 bytes).
    Removing u8x8_display.o(i.u8x8_SetContrast), (16 bytes).
    Removing u8x8_display.o(i.u8x8_SetFlipMode), (16 bytes).
    Removing u8x8_fonts.o(.constdata), (1796 bytes).
    Removing u8x8_fonts.o(.constdata), (764 bytes).
    Removing u8x8_fonts.o(.constdata), (220 bytes).
    Removing u8x8_fonts.o(.constdata), (517 bytes).
    Removing u8x8_fonts.o(.constdata), (1796 bytes).
    Removing u8x8_fonts.o(.constdata), (764 bytes).
    Removing u8x8_fonts.o(.constdata), (220 bytes).
    Removing u8x8_fonts.o(.constdata), (1796 bytes).
    Removing u8x8_fonts.o(.constdata), (764 bytes).
    Removing u8x8_fonts.o(.constdata), (220 bytes).
    Removing u8x8_fonts.o(.constdata), (3588 bytes).
    Removing u8x8_fonts.o(.constdata), (1524 bytes).
    Removing u8x8_fonts.o(.constdata), (436 bytes).
    Removing u8x8_fonts.o(.constdata), (3588 bytes).
    Removing u8x8_fonts.o(.constdata), (1524 bytes).
    Removing u8x8_fonts.o(.constdata), (436 bytes).
    Removing u8x8_fonts.o(.constdata), (3588 bytes).
    Removing u8x8_fonts.o(.constdata), (1524 bytes).
    Removing u8x8_fonts.o(.constdata), (436 bytes).
    Removing u8x8_fonts.o(.constdata), (3588 bytes).
    Removing u8x8_fonts.o(.constdata), (1524 bytes).
    Removing u8x8_fonts.o(.constdata), (436 bytes).
    Removing u8x8_fonts.o(.constdata), (229 bytes).
    Removing u8x8_fonts.o(.constdata), (45 bytes).
    Removing u8x8_fonts.o(.constdata), (140 bytes).
    Removing u8x8_fonts.o(.constdata), (148 bytes).
    Removing u8x8_fonts.o(.constdata), (156 bytes).
    Removing u8x8_fonts.o(.constdata), (52 bytes).
    Removing u8x8_fonts.o(.constdata), (900 bytes).
    Removing u8x8_fonts.o(.constdata), (164 bytes).
    Removing u8x8_fonts.o(.constdata), (548 bytes).
    Removing u8x8_fonts.o(.constdata), (580 bytes).
    Removing u8x8_fonts.o(.constdata), (612 bytes).
    Removing u8x8_fonts.o(.constdata), (197 bytes).
    Removing u8x8_fonts.o(.constdata), (3588 bytes).
    Removing u8x8_fonts.o(.constdata), (644 bytes).
    Removing u8x8_fonts.o(.constdata), (2180 bytes).
    Removing u8x8_fonts.o(.constdata), (2308 bytes).
    Removing u8x8_fonts.o(.constdata), (2436 bytes).
    Removing u8x8_fonts.o(.constdata), (772 bytes).
    Removing u8x8_fonts.o(.constdata), (14340 bytes).
    Removing u8x8_fonts.o(.constdata), (2564 bytes).
    Removing u8x8_fonts.o(.constdata), (8708 bytes).
    Removing u8x8_fonts.o(.constdata), (9220 bytes).
    Removing u8x8_fonts.o(.constdata), (9732 bytes).
    Removing u8x8_fonts.o(.constdata), (3076 bytes).
    Removing u8x8_fonts.o(.constdata), (10756 bytes).
    Removing u8x8_fonts.o(.constdata), (4612 bytes).
    Removing u8x8_fonts.o(.constdata), (1300 bytes).
    Removing u8x8_fonts.o(.constdata), (772 bytes).
    Removing u8x8_fonts.o(.constdata), (220 bytes).
    Removing u8x8_fonts.o(.constdata), (517 bytes).
    Removing u8x8_fonts.o(.constdata), (764 bytes).
    Removing u8x8_fonts.o(.constdata), (220 bytes).
    Removing u8x8_fonts.o(.constdata), (517 bytes).
    Removing u8x8_fonts.o(.constdata), (772 bytes).
    Removing u8x8_fonts.o(.constdata), (220 bytes).
    Removing u8x8_fonts.o(.constdata), (517 bytes).
    Removing u8x8_fonts.o(.constdata), (220 bytes).
    Removing u8x8_fonts.o(.constdata), (517 bytes).
    Removing u8x8_fonts.o(.constdata), (772 bytes).
    Removing u8x8_fonts.o(.constdata), (220 bytes).
    Removing u8x8_fonts.o(.constdata), (517 bytes).
    Removing u8x8_fonts.o(.constdata), (772 bytes).
    Removing u8x8_fonts.o(.constdata), (220 bytes).
    Removing u8x8_fonts.o(.constdata), (517 bytes).
    Removing u8x8_fonts.o(.constdata), (772 bytes).
    Removing u8x8_fonts.o(.constdata), (220 bytes).
    Removing u8x8_fonts.o(.constdata), (517 bytes).
    Removing u8x8_fonts.o(.constdata), (10756 bytes).
    Removing u8x8_fonts.o(.constdata), (4564 bytes).
    Removing u8x8_fonts.o(.constdata), (1300 bytes).
    Removing u8x8_fonts.o(.constdata), (10756 bytes).
    Removing u8x8_fonts.o(.constdata), (4564 bytes).
    Removing u8x8_fonts.o(.constdata), (1300 bytes).
    Removing u8x8_fonts.o(.constdata), (21508 bytes).
    Removing u8x8_fonts.o(.constdata), (9124 bytes).
    Removing u8x8_fonts.o(.constdata), (2596 bytes).
    Removing u8x8_fonts.o(.constdata), (21508 bytes).
    Removing u8x8_fonts.o(.constdata), (9124 bytes).
    Removing u8x8_fonts.o(.constdata), (2596 bytes).
    Removing u8x8_fonts.o(.constdata), (7076 bytes).
    Removing u8x8_fonts.o(.constdata), (2916 bytes).
    Removing u8x8_fonts.o(.constdata), (868 bytes).
    Removing u8x8_fonts.o(.constdata), (7076 bytes).
    Removing u8x8_fonts.o(.constdata), (2916 bytes).
    Removing u8x8_fonts.o(.constdata), (868 bytes).
    Removing u8x8_fonts.o(.constdata), (14340 bytes).
    Removing u8x8_fonts.o(.constdata), (6084 bytes).
    Removing u8x8_fonts.o(.constdata), (1732 bytes).
    Removing u8x8_fonts.o(.constdata), (32260 bytes).
    Removing u8x8_fonts.o(.constdata), (13684 bytes).
    Removing u8x8_fonts.o(.constdata), (3892 bytes).
    Removing u8x8_fonts.o(.constdata), (24324 bytes).
    Removing u8x8_fonts.o(.constdata), (6916 bytes).
    Removing u8x8_fonts.o(.constdata), (14340 bytes).
    Removing u8x8_fonts.o(.constdata), (6084 bytes).
    Removing u8x8_fonts.o(.constdata), (1732 bytes).
    Removing u8x8_fonts.o(.constdata), (32260 bytes).
    Removing u8x8_fonts.o(.constdata), (13684 bytes).
    Removing u8x8_fonts.o(.constdata), (3892 bytes).
    Removing u8x8_fonts.o(.constdata), (24324 bytes).
    Removing u8x8_fonts.o(.constdata), (6916 bytes).
    Removing u8x8_fonts.o(.constdata), (1796 bytes).
    Removing u8x8_fonts.o(.constdata), (772 bytes).
    Removing u8x8_fonts.o(.constdata), (220 bytes).
    Removing u8x8_fonts.o(.constdata), (516 bytes).
    Removing u8x8_fonts.o(.constdata), (1796 bytes).
    Removing u8x8_fonts.o(.constdata), (772 bytes).
    Removing u8x8_fonts.o(.constdata), (220 bytes).
    Removing u8x8_fonts.o(.constdata), (517 bytes).
    Removing u8x8_fonts.o(.constdata), (1796 bytes).
    Removing u8x8_fonts.o(.constdata), (773 bytes).
    Removing u8x8_fonts.o(.constdata), (220 bytes).
    Removing u8x8_fonts.o(.constdata), (517 bytes).
    Removing u8x8_fonts.o(.constdata), (1796 bytes).
    Removing u8x8_fonts.o(.constdata), (772 bytes).
    Removing u8x8_fonts.o(.constdata), (220 bytes).
    Removing u8x8_fonts.o(.constdata), (517 bytes).
    Removing u8x8_fonts.o(.constdata), (1796 bytes).
    Removing u8x8_fonts.o(.constdata), (772 bytes).
    Removing u8x8_fonts.o(.constdata), (220 bytes).
    Removing u8x8_fonts.o(.constdata), (517 bytes).
    Removing u8x8_fonts.o(.constdata), (7172 bytes).
    Removing u8x8_fonts.o(.constdata), (3077 bytes).
    Removing u8x8_fonts.o(.constdata), (868 bytes).
    Removing u8x8_fonts.o(.constdata), (7172 bytes).
    Removing u8x8_fonts.o(.constdata), (3077 bytes).
    Removing u8x8_fonts.o(.constdata), (868 bytes).
    Removing u8x8_input_value.o(i.u8x8_UserInterfaceInputValue), (262 bytes).
    Removing u8x8_message.o(i.u8x8_UserInterfaceMessage), (240 bytes).
    Removing u8x8_message.o(i.u8x8_draw_button_line), (164 bytes).
    Removing u8x8_selection_list.o(i.u8sl_Next), (42 bytes).
    Removing u8x8_selection_list.o(i.u8sl_Prev), (40 bytes).
    Removing u8x8_selection_list.o(i.u8x8_DrawSelectionList), (44 bytes).
    Removing u8x8_selection_list.o(i.u8x8_UserInterfaceSelectionList), (192 bytes).
    Removing u8x8_selection_list.o(i.u8x8_sl_string_line_cb), (76 bytes).
    Removing u8x8_setup.o(i.u8x8_d_null_cb), (32 bytes).
    Removing u8x8_setup.o(.constdata), (24 bytes).
    Removing u8x8_string.o(i.u8x8_CopyStringLine), (40 bytes).
    Removing u8x8_string.o(i.u8x8_DrawUTF8Line), (116 bytes).
    Removing u8x8_string.o(i.u8x8_DrawUTF8Lines), (66 bytes).
    Removing u8x8_string.o(i.u8x8_GetStringLineCnt), (26 bytes).
    Removing u8x8_string.o(i.u8x8_GetStringLineStart), (36 bytes).
    Removing u8x8_u8toa.o(i.u8x8_u8toa), (24 bytes).
    Removing u8x8_u8toa.o(i.u8x8_u8toap), (44 bytes).
    Removing u8x8_u8toa.o(.constdata), (3 bytes).
    Removing u8x8_u8toa.o(.data), (4 bytes).
    Removing u8x8_u16toa.o(i.u8x8_u16toa), (24 bytes).
    Removing u8x8_u16toa.o(i.u8x8_u16toap), (46 bytes).
    Removing u8x8_u16toa.o(i.u8x8_utoa), (28 bytes).
    Removing u8x8_u16toa.o(.data), (6 bytes).

2739 unused section(s) (total 11327302 bytes) removed from the image.

==============================================================================

Image Symbol Table

    Local Symbols

    Symbol Name                              Value     Ov Type        Size  Object(Section)

    ../Core/Src/gpio.c                       0x00000000   Number         0  gpio.o ABSOLUTE
    ../Core/Src/i2c.c                        0x00000000   Number         0  i2c.o ABSOLUTE
    ../Core/Src/main.c                       0x00000000   Number         0  main.o ABSOLUTE
    ../Core/Src/stm32f4xx_hal_msp.c          0x00000000   Number         0  stm32f4xx_hal_msp.o ABSOLUTE
    ../Core/Src/stm32f4xx_it.c               0x00000000   Number         0  stm32f4xx_it.o ABSOLUTE
    ../Core/Src/system_stm32f4xx.c           0x00000000   Number         0  system_stm32f4xx.o ABSOLUTE
    ../Core/Src/usart.c                      0x00000000   Number         0  usart.o ABSOLUTE
    ../Drivers/STM32F4xx_HAL_Driver/Src/stm32f4xx_hal.c 0x00000000   Number         0  stm32f4xx_hal.o ABSOLUTE
    ../Drivers/STM32F4xx_HAL_Driver/Src/stm32f4xx_hal_cortex.c 0x00000000   Number         0  stm32f4xx_hal_cortex.o ABSOLUTE
    ../Drivers/STM32F4xx_HAL_Driver/Src/stm32f4xx_hal_dma.c 0x00000000   Number         0  stm32f4xx_hal_dma.o ABSOLUTE
    ../Drivers/STM32F4xx_HAL_Driver/Src/stm32f4xx_hal_dma_ex.c 0x00000000   Number         0  stm32f4xx_hal_dma_ex.o ABSOLUTE
    ../Drivers/STM32F4xx_HAL_Driver/Src/stm32f4xx_hal_exti.c 0x00000000   Number         0  stm32f4xx_hal_exti.o ABSOLUTE
    ../Drivers/STM32F4xx_HAL_Driver/Src/stm32f4xx_hal_flash.c 0x00000000   Number         0  stm32f4xx_hal_flash.o ABSOLUTE
    ../Drivers/STM32F4xx_HAL_Driver/Src/stm32f4xx_hal_flash_ex.c 0x00000000   Number         0  stm32f4xx_hal_flash_ex.o ABSOLUTE
    ../Drivers/STM32F4xx_HAL_Driver/Src/stm32f4xx_hal_flash_ramfunc.c 0x00000000   Number         0  stm32f4xx_hal_flash_ramfunc.o ABSOLUTE
    ../Drivers/STM32F4xx_HAL_Driver/Src/stm32f4xx_hal_gpio.c 0x00000000   Number         0  stm32f4xx_hal_gpio.o ABSOLUTE
    ../Drivers/STM32F4xx_HAL_Driver/Src/stm32f4xx_hal_i2c.c 0x00000000   Number         0  stm32f4xx_hal_i2c.o ABSOLUTE
    ../Drivers/STM32F4xx_HAL_Driver/Src/stm32f4xx_hal_i2c_ex.c 0x00000000   Number         0  stm32f4xx_hal_i2c_ex.o ABSOLUTE
    ../Drivers/STM32F4xx_HAL_Driver/Src/stm32f4xx_hal_pwr.c 0x00000000   Number         0  stm32f4xx_hal_pwr.o ABSOLUTE
    ../Drivers/STM32F4xx_HAL_Driver/Src/stm32f4xx_hal_pwr_ex.c 0x00000000   Number         0  stm32f4xx_hal_pwr_ex.o ABSOLUTE
    ../Drivers/STM32F4xx_HAL_Driver/Src/stm32f4xx_hal_rcc.c 0x00000000   Number         0  stm32f4xx_hal_rcc.o ABSOLUTE
    ../Drivers/STM32F4xx_HAL_Driver/Src/stm32f4xx_hal_rcc_ex.c 0x00000000   Number         0  stm32f4xx_hal_rcc_ex.o ABSOLUTE
    ../Drivers/STM32F4xx_HAL_Driver/Src/stm32f4xx_hal_tim.c 0x00000000   Number         0  stm32f4xx_hal_tim.o ABSOLUTE
    ../Drivers/STM32F4xx_HAL_Driver/Src/stm32f4xx_hal_tim_ex.c 0x00000000   Number         0  stm32f4xx_hal_tim_ex.o ABSOLUTE
    ../Drivers/STM32F4xx_HAL_Driver/Src/stm32f4xx_hal_uart.c 0x00000000   Number         0  stm32f4xx_hal_uart.o ABSOLUTE
    ../clib/microlib/division.c              0x00000000   Number         0  uldiv.o ABSOLUTE
    ../clib/microlib/init/entry.s            0x00000000   Number         0  entry8b.o ABSOLUTE
    ../clib/microlib/init/entry.s            0x00000000   Number         0  entry12b.o ABSOLUTE
    ../clib/microlib/init/entry.s            0x00000000   Number         0  entry12a.o ABSOLUTE
    ../clib/microlib/init/entry.s            0x00000000   Number         0  entry9b.o ABSOLUTE
    ../clib/microlib/init/entry.s            0x00000000   Number         0  entry5.o ABSOLUTE
    ../clib/microlib/init/entry.s            0x00000000   Number         0  entry9a.o ABSOLUTE
    ../clib/microlib/init/entry.s            0x00000000   Number         0  entry.o ABSOLUTE
    ../clib/microlib/init/entry.s            0x00000000   Number         0  entry10b.o ABSOLUTE
    ../clib/microlib/init/entry.s            0x00000000   Number         0  entry11a.o ABSOLUTE
    ../clib/microlib/init/entry.s            0x00000000   Number         0  entry10a.o ABSOLUTE
    ../clib/microlib/init/entry.s            0x00000000   Number         0  entry7a.o ABSOLUTE
    ../clib/microlib/init/entry.s            0x00000000   Number         0  entry7b.o ABSOLUTE
    ../clib/microlib/init/entry.s            0x00000000   Number         0  entry8a.o ABSOLUTE
    ../clib/microlib/init/entry.s            0x00000000   Number         0  entry11b.o ABSOLUTE
    ../clib/microlib/init/entry.s            0x00000000   Number         0  entry2.o ABSOLUTE
    ../clib/microlib/longlong.c              0x00000000   Number         0  llushr.o ABSOLUTE
    ../clib/microlib/longlong.c              0x00000000   Number         0  llshl.o ABSOLUTE
    ../clib/microlib/string/memset.c         0x00000000   Number         0  memseta.o ABSOLUTE
    ..\Core\Src\gpio.c                       0x00000000   Number         0  gpio.o ABSOLUTE
    ..\Core\Src\i2c.c                        0x00000000   Number         0  i2c.o ABSOLUTE
    ..\Core\Src\main.c                       0x00000000   Number         0  main.o ABSOLUTE
    ..\Core\Src\oled.c                       0x00000000   Number         0  oled.o ABSOLUTE
    ..\Core\Src\stm32f4xx_hal_msp.c          0x00000000   Number         0  stm32f4xx_hal_msp.o ABSOLUTE
    ..\Core\Src\stm32f4xx_it.c               0x00000000   Number         0  stm32f4xx_it.o ABSOLUTE
    ..\Core\Src\system_stm32f4xx.c           0x00000000   Number         0  system_stm32f4xx.o ABSOLUTE
    ..\Core\Src\usart.c                      0x00000000   Number         0  usart.o ABSOLUTE
    ..\Drivers\STM32F4xx_HAL_Driver\Src\stm32f4xx_hal.c 0x00000000   Number         0  stm32f4xx_hal.o ABSOLUTE
    ..\Drivers\STM32F4xx_HAL_Driver\Src\stm32f4xx_hal_cortex.c 0x00000000   Number         0  stm32f4xx_hal_cortex.o ABSOLUTE
    ..\Drivers\STM32F4xx_HAL_Driver\Src\stm32f4xx_hal_dma.c 0x00000000   Number         0  stm32f4xx_hal_dma.o ABSOLUTE
    ..\Drivers\STM32F4xx_HAL_Driver\Src\stm32f4xx_hal_dma_ex.c 0x00000000   Number         0  stm32f4xx_hal_dma_ex.o ABSOLUTE
    ..\Drivers\STM32F4xx_HAL_Driver\Src\stm32f4xx_hal_exti.c 0x00000000   Number         0  stm32f4xx_hal_exti.o ABSOLUTE
    ..\Drivers\STM32F4xx_HAL_Driver\Src\stm32f4xx_hal_flash.c 0x00000000   Number         0  stm32f4xx_hal_flash.o ABSOLUTE
    ..\Drivers\STM32F4xx_HAL_Driver\Src\stm32f4xx_hal_flash_ex.c 0x00000000   Number         0  stm32f4xx_hal_flash_ex.o ABSOLUTE
    ..\Drivers\STM32F4xx_HAL_Driver\Src\stm32f4xx_hal_flash_ramfunc.c 0x00000000   Number         0  stm32f4xx_hal_flash_ramfunc.o ABSOLUTE
    ..\Drivers\STM32F4xx_HAL_Driver\Src\stm32f4xx_hal_gpio.c 0x00000000   Number         0  stm32f4xx_hal_gpio.o ABSOLUTE
    ..\Drivers\STM32F4xx_HAL_Driver\Src\stm32f4xx_hal_i2c.c 0x00000000   Number         0  stm32f4xx_hal_i2c.o ABSOLUTE
    ..\Drivers\STM32F4xx_HAL_Driver\Src\stm32f4xx_hal_i2c_ex.c 0x00000000   Number         0  stm32f4xx_hal_i2c_ex.o ABSOLUTE
    ..\Drivers\STM32F4xx_HAL_Driver\Src\stm32f4xx_hal_pwr.c 0x00000000   Number         0  stm32f4xx_hal_pwr.o ABSOLUTE
    ..\Drivers\STM32F4xx_HAL_Driver\Src\stm32f4xx_hal_pwr_ex.c 0x00000000   Number         0  stm32f4xx_hal_pwr_ex.o ABSOLUTE
    ..\Drivers\STM32F4xx_HAL_Driver\Src\stm32f4xx_hal_rcc.c 0x00000000   Number         0  stm32f4xx_hal_rcc.o ABSOLUTE
    ..\Drivers\STM32F4xx_HAL_Driver\Src\stm32f4xx_hal_rcc_ex.c 0x00000000   Number         0  stm32f4xx_hal_rcc_ex.o ABSOLUTE
    ..\Drivers\STM32F4xx_HAL_Driver\Src\stm32f4xx_hal_tim.c 0x00000000   Number         0  stm32f4xx_hal_tim.o ABSOLUTE
    ..\Drivers\STM32F4xx_HAL_Driver\Src\stm32f4xx_hal_tim_ex.c 0x00000000   Number         0  stm32f4xx_hal_tim_ex.o ABSOLUTE
    ..\Drivers\STM32F4xx_HAL_Driver\Src\stm32f4xx_hal_uart.c 0x00000000   Number         0  stm32f4xx_hal_uart.o ABSOLUTE
    ..\\Core\\Src\\oled.c                    0x00000000   Number         0  oled.o ABSOLUTE
    ..\u8g2\csrc\mui.c                       0x00000000   Number         0  mui.o ABSOLUTE
    ..\u8g2\csrc\mui_u8g2.c                  0x00000000   Number         0  mui_u8g2.o ABSOLUTE
    ..\u8g2\csrc\u8g2_bitmap.c               0x00000000   Number         0  u8g2_bitmap.o ABSOLUTE
    ..\u8g2\csrc\u8g2_box.c                  0x00000000   Number         0  u8g2_box.o ABSOLUTE
    ..\u8g2\csrc\u8g2_buffer.c               0x00000000   Number         0  u8g2_buffer.o ABSOLUTE
    ..\u8g2\csrc\u8g2_button.c               0x00000000   Number         0  u8g2_button.o ABSOLUTE
    ..\u8g2\csrc\u8g2_circle.c               0x00000000   Number         0  u8g2_circle.o ABSOLUTE
    ..\u8g2\csrc\u8g2_cleardisplay.c         0x00000000   Number         0  u8g2_cleardisplay.o ABSOLUTE
    ..\u8g2\csrc\u8g2_d_memory.c             0x00000000   Number         0  u8g2_d_memory.o ABSOLUTE
    ..\u8g2\csrc\u8g2_d_setup.c              0x00000000   Number         0  u8g2_d_setup.o ABSOLUTE
    ..\u8g2\csrc\u8g2_font.c                 0x00000000   Number         0  u8g2_font.o ABSOLUTE
    ..\u8g2\csrc\u8g2_fonts.c                0x00000000   Number         0  u8g2_fonts.o ABSOLUTE
    ..\u8g2\csrc\u8g2_hvline.c               0x00000000   Number         0  u8g2_hvline.o ABSOLUTE
    ..\u8g2\csrc\u8g2_input_value.c          0x00000000   Number         0  u8g2_input_value.o ABSOLUTE
    ..\u8g2\csrc\u8g2_intersection.c         0x00000000   Number         0  u8g2_intersection.o ABSOLUTE
    ..\u8g2\csrc\u8g2_kerning.c              0x00000000   Number         0  u8g2_kerning.o ABSOLUTE
    ..\u8g2\csrc\u8g2_line.c                 0x00000000   Number         0  u8g2_line.o ABSOLUTE
    ..\u8g2\csrc\u8g2_ll_hvline.c            0x00000000   Number         0  u8g2_ll_hvline.o ABSOLUTE
    ..\u8g2\csrc\u8g2_message.c              0x00000000   Number         0  u8g2_message.o ABSOLUTE
    ..\u8g2\csrc\u8g2_polygon.c              0x00000000   Number         0  u8g2_polygon.o ABSOLUTE
    ..\u8g2\csrc\u8g2_selection_list.c       0x00000000   Number         0  u8g2_selection_list.o ABSOLUTE
    ..\u8g2\csrc\u8g2_setup.c                0x00000000   Number         0  u8g2_setup.o ABSOLUTE
    ..\u8g2\csrc\u8log.c                     0x00000000   Number         0  u8log.o ABSOLUTE
    ..\u8g2\csrc\u8log_u8g2.c                0x00000000   Number         0  u8log_u8g2.o ABSOLUTE
    ..\u8g2\csrc\u8log_u8x8.c                0x00000000   Number         0  u8log_u8x8.o ABSOLUTE
    ..\u8g2\csrc\u8x8_8x8.c                  0x00000000   Number         0  u8x8_8x8.o ABSOLUTE
    ..\u8g2\csrc\u8x8_byte.c                 0x00000000   Number         0  u8x8_byte.o ABSOLUTE
    ..\u8g2\csrc\u8x8_cad.c                  0x00000000   Number         0  u8x8_cad.o ABSOLUTE
    ..\u8g2\csrc\u8x8_capture.c              0x00000000   Number         0  u8x8_capture.o ABSOLUTE
    ..\u8g2\csrc\u8x8_d_ssd1306_128x64_noname.c 0x00000000   Number         0  u8x8_d_ssd1306_128x64_noname.o ABSOLUTE
    ..\u8g2\csrc\u8x8_debounce.c             0x00000000   Number         0  u8x8_debounce.o ABSOLUTE
    ..\u8g2\csrc\u8x8_display.c              0x00000000   Number         0  u8x8_display.o ABSOLUTE
    ..\u8g2\csrc\u8x8_fonts.c                0x00000000   Number         0  u8x8_fonts.o ABSOLUTE
    ..\u8g2\csrc\u8x8_gpio.c                 0x00000000   Number         0  u8x8_gpio.o ABSOLUTE
    ..\u8g2\csrc\u8x8_input_value.c          0x00000000   Number         0  u8x8_input_value.o ABSOLUTE
    ..\u8g2\csrc\u8x8_message.c              0x00000000   Number         0  u8x8_message.o ABSOLUTE
    ..\u8g2\csrc\u8x8_selection_list.c       0x00000000   Number         0  u8x8_selection_list.o ABSOLUTE
    ..\u8g2\csrc\u8x8_setup.c                0x00000000   Number         0  u8x8_setup.o ABSOLUTE
    ..\u8g2\csrc\u8x8_string.c               0x00000000   Number         0  u8x8_string.o ABSOLUTE
    ..\u8g2\csrc\u8x8_u16toa.c               0x00000000   Number         0  u8x8_u16toa.o ABSOLUTE
    ..\u8g2\csrc\u8x8_u8toa.c                0x00000000   Number         0  u8x8_u8toa.o ABSOLUTE
    dc.s                                     0x00000000   Number         0  dc.o ABSOLUTE
    handlers.s                               0x00000000   Number         0  handlers.o ABSOLUTE
    init.s                                   0x00000000   Number         0  init.o ABSOLUTE
    startup_stm32f411xe.s                    0x00000000   Number         0  startup_stm32f411xe.o ABSOLUTE
    RESET                                    0x08000000   Section      408  startup_stm32f411xe.o(RESET)
    .ARM.Collect$$$$00000000                 0x08000198   Section        0  entry.o(.ARM.Collect$$$$00000000)
    .ARM.Collect$$$$00000001                 0x08000198   Section        4  entry2.o(.ARM.Collect$$$$00000001)
    .ARM.Collect$$$$00000004                 0x0800019c   Section        4  entry5.o(.ARM.Collect$$$$00000004)
    .ARM.Collect$$$$00000008                 0x080001a0   Section        0  entry7b.o(.ARM.Collect$$$$00000008)
    .ARM.Collect$$$$0000000A                 0x080001a0   Section        0  entry8b.o(.ARM.Collect$$$$0000000A)
    .ARM.Collect$$$$0000000B                 0x080001a0   Section        8  entry9a.o(.ARM.Collect$$$$0000000B)
    .ARM.Collect$$$$0000000E                 0x080001a8   Section        4  entry12b.o(.ARM.Collect$$$$0000000E)
    .ARM.Collect$$$$0000000F                 0x080001ac   Section        0  entry10a.o(.ARM.Collect$$$$0000000F)
    .ARM.Collect$$$$00000011                 0x080001ac   Section        0  entry11a.o(.ARM.Collect$$$$00000011)
    .ARM.Collect$$$$00002712                 0x080001ac   Section        4  entry2.o(.ARM.Collect$$$$00002712)
    __lit__00000000                          0x080001ac   Data           4  entry2.o(.ARM.Collect$$$$00002712)
    .text                                    0x080001b0   Section       36  startup_stm32f411xe.o(.text)
    $v0                                      0x080001b0   Number         0  startup_stm32f411xe.o(.text)
    .text                                    0x080001d4   Section        0  uldiv.o(.text)
    .text                                    0x08000236   Section        0  memseta.o(.text)
    .text                                    0x0800025a   Section        0  llshl.o(.text)
    .text                                    0x08000278   Section        0  llushr.o(.text)
    .text                                    0x08000298   Section       36  init.o(.text)
    i.BusFault_Handler                       0x080002bc   Section        0  stm32f4xx_it.o(i.BusFault_Handler)
    i.DebugMon_Handler                       0x080002be   Section        0  stm32f4xx_it.o(i.DebugMon_Handler)
    i.Error_Handler                          0x080002c0   Section        0  main.o(i.Error_Handler)
    i.HAL_Delay                              0x080002c4   Section        0  stm32f4xx_hal.o(i.HAL_Delay)
    i.HAL_GPIO_Init                          0x080002e8   Section        0  stm32f4xx_hal_gpio.o(i.HAL_GPIO_Init)
    i.HAL_GPIO_WritePin                      0x0800047c   Section        0  stm32f4xx_hal_gpio.o(i.HAL_GPIO_WritePin)
    i.HAL_GetTick                            0x08000488   Section        0  stm32f4xx_hal.o(i.HAL_GetTick)
    i.HAL_IncTick                            0x08000494   Section        0  stm32f4xx_hal.o(i.HAL_IncTick)
    i.HAL_Init                               0x080004a4   Section        0  stm32f4xx_hal.o(i.HAL_Init)
    i.HAL_InitTick                           0x080004d8   Section        0  stm32f4xx_hal.o(i.HAL_InitTick)
    i.HAL_MspInit                            0x08000518   Section        0  stm32f4xx_hal_msp.o(i.HAL_MspInit)
    i.HAL_NVIC_SetPriority                   0x08000548   Section        0  stm32f4xx_hal_cortex.o(i.HAL_NVIC_SetPriority)
    i.HAL_NVIC_SetPriorityGrouping           0x08000588   Section        0  stm32f4xx_hal_cortex.o(i.HAL_NVIC_SetPriorityGrouping)
    i.HAL_RCC_ClockConfig                    0x080005ac   Section        0  stm32f4xx_hal_rcc.o(i.HAL_RCC_ClockConfig)
    i.HAL_RCC_GetPCLK1Freq                   0x080006e0   Section        0  stm32f4xx_hal_rcc.o(i.HAL_RCC_GetPCLK1Freq)
    i.HAL_RCC_GetPCLK2Freq                   0x08000700   Section        0  stm32f4xx_hal_rcc.o(i.HAL_RCC_GetPCLK2Freq)
    i.HAL_RCC_GetSysClockFreq                0x08000720   Section        0  stm32f4xx_hal_rcc.o(i.HAL_RCC_GetSysClockFreq)
    i.HAL_RCC_OscConfig                      0x08000784   Section        0  stm32f4xx_hal_rcc.o(i.HAL_RCC_OscConfig)
    i.HAL_SYSTICK_Config                     0x08000ae0   Section        0  stm32f4xx_hal_cortex.o(i.HAL_SYSTICK_Config)
    i.HAL_UART_Init                          0x08000b08   Section        0  stm32f4xx_hal_uart.o(i.HAL_UART_Init)
    i.HAL_UART_MspInit                       0x08000b6c   Section        0  usart.o(i.HAL_UART_MspInit)
    i.HardFault_Handler                      0x08000bd8   Section        0  stm32f4xx_it.o(i.HardFault_Handler)
    i.MX_GPIO_Init                           0x08000bdc   Section        0  gpio.o(i.MX_GPIO_Init)
    i.MX_USART1_UART_Init                    0x08000c6c   Section        0  usart.o(i.MX_USART1_UART_Init)
    i.MemManage_Handler                      0x08000ca4   Section        0  stm32f4xx_it.o(i.MemManage_Handler)
    i.NMI_Handler                            0x08000ca6   Section        0  stm32f4xx_it.o(i.NMI_Handler)
    i.PendSV_Handler                         0x08000ca8   Section        0  stm32f4xx_it.o(i.PendSV_Handler)
    i.SVC_Handler                            0x08000caa   Section        0  stm32f4xx_it.o(i.SVC_Handler)
    i.SysTick_Handler                        0x08000cac   Section        0  stm32f4xx_it.o(i.SysTick_Handler)
    i.SystemClock_Config                     0x08000cb0   Section        0  main.o(i.SystemClock_Config)
    i.SystemInit                             0x08000d40   Section        0  system_stm32f4xx.o(i.SystemInit)
    i.UART_SetConfig                         0x08000d5c   Section        0  stm32f4xx_hal_uart.o(i.UART_SetConfig)
    UART_SetConfig                           0x08000d5d   Thumb Code   286  stm32f4xx_hal_uart.o(i.UART_SetConfig)
    i.USER_GPIO_Init                         0x08000e84   Section        0  gpio.o(i.USER_GPIO_Init)
    i.UsageFault_Handler                     0x08000ec4   Section        0  stm32f4xx_it.o(i.UsageFault_Handler)
    i.__NVIC_SetPriority                     0x08000ec6   Section        0  stm32f4xx_hal_cortex.o(i.__NVIC_SetPriority)
    __NVIC_SetPriority                       0x08000ec7   Thumb Code    32  stm32f4xx_hal_cortex.o(i.__NVIC_SetPriority)
    i.__scatterload_copy                     0x08000ee6   Section       14  handlers.o(i.__scatterload_copy)
    i.__scatterload_null                     0x08000ef4   Section        2  handlers.o(i.__scatterload_null)
    i.__scatterload_zeroinit                 0x08000ef6   Section       14  handlers.o(i.__scatterload_zeroinit)
    i.delay_us                               0x08000f04   Section        0  main.o(i.delay_us)
    i.draw                                   0x08000f14   Section        0  main.o(i.draw)
    i.i2c_clear_scl                          0x08001000   Section        0  u8x8_byte.o(i.i2c_clear_scl)
    i2c_clear_scl                            0x08001001   Thumb Code     8  u8x8_byte.o(i.i2c_clear_scl)
    i.i2c_clear_sda                          0x08001008   Section        0  u8x8_byte.o(i.i2c_clear_sda)
    i2c_clear_sda                            0x08001009   Thumb Code     8  u8x8_byte.o(i.i2c_clear_sda)
    i.i2c_delay                              0x08001010   Section        0  u8x8_byte.o(i.i2c_delay)
    i2c_delay                                0x08001011   Thumb Code    10  u8x8_byte.o(i.i2c_delay)
    i.i2c_read_scl_and_delay                 0x0800101a   Section        0  u8x8_byte.o(i.i2c_read_scl_and_delay)
    i2c_read_scl_and_delay                   0x0800101b   Thumb Code    22  u8x8_byte.o(i.i2c_read_scl_and_delay)
    i.i2c_read_sda                           0x08001030   Section        0  u8x8_byte.o(i.i2c_read_sda)
    i2c_read_sda                             0x08001031   Thumb Code     8  u8x8_byte.o(i.i2c_read_sda)
    i.i2c_write_bit                          0x08001038   Section        0  u8x8_byte.o(i.i2c_write_bit)
    i2c_write_bit                            0x08001039   Thumb Code    38  u8x8_byte.o(i.i2c_write_bit)
    i.i2c_write_byte                         0x0800105e   Section        0  u8x8_byte.o(i.i2c_write_byte)
    i2c_write_byte                           0x0800105f   Thumb Code   124  u8x8_byte.o(i.i2c_write_byte)
    i.main                                   0x080010da   Section        0  main.o(i.main)
    i.u8g2Init                               0x08001110   Section        0  main.o(i.u8g2Init)
    i.u8g2_ClearBuffer                       0x08001144   Section        0  u8g2_buffer.o(i.u8g2_ClearBuffer)
    i.u8g2_DrawGlyph                         0x08001158   Section        0  u8g2_font.o(i.u8g2_DrawGlyph)
    i.u8g2_DrawHLine                         0x080011c8   Section        0  u8g2_hvline.o(i.u8g2_DrawHLine)
    i.u8g2_DrawHVLine                        0x080011d4   Section        0  u8g2_hvline.o(i.u8g2_DrawHVLine)
    i.u8g2_DrawStr                           0x08001280   Section        0  u8g2_font.o(i.u8g2_DrawStr)
    i.u8g2_DrawVLine                         0x08001290   Section        0  u8g2_hvline.o(i.u8g2_DrawVLine)
    i.u8g2_FirstPage                         0x0800129c   Section        0  u8g2_buffer.o(i.u8g2_FirstPage)
    i.u8g2_IsIntersection                    0x080012b8   Section        0  u8g2_intersection.o(i.u8g2_IsIntersection)
    i.u8g2_NextPage                          0x080012e8   Section        0  u8g2_buffer.o(i.u8g2_NextPage)
    i.u8g2_SetBufferCurrTileRow              0x08001326   Section        0  u8g2_buffer.o(i.u8g2_SetBufferCurrTileRow)
    i.u8g2_SetFont                           0x08001342   Section        0  u8g2_font.o(i.u8g2_SetFont)
    i.u8g2_SetFontDirection                  0x08001362   Section        0  u8g2_font.o(i.u8g2_SetFontDirection)
    i.u8g2_SetFontMode                       0x08001368   Section        0  u8g2_font.o(i.u8g2_SetFontMode)
    i.u8g2_SetFontPosBaseline                0x08001370   Section        0  u8g2_font.o(i.u8g2_SetFontPosBaseline)
    i.u8g2_SetMaxClipWindow                  0x0800137c   Section        0  u8g2_setup.o(i.u8g2_SetMaxClipWindow)
    i.u8g2_SetupBuffer                       0x08001398   Section        0  u8g2_setup.o(i.u8g2_SetupBuffer)
    i.u8g2_Setup_ssd1306_i2c_128x64_noname_f 0x080013dc   Section        0  u8g2_d_setup.o(i.u8g2_Setup_ssd1306_i2c_128x64_noname_f)
    i.u8g2_UpdateRefHeight                   0x08001414   Section        0  u8g2_font.o(i.u8g2_UpdateRefHeight)
    i.u8g2_add_vector_x                      0x08001466   Section        0  u8g2_font.o(i.u8g2_add_vector_x)
    i.u8g2_add_vector_y                      0x08001482   Section        0  u8g2_font.o(i.u8g2_add_vector_y)
    i.u8g2_apply_clip_window                 0x0800149e   Section        0  u8g2_setup.o(i.u8g2_apply_clip_window)
    u8g2_apply_clip_window                   0x0800149f   Thumb Code   110  u8g2_setup.o(i.u8g2_apply_clip_window)
    i.u8g2_clip_intersection2                0x0800150c   Section        0  u8g2_hvline.o(i.u8g2_clip_intersection2)
    u8g2_clip_intersection2                  0x0800150d   Thumb Code    60  u8g2_hvline.o(i.u8g2_clip_intersection2)
    i.u8g2_draw_hv_line_2dir                 0x08001548   Section        0  u8g2_hvline.o(i.u8g2_draw_hv_line_2dir)
    i.u8g2_draw_l90_r0                       0x0800155a   Section        0  u8g2_setup.o(i.u8g2_draw_l90_r0)
    i.u8g2_draw_string                       0x08001566   Section        0  u8g2_font.o(i.u8g2_draw_string)
    u8g2_draw_string                         0x08001567   Thumb Code   118  u8g2_font.o(i.u8g2_draw_string)
    i.u8g2_font_calc_vref_font               0x080015dc   Section        0  u8g2_font.o(i.u8g2_font_calc_vref_font)
    i.u8g2_font_decode_get_signed_bits       0x080015e0   Section        0  u8g2_font.o(i.u8g2_font_decode_get_signed_bits)
    i.u8g2_font_decode_get_unsigned_bits     0x080015f4   Section        0  u8g2_font.o(i.u8g2_font_decode_get_unsigned_bits)
    i.u8g2_font_decode_glyph                 0x08001628   Section        0  u8g2_font.o(i.u8g2_font_decode_glyph)
    i.u8g2_font_decode_len                   0x0800173c   Section        0  u8g2_font.o(i.u8g2_font_decode_len)
    i.u8g2_font_get_glyph_data               0x080017c8   Section        0  u8g2_font.o(i.u8g2_font_get_glyph_data)
    i.u8g2_font_get_word                     0x0800183a   Section        0  u8g2_font.o(i.u8g2_font_get_word)
    u8g2_font_get_word                       0x0800183b   Thumb Code    20  u8g2_font.o(i.u8g2_font_get_word)
    i.u8g2_font_setup_decode                 0x0800184e   Section        0  u8g2_font.o(i.u8g2_font_setup_decode)
    u8g2_font_setup_decode                   0x0800184f   Thumb Code    52  u8g2_font.o(i.u8g2_font_setup_decode)
    i.u8g2_is_intersection_decision_tree     0x08001882   Section        0  u8g2_intersection.o(i.u8g2_is_intersection_decision_tree)
    i.u8g2_ll_hvline_vertical_top_lsb        0x0800189c   Section        0  u8g2_ll_hvline.o(i.u8g2_ll_hvline_vertical_top_lsb)
    i.u8g2_m_16_8_f                          0x0800192c   Section        0  u8g2_d_memory.o(i.u8g2_m_16_8_f)
    i.u8g2_read_font_info                    0x08001938   Section        0  u8g2_font.o(i.u8g2_read_font_info)
    i.u8g2_send_buffer                       0x080019a2   Section        0  u8g2_buffer.o(i.u8g2_send_buffer)
    u8g2_send_buffer                         0x080019a3   Thumb Code    78  u8g2_buffer.o(i.u8g2_send_buffer)
    i.u8g2_update_dimension_common           0x080019f0   Section        0  u8g2_setup.o(i.u8g2_update_dimension_common)
    u8g2_update_dimension_common             0x080019f1   Thumb Code    70  u8g2_setup.o(i.u8g2_update_dimension_common)
    i.u8g2_update_dimension_r0               0x08001a36   Section        0  u8g2_setup.o(i.u8g2_update_dimension_r0)
    i.u8g2_update_page_win_r0                0x08001a3a   Section        0  u8g2_setup.o(i.u8g2_update_page_win_r0)
    i.u8x8_DrawTile                          0x08001a5c   Section        0  u8x8_display.o(i.u8x8_DrawTile)
    i.u8x8_InitDisplay                       0x08001a7a   Section        0  u8x8_display.o(i.u8x8_InitDisplay)
    i.u8x8_RefreshDisplay                    0x08001a8a   Section        0  u8x8_display.o(i.u8x8_RefreshDisplay)
    i.u8x8_SetPowerSave                      0x08001a9a   Section        0  u8x8_display.o(i.u8x8_SetPowerSave)
    i.u8x8_Setup                             0x08001aaa   Section        0  u8x8_setup.o(i.u8x8_Setup)
    i.u8x8_SetupDefaults                     0x08001acc   Section        0  u8x8_setup.o(i.u8x8_SetupDefaults)
    i.u8x8_SetupMemory                       0x08001af0   Section        0  u8x8_display.o(i.u8x8_SetupMemory)
    i.u8x8_ascii_next                        0x08001b00   Section        0  u8x8_8x8.o(i.u8x8_ascii_next)
    i.u8x8_byte_EndTransfer                  0x08001b0e   Section        0  u8x8_byte.o(i.u8x8_byte_EndTransfer)
    i.u8x8_byte_SendByte                     0x08001b1e   Section        0  u8x8_byte.o(i.u8x8_byte_SendByte)
    i.u8x8_byte_StartTransfer                0x08001b2c   Section        0  u8x8_byte.o(i.u8x8_byte_StartTransfer)
    i.u8x8_byte_sw_i2c                       0x08001b3c   Section        0  u8x8_byte.o(i.u8x8_byte_sw_i2c)
    i.u8x8_cad_EndTransfer                   0x08001bf8   Section        0  u8x8_cad.o(i.u8x8_cad_EndTransfer)
    i.u8x8_cad_SendArg                       0x08001c08   Section        0  u8x8_cad.o(i.u8x8_cad_SendArg)
    i.u8x8_cad_SendCmd                       0x08001c18   Section        0  u8x8_cad.o(i.u8x8_cad_SendCmd)
    i.u8x8_cad_SendData                      0x08001c28   Section        0  u8x8_cad.o(i.u8x8_cad_SendData)
    i.u8x8_cad_SendSequence                  0x08001c38   Section        0  u8x8_cad.o(i.u8x8_cad_SendSequence)
    i.u8x8_cad_StartTransfer                 0x08001ca0   Section        0  u8x8_cad.o(i.u8x8_cad_StartTransfer)
    i.u8x8_cad_ssd13xx_fast_i2c              0x08001cb0   Section        0  u8x8_cad.o(i.u8x8_cad_ssd13xx_fast_i2c)
    i.u8x8_d_helper_display_init             0x08001d6c   Section        0  u8x8_display.o(i.u8x8_d_helper_display_init)
    i.u8x8_d_helper_display_setup_memory     0x08001dcc   Section        0  u8x8_display.o(i.u8x8_d_helper_display_setup_memory)
    i.u8x8_d_ssd1306_128x64_noname           0x08001dd8   Section        0  u8x8_d_ssd1306_128x64_noname.o(i.u8x8_d_ssd1306_128x64_noname)
    i.u8x8_d_ssd1306_sh1106_generic          0x08001e14   Section        0  u8x8_d_ssd1306_128x64_noname.o(i.u8x8_d_ssd1306_sh1106_generic)
    u8x8_d_ssd1306_sh1106_generic            0x08001e15   Thumb Code   196  u8x8_d_ssd1306_128x64_noname.o(i.u8x8_d_ssd1306_sh1106_generic)
    i.u8x8_dummy_cb                          0x08001edc   Section        0  u8x8_setup.o(i.u8x8_dummy_cb)
    i.u8x8_gpio_and_delay                    0x08001ee0   Section        0  main.o(i.u8x8_gpio_and_delay)
    i.u8x8_gpio_call                         0x08001f70   Section        0  u8x8_gpio.o(i.u8x8_gpio_call)
    i.u8x8_i2c_data_transfer                 0x08001f7c   Section        0  u8x8_cad.o(i.u8x8_i2c_data_transfer)
    u8x8_i2c_data_transfer                   0x08001f7d   Thumb Code    44  u8x8_cad.o(i.u8x8_i2c_data_transfer)
    i.u8x8_utf8_init                         0x08001fa8   Section        0  u8x8_8x8.o(i.u8x8_utf8_init)
    .constdata                               0x08001fb0   Section       16  system_stm32f4xx.o(.constdata)
    .constdata                               0x08001fc0   Section        8  system_stm32f4xx.o(.constdata)
    .constdata                               0x08001fc8   Section      723  u8g2_fonts.o(.constdata)
    .constdata                               0x0800229b   Section     8824  u8g2_fonts.o(.constdata)
    .constdata                               0x08004513   Section      805  u8g2_fonts.o(.constdata)
    .constdata                               0x08004838   Section       12  u8g2_setup.o(.constdata)
    .constdata                               0x08004844   Section      344  u8x8_d_ssd1306_128x64_noname.o(.constdata)
    u8x8_d_ssd1306_128x64_noname_powersave0_seq 0x08004844   Data           5  u8x8_d_ssd1306_128x64_noname.o(.constdata)
    u8x8_d_ssd1306_128x64_noname_powersave1_seq 0x08004849   Data           5  u8x8_d_ssd1306_128x64_noname.o(.constdata)
    u8x8_d_ssd1306_128x64_noname_flip0_seq   0x0800484e   Data           7  u8x8_d_ssd1306_128x64_noname.o(.constdata)
    u8x8_d_ssd1306_128x64_noname_flip1_seq   0x08004855   Data           7  u8x8_d_ssd1306_128x64_noname.o(.constdata)
    u8x8_d_ssd1312_128x64_noname_flip0_seq   0x0800485c   Data           7  u8x8_d_ssd1306_128x64_noname.o(.constdata)
    u8x8_d_ssd1312_128x64_noname_flip1_seq   0x08004863   Data           7  u8x8_d_ssd1306_128x64_noname.o(.constdata)
    u8x8_d_ssd1306_128x64_noname_init_seq    0x0800486a   Data          53  u8x8_d_ssd1306_128x64_noname.o(.constdata)
    u8x8_d_ssd1306_128x64_vcomh0_init_seq    0x0800489f   Data          53  u8x8_d_ssd1306_128x64_noname.o(.constdata)
    u8x8_d_ssd1306_128x64_alt0_init_seq      0x080048d4   Data          53  u8x8_d_ssd1306_128x64_noname.o(.constdata)
    u8x8_d_sh1106_128x64_winstar_init_seq    0x08004909   Data          45  u8x8_d_ssd1306_128x64_noname.o(.constdata)
    u8x8_d_ssd1312_128x64_noname_init_seq    0x08004936   Data          53  u8x8_d_ssd1306_128x64_noname.o(.constdata)
    u8x8_ssd1306_128x64_noname_display_info  0x0800496c   Data          24  u8x8_d_ssd1306_128x64_noname.o(.constdata)
    u8x8_sh1106_128x64_noname_display_info   0x08004984   Data          24  u8x8_d_ssd1306_128x64_noname.o(.constdata)
    .data                                    0x20000000   Section       12  stm32f4xx_hal.o(.data)
    .data                                    0x2000000c   Section        4  system_stm32f4xx.o(.data)
    .data                                    0x20000010   Section        6  u8x8_cad.o(.data)
    in_transfer                              0x20000010   Data           1  u8x8_cad.o(.data)
    in_transfer                              0x20000011   Data           1  u8x8_cad.o(.data)
    in_transfer                              0x20000012   Data           1  u8x8_cad.o(.data)
    is_data                                  0x20000013   Data           1  u8x8_cad.o(.data)
    in_transfer                              0x20000014   Data           1  u8x8_cad.o(.data)
    is_data                                  0x20000015   Data           1  u8x8_cad.o(.data)
    .bss                                     0x20000018   Section       64  usart.o(.bss)
    .bss                                     0x20000058   Section     1024  u8g2_d_memory.o(.bss)
    buf                                      0x20000058   Data        1024  u8g2_d_memory.o(.bss)
    STACK                                    0x20000458   Section     1024  startup_stm32f411xe.o(STACK)

    Global Symbols

    Symbol Name                              Value     Ov Type        Size  Object(Section)

    BuildAttributes$$THM_ISAv4$E$P$D$K$B$S$7EM$VFPi3$EXTD16$VFPS$VFMA$PE$A:L22UL41UL21$X:L11$S22US41US21$IEEE1$IW$USESV6$~STKCKD$USESV7$~SHL$OSPACE$EBA8$MICROLIB$REQ8$PRES8$EABIv2 0x00000000   Number         0  anon$$obj.o ABSOLUTE
    __ARM_use_no_argv                        0x00000000   Number         0  main.o ABSOLUTE
    __arm_fini_                               - Undefined Weak Reference
    __cpp_initialize__aeabi_                  - Undefined Weak Reference
    __cxa_finalize                            - Undefined Weak Reference
    __decompress                              - Undefined Weak Reference
    _clock_init                               - Undefined Weak Reference
    _microlib_exit                            - Undefined Weak Reference
    __Vectors_Size                           0x00000198   Number         0  startup_stm32f411xe.o ABSOLUTE
    __Vectors                                0x08000000   Data           4  startup_stm32f411xe.o(RESET)
    __Vectors_End                            0x08000198   Data           0  startup_stm32f411xe.o(RESET)
    __main                                   0x08000199   Thumb Code     0  entry.o(.ARM.Collect$$$$00000000)
    _main_stk                                0x08000199   Thumb Code     0  entry2.o(.ARM.Collect$$$$00000001)
    _main_scatterload                        0x0800019d   Thumb Code     0  entry5.o(.ARM.Collect$$$$00000004)
    __main_after_scatterload                 0x080001a1   Thumb Code     0  entry5.o(.ARM.Collect$$$$00000004)
    _main_clock                              0x080001a1   Thumb Code     0  entry7b.o(.ARM.Collect$$$$00000008)
    _main_cpp_init                           0x080001a1   Thumb Code     0  entry8b.o(.ARM.Collect$$$$0000000A)
    _main_init                               0x080001a1   Thumb Code     0  entry9a.o(.ARM.Collect$$$$0000000B)
    __rt_lib_shutdown_fini                   0x080001a9   Thumb Code     0  entry12b.o(.ARM.Collect$$$$0000000E)
    __rt_final_cpp                           0x080001ad   Thumb Code     0  entry10a.o(.ARM.Collect$$$$0000000F)
    __rt_final_exit                          0x080001ad   Thumb Code     0  entry11a.o(.ARM.Collect$$$$00000011)
    Reset_Handler                            0x080001b1   Thumb Code     8  startup_stm32f411xe.o(.text)
    ADC_IRQHandler                           0x080001cb   Thumb Code     0  startup_stm32f411xe.o(.text)
    DMA1_Stream0_IRQHandler                  0x080001cb   Thumb Code     0  startup_stm32f411xe.o(.text)
    DMA1_Stream1_IRQHandler                  0x080001cb   Thumb Code     0  startup_stm32f411xe.o(.text)
    DMA1_Stream2_IRQHandler                  0x080001cb   Thumb Code     0  startup_stm32f411xe.o(.text)
    DMA1_Stream3_IRQHandler                  0x080001cb   Thumb Code     0  startup_stm32f411xe.o(.text)
    DMA1_Stream4_IRQHandler                  0x080001cb   Thumb Code     0  startup_stm32f411xe.o(.text)
    DMA1_Stream5_IRQHandler                  0x080001cb   Thumb Code     0  startup_stm32f411xe.o(.text)
    DMA1_Stream6_IRQHandler                  0x080001cb   Thumb Code     0  startup_stm32f411xe.o(.text)
    DMA1_Stream7_IRQHandler                  0x080001cb   Thumb Code     0  startup_stm32f411xe.o(.text)
    DMA2_Stream0_IRQHandler                  0x080001cb   Thumb Code     0  startup_stm32f411xe.o(.text)
    DMA2_Stream1_IRQHandler                  0x080001cb   Thumb Code     0  startup_stm32f411xe.o(.text)
    DMA2_Stream2_IRQHandler                  0x080001cb   Thumb Code     0  startup_stm32f411xe.o(.text)
    DMA2_Stream3_IRQHandler                  0x080001cb   Thumb Code     0  startup_stm32f411xe.o(.text)
    DMA2_Stream4_IRQHandler                  0x080001cb   Thumb Code     0  startup_stm32f411xe.o(.text)
    DMA2_Stream5_IRQHandler                  0x080001cb   Thumb Code     0  startup_stm32f411xe.o(.text)
    DMA2_Stream6_IRQHandler                  0x080001cb   Thumb Code     0  startup_stm32f411xe.o(.text)
    DMA2_Stream7_IRQHandler                  0x080001cb   Thumb Code     0  startup_stm32f411xe.o(.text)
    EXTI0_IRQHandler                         0x080001cb   Thumb Code     0  startup_stm32f411xe.o(.text)
    EXTI15_10_IRQHandler                     0x080001cb   Thumb Code     0  startup_stm32f411xe.o(.text)
    EXTI1_IRQHandler                         0x080001cb   Thumb Code     0  startup_stm32f411xe.o(.text)
    EXTI2_IRQHandler                         0x080001cb   Thumb Code     0  startup_stm32f411xe.o(.text)
    EXTI3_IRQHandler                         0x080001cb   Thumb Code     0  startup_stm32f411xe.o(.text)
    EXTI4_IRQHandler                         0x080001cb   Thumb Code     0  startup_stm32f411xe.o(.text)
    EXTI9_5_IRQHandler                       0x080001cb   Thumb Code     0  startup_stm32f411xe.o(.text)
    FLASH_IRQHandler                         0x080001cb   Thumb Code     0  startup_stm32f411xe.o(.text)
    FPU_IRQHandler                           0x080001cb   Thumb Code     0  startup_stm32f411xe.o(.text)
    I2C1_ER_IRQHandler                       0x080001cb   Thumb Code     0  startup_stm32f411xe.o(.text)
    I2C1_EV_IRQHandler                       0x080001cb   Thumb Code     0  startup_stm32f411xe.o(.text)
    I2C2_ER_IRQHandler                       0x080001cb   Thumb Code     0  startup_stm32f411xe.o(.text)
    I2C2_EV_IRQHandler                       0x080001cb   Thumb Code     0  startup_stm32f411xe.o(.text)
    I2C3_ER_IRQHandler                       0x080001cb   Thumb Code     0  startup_stm32f411xe.o(.text)
    I2C3_EV_IRQHandler                       0x080001cb   Thumb Code     0  startup_stm32f411xe.o(.text)
    OTG_FS_IRQHandler                        0x080001cb   Thumb Code     0  startup_stm32f411xe.o(.text)
    OTG_FS_WKUP_IRQHandler                   0x080001cb   Thumb Code     0  startup_stm32f411xe.o(.text)
    PVD_IRQHandler                           0x080001cb   Thumb Code     0  startup_stm32f411xe.o(.text)
    RCC_IRQHandler                           0x080001cb   Thumb Code     0  startup_stm32f411xe.o(.text)
    RTC_Alarm_IRQHandler                     0x080001cb   Thumb Code     0  startup_stm32f411xe.o(.text)
    RTC_WKUP_IRQHandler                      0x080001cb   Thumb Code     0  startup_stm32f411xe.o(.text)
    SDIO_IRQHandler                          0x080001cb   Thumb Code     0  startup_stm32f411xe.o(.text)
    SPI1_IRQHandler                          0x080001cb   Thumb Code     0  startup_stm32f411xe.o(.text)
    SPI2_IRQHandler                          0x080001cb   Thumb Code     0  startup_stm32f411xe.o(.text)
    SPI3_IRQHandler                          0x080001cb   Thumb Code     0  startup_stm32f411xe.o(.text)
    SPI4_IRQHandler                          0x080001cb   Thumb Code     0  startup_stm32f411xe.o(.text)
    SPI5_IRQHandler                          0x080001cb   Thumb Code     0  startup_stm32f411xe.o(.text)
    TAMP_STAMP_IRQHandler                    0x080001cb   Thumb Code     0  startup_stm32f411xe.o(.text)
    TIM1_BRK_TIM9_IRQHandler                 0x080001cb   Thumb Code     0  startup_stm32f411xe.o(.text)
    TIM1_CC_IRQHandler                       0x080001cb   Thumb Code     0  startup_stm32f411xe.o(.text)
    TIM1_TRG_COM_TIM11_IRQHandler            0x080001cb   Thumb Code     0  startup_stm32f411xe.o(.text)
    TIM1_UP_TIM10_IRQHandler                 0x080001cb   Thumb Code     0  startup_stm32f411xe.o(.text)
    TIM2_IRQHandler                          0x080001cb   Thumb Code     0  startup_stm32f411xe.o(.text)
    TIM3_IRQHandler                          0x080001cb   Thumb Code     0  startup_stm32f411xe.o(.text)
    TIM4_IRQHandler                          0x080001cb   Thumb Code     0  startup_stm32f411xe.o(.text)
    TIM5_IRQHandler                          0x080001cb   Thumb Code     0  startup_stm32f411xe.o(.text)
    USART1_IRQHandler                        0x080001cb   Thumb Code     0  startup_stm32f411xe.o(.text)
    USART2_IRQHandler                        0x080001cb   Thumb Code     0  startup_stm32f411xe.o(.text)
    USART6_IRQHandler                        0x080001cb   Thumb Code     0  startup_stm32f411xe.o(.text)
    WWDG_IRQHandler                          0x080001cb   Thumb Code     0  startup_stm32f411xe.o(.text)
    __aeabi_uldivmod                         0x080001d5   Thumb Code    98  uldiv.o(.text)
    __aeabi_memset                           0x08000237   Thumb Code    14  memseta.o(.text)
    __aeabi_memset4                          0x08000237   Thumb Code     0  memseta.o(.text)
    __aeabi_memset8                          0x08000237   Thumb Code     0  memseta.o(.text)
    __aeabi_memclr                           0x08000245   Thumb Code     4  memseta.o(.text)
    __aeabi_memclr4                          0x08000245   Thumb Code     0  memseta.o(.text)
    __aeabi_memclr8                          0x08000245   Thumb Code     0  memseta.o(.text)
    _memset$wrapper                          0x08000249   Thumb Code    18  memseta.o(.text)
    __aeabi_llsl                             0x0800025b   Thumb Code    30  llshl.o(.text)
    _ll_shift_l                              0x0800025b   Thumb Code     0  llshl.o(.text)
    __aeabi_llsr                             0x08000279   Thumb Code    32  llushr.o(.text)
    _ll_ushift_r                             0x08000279   Thumb Code     0  llushr.o(.text)
    __scatterload                            0x08000299   Thumb Code    28  init.o(.text)
    __scatterload_rt2                        0x08000299   Thumb Code     0  init.o(.text)
    BusFault_Handler                         0x080002bd   Thumb Code     2  stm32f4xx_it.o(i.BusFault_Handler)
    DebugMon_Handler                         0x080002bf   Thumb Code     2  stm32f4xx_it.o(i.DebugMon_Handler)
    Error_Handler                            0x080002c1   Thumb Code     4  main.o(i.Error_Handler)
    HAL_Delay                                0x080002c5   Thumb Code    32  stm32f4xx_hal.o(i.HAL_Delay)
    HAL_GPIO_Init                            0x080002e9   Thumb Code   370  stm32f4xx_hal_gpio.o(i.HAL_GPIO_Init)
    HAL_GPIO_WritePin                        0x0800047d   Thumb Code    10  stm32f4xx_hal_gpio.o(i.HAL_GPIO_WritePin)
    HAL_GetTick                              0x08000489   Thumb Code     6  stm32f4xx_hal.o(i.HAL_GetTick)
    HAL_IncTick                              0x08000495   Thumb Code    12  stm32f4xx_hal.o(i.HAL_IncTick)
    HAL_Init                                 0x080004a5   Thumb Code    48  stm32f4xx_hal.o(i.HAL_Init)
    HAL_InitTick                             0x080004d9   Thumb Code    54  stm32f4xx_hal.o(i.HAL_InitTick)
    HAL_MspInit                              0x08000519   Thumb Code    42  stm32f4xx_hal_msp.o(i.HAL_MspInit)
    HAL_NVIC_SetPriority                     0x08000549   Thumb Code    60  stm32f4xx_hal_cortex.o(i.HAL_NVIC_SetPriority)
    HAL_NVIC_SetPriorityGrouping             0x08000589   Thumb Code    26  stm32f4xx_hal_cortex.o(i.HAL_NVIC_SetPriorityGrouping)
    HAL_RCC_ClockConfig                      0x080005ad   Thumb Code   288  stm32f4xx_hal_rcc.o(i.HAL_RCC_ClockConfig)
    HAL_RCC_GetPCLK1Freq                     0x080006e1   Thumb Code    20  stm32f4xx_hal_rcc.o(i.HAL_RCC_GetPCLK1Freq)
    HAL_RCC_GetPCLK2Freq                     0x08000701   Thumb Code    20  stm32f4xx_hal_rcc.o(i.HAL_RCC_GetPCLK2Freq)
    HAL_RCC_GetSysClockFreq                  0x08000721   Thumb Code    88  stm32f4xx_hal_rcc.o(i.HAL_RCC_GetSysClockFreq)
    HAL_RCC_OscConfig                        0x08000785   Thumb Code   840  stm32f4xx_hal_rcc.o(i.HAL_RCC_OscConfig)
    HAL_SYSTICK_Config                       0x08000ae1   Thumb Code    40  stm32f4xx_hal_cortex.o(i.HAL_SYSTICK_Config)
    HAL_UART_Init                            0x08000b09   Thumb Code    98  stm32f4xx_hal_uart.o(i.HAL_UART_Init)
    HAL_UART_MspInit                         0x08000b6d   Thumb Code    94  usart.o(i.HAL_UART_MspInit)
    HardFault_Handler                        0x08000bd9   Thumb Code     2  stm32f4xx_it.o(i.HardFault_Handler)
    MX_GPIO_Init                             0x08000bdd   Thumb Code   132  gpio.o(i.MX_GPIO_Init)
    MX_USART1_UART_Init                      0x08000c6d   Thumb Code    48  usart.o(i.MX_USART1_UART_Init)
    MemManage_Handler                        0x08000ca5   Thumb Code     2  stm32f4xx_it.o(i.MemManage_Handler)
    NMI_Handler                              0x08000ca7   Thumb Code     2  stm32f4xx_it.o(i.NMI_Handler)
    PendSV_Handler                           0x08000ca9   Thumb Code     2  stm32f4xx_it.o(i.PendSV_Handler)
    SVC_Handler                              0x08000cab   Thumb Code     2  stm32f4xx_it.o(i.SVC_Handler)
    SysTick_Handler                          0x08000cad   Thumb Code     4  stm32f4xx_it.o(i.SysTick_Handler)
    SystemClock_Config                       0x08000cb1   Thumb Code   134  main.o(i.SystemClock_Config)
    SystemInit                               0x08000d41   Thumb Code    22  system_stm32f4xx.o(i.SystemInit)
    USER_GPIO_Init                           0x08000e85   Thumb Code    56  gpio.o(i.USER_GPIO_Init)
    UsageFault_Handler                       0x08000ec5   Thumb Code     2  stm32f4xx_it.o(i.UsageFault_Handler)
    __scatterload_copy                       0x08000ee7   Thumb Code    14  handlers.o(i.__scatterload_copy)
    __scatterload_null                       0x08000ef5   Thumb Code     2  handlers.o(i.__scatterload_null)
    __scatterload_zeroinit                   0x08000ef7   Thumb Code    14  handlers.o(i.__scatterload_zeroinit)
    delay_us                                 0x08000f05   Thumb Code    14  main.o(i.delay_us)
    draw                                     0x08000f15   Thumb Code   178  main.o(i.draw)
    main                                     0x080010db   Thumb Code    52  main.o(i.main)
    u8g2Init                                 0x08001111   Thumb Code    38  main.o(i.u8g2Init)
    u8g2_ClearBuffer                         0x08001145   Thumb Code    20  u8g2_buffer.o(i.u8g2_ClearBuffer)
    u8g2_DrawGlyph                           0x08001159   Thumb Code   112  u8g2_font.o(i.u8g2_DrawGlyph)
    u8g2_DrawHLine                           0x080011c9   Thumb Code    12  u8g2_hvline.o(i.u8g2_DrawHLine)
    u8g2_DrawHVLine                          0x080011d5   Thumb Code   172  u8g2_hvline.o(i.u8g2_DrawHVLine)
    u8g2_DrawStr                             0x08001281   Thumb Code    12  u8g2_font.o(i.u8g2_DrawStr)
    u8g2_DrawVLine                           0x08001291   Thumb Code    12  u8g2_hvline.o(i.u8g2_DrawVLine)
    u8g2_FirstPage                           0x0800129d   Thumb Code    28  u8g2_buffer.o(i.u8g2_FirstPage)
    u8g2_IsIntersection                      0x080012b9   Thumb Code    48  u8g2_intersection.o(i.u8g2_IsIntersection)
    u8g2_NextPage                            0x080012e9   Thumb Code    62  u8g2_buffer.o(i.u8g2_NextPage)
    u8g2_SetBufferCurrTileRow                0x08001327   Thumb Code    28  u8g2_buffer.o(i.u8g2_SetBufferCurrTileRow)
    u8g2_SetFont                             0x08001343   Thumb Code    32  u8g2_font.o(i.u8g2_SetFont)
    u8g2_SetFontDirection                    0x08001363   Thumb Code     6  u8g2_font.o(i.u8g2_SetFontDirection)
    u8g2_SetFontMode                         0x08001369   Thumb Code     6  u8g2_font.o(i.u8g2_SetFontMode)
    u8g2_SetFontPosBaseline                  0x08001371   Thumb Code     6  u8g2_font.o(i.u8g2_SetFontPosBaseline)
    u8g2_SetMaxClipWindow                    0x0800137d   Thumb Code    28  u8g2_setup.o(i.u8g2_SetMaxClipWindow)
    u8g2_SetupBuffer                         0x08001399   Thumb Code    66  u8g2_setup.o(i.u8g2_SetupBuffer)
    u8g2_Setup_ssd1306_i2c_128x64_noname_f   0x080013dd   Thumb Code    42  u8g2_d_setup.o(i.u8g2_Setup_ssd1306_i2c_128x64_noname_f)
    u8g2_UpdateRefHeight                     0x08001415   Thumb Code    82  u8g2_font.o(i.u8g2_UpdateRefHeight)
    u8g2_add_vector_x                        0x08001467   Thumb Code    28  u8g2_font.o(i.u8g2_add_vector_x)
    u8g2_add_vector_y                        0x08001483   Thumb Code    28  u8g2_font.o(i.u8g2_add_vector_y)
    u8g2_draw_hv_line_2dir                   0x08001549   Thumb Code    18  u8g2_hvline.o(i.u8g2_draw_hv_line_2dir)
    u8g2_draw_l90_r0                         0x0800155b   Thumb Code    12  u8g2_setup.o(i.u8g2_draw_l90_r0)
    u8g2_font_calc_vref_font                 0x080015dd   Thumb Code     4  u8g2_font.o(i.u8g2_font_calc_vref_font)
    u8g2_font_decode_get_signed_bits         0x080015e1   Thumb Code    20  u8g2_font.o(i.u8g2_font_decode_get_signed_bits)
    u8g2_font_decode_get_unsigned_bits       0x080015f5   Thumb Code    52  u8g2_font.o(i.u8g2_font_decode_get_unsigned_bits)
    u8g2_font_decode_glyph                   0x08001629   Thumb Code   276  u8g2_font.o(i.u8g2_font_decode_glyph)
    u8g2_font_decode_len                     0x0800173d   Thumb Code   140  u8g2_font.o(i.u8g2_font_decode_len)
    u8g2_font_get_glyph_data                 0x080017c9   Thumb Code   114  u8g2_font.o(i.u8g2_font_get_glyph_data)
    u8g2_is_intersection_decision_tree       0x08001883   Thumb Code    24  u8g2_intersection.o(i.u8g2_is_intersection_decision_tree)
    u8g2_ll_hvline_vertical_top_lsb          0x0800189d   Thumb Code   144  u8g2_ll_hvline.o(i.u8g2_ll_hvline_vertical_top_lsb)
    u8g2_m_16_8_f                            0x0800192d   Thumb Code     8  u8g2_d_memory.o(i.u8g2_m_16_8_f)
    u8g2_read_font_info                      0x08001939   Thumb Code   106  u8g2_font.o(i.u8g2_read_font_info)
    u8g2_update_dimension_r0                 0x08001a37   Thumb Code     4  u8g2_setup.o(i.u8g2_update_dimension_r0)
    u8g2_update_page_win_r0                  0x08001a3b   Thumb Code    34  u8g2_setup.o(i.u8g2_update_page_win_r0)
    u8x8_DrawTile                            0x08001a5d   Thumb Code    30  u8x8_display.o(i.u8x8_DrawTile)
    u8x8_InitDisplay                         0x08001a7b   Thumb Code    16  u8x8_display.o(i.u8x8_InitDisplay)
    u8x8_RefreshDisplay                      0x08001a8b   Thumb Code    16  u8x8_display.o(i.u8x8_RefreshDisplay)
    u8x8_SetPowerSave                        0x08001a9b   Thumb Code    16  u8x8_display.o(i.u8x8_SetPowerSave)
    u8x8_Setup                               0x08001aab   Thumb Code    34  u8x8_setup.o(i.u8x8_Setup)
    u8x8_SetupDefaults                       0x08001acd   Thumb Code    32  u8x8_setup.o(i.u8x8_SetupDefaults)
    u8x8_SetupMemory                         0x08001af1   Thumb Code    16  u8x8_display.o(i.u8x8_SetupMemory)
    u8x8_ascii_next                          0x08001b01   Thumb Code    14  u8x8_8x8.o(i.u8x8_ascii_next)
    u8x8_byte_EndTransfer                    0x08001b0f   Thumb Code    16  u8x8_byte.o(i.u8x8_byte_EndTransfer)
    u8x8_byte_SendByte                       0x08001b1f   Thumb Code    14  u8x8_byte.o(i.u8x8_byte_SendByte)
    u8x8_byte_StartTransfer                  0x08001b2d   Thumb Code    16  u8x8_byte.o(i.u8x8_byte_StartTransfer)
    u8x8_byte_sw_i2c                         0x08001b3d   Thumb Code   188  u8x8_byte.o(i.u8x8_byte_sw_i2c)
    u8x8_cad_EndTransfer                     0x08001bf9   Thumb Code    16  u8x8_cad.o(i.u8x8_cad_EndTransfer)
    u8x8_cad_SendArg                         0x08001c09   Thumb Code    16  u8x8_cad.o(i.u8x8_cad_SendArg)
    u8x8_cad_SendCmd                         0x08001c19   Thumb Code    16  u8x8_cad.o(i.u8x8_cad_SendCmd)
    u8x8_cad_SendData                        0x08001c29   Thumb Code    16  u8x8_cad.o(i.u8x8_cad_SendData)
    u8x8_cad_SendSequence                    0x08001c39   Thumb Code   104  u8x8_cad.o(i.u8x8_cad_SendSequence)
    u8x8_cad_StartTransfer                   0x08001ca1   Thumb Code    16  u8x8_cad.o(i.u8x8_cad_StartTransfer)
    u8x8_cad_ssd13xx_fast_i2c                0x08001cb1   Thumb Code   182  u8x8_cad.o(i.u8x8_cad_ssd13xx_fast_i2c)
    u8x8_d_helper_display_init               0x08001d6d   Thumb Code    96  u8x8_display.o(i.u8x8_d_helper_display_init)
    u8x8_d_helper_display_setup_memory       0x08001dcd   Thumb Code    10  u8x8_display.o(i.u8x8_d_helper_display_setup_memory)
    u8x8_d_ssd1306_128x64_noname             0x08001dd9   Thumb Code    52  u8x8_d_ssd1306_128x64_noname.o(i.u8x8_d_ssd1306_128x64_noname)
    u8x8_dummy_cb                            0x08001edd   Thumb Code     4  u8x8_setup.o(i.u8x8_dummy_cb)
    u8x8_gpio_and_delay                      0x08001ee1   Thumb Code   138  main.o(i.u8x8_gpio_and_delay)
    u8x8_gpio_call                           0x08001f71   Thumb Code    12  u8x8_gpio.o(i.u8x8_gpio_call)
    u8x8_utf8_init                           0x08001fa9   Thumb Code     8  u8x8_8x8.o(i.u8x8_utf8_init)
    AHBPrescTable                            0x08001fb0   Data          16  system_stm32f4xx.o(.constdata)
    APBPrescTable                            0x08001fc0   Data           8  system_stm32f4xx.o(.constdata)
    u8g2_font_4x6_tr                         0x08001fc8   Data         723  u8g2_fonts.o(.constdata)
    u8g2_font_inb24_mf                       0x0800229b   Data        8824  u8g2_fonts.o(.constdata)
    u8g2_font_inb30_mn                       0x08004513   Data         805  u8g2_fonts.o(.constdata)
    u8g2_cb_r0                               0x08004838   Data          12  u8g2_setup.o(.constdata)
    Region$$Table$$Base                      0x0800499c   Number         0  anon$$obj.o(Region$$Table)
    Region$$Table$$Limit                     0x080049bc   Number         0  anon$$obj.o(Region$$Table)
    uwTickFreq                               0x20000000   Data           1  stm32f4xx_hal.o(.data)
    uwTickPrio                               0x20000004   Data           4  stm32f4xx_hal.o(.data)
    uwTick                                   0x20000008   Data           4  stm32f4xx_hal.o(.data)
    SystemCoreClock                          0x2000000c   Data           4  system_stm32f4xx.o(.data)
    huart1                                   0x20000018   Data          64  usart.o(.bss)
    __initial_sp                             0x20000858   Data           0  startup_stm32f411xe.o(STACK)



==============================================================================

Memory Map of the image

  Image Entry point : 0x08000199

  Load Region LR_IROM1 (Base: 0x08000000, Size: 0x000049d4, Max: 0x00080000, ABSOLUTE)

    Execution Region ER_IROM1 (Exec base: 0x08000000, Load base: 0x08000000, Size: 0x000049bc, Max: 0x00080000, ABSOLUTE)

    Exec Addr    Load Addr    Size         Type   Attr      Idx    E Section Name        Object

    0x08000000   0x08000000   0x00000198   Data   RO            3    RESET               startup_stm32f411xe.o
    0x08000198   0x08000198   0x00000000   Code   RO         7157  * .ARM.Collect$$$$00000000  mc_w.l(entry.o)
    0x08000198   0x08000198   0x00000004   Code   RO         7164    .ARM.Collect$$$$00000001  mc_w.l(entry2.o)
    0x0800019c   0x0800019c   0x00000004   Code   RO         7167    .ARM.Collect$$$$00000004  mc_w.l(entry5.o)
    0x080001a0   0x080001a0   0x00000000   Code   RO         7169    .ARM.Collect$$$$00000008  mc_w.l(entry7b.o)
    0x080001a0   0x080001a0   0x00000000   Code   RO         7171    .ARM.Collect$$$$0000000A  mc_w.l(entry8b.o)
    0x080001a0   0x080001a0   0x00000008   Code   RO         7172    .ARM.Collect$$$$0000000B  mc_w.l(entry9a.o)
    0x080001a8   0x080001a8   0x00000004   Code   RO         7179    .ARM.Collect$$$$0000000E  mc_w.l(entry12b.o)
    0x080001ac   0x080001ac   0x00000000   Code   RO         7174    .ARM.Collect$$$$0000000F  mc_w.l(entry10a.o)
    0x080001ac   0x080001ac   0x00000000   Code   RO         7176    .ARM.Collect$$$$00000011  mc_w.l(entry11a.o)
    0x080001ac   0x080001ac   0x00000004   Code   RO         7165    .ARM.Collect$$$$00002712  mc_w.l(entry2.o)
    0x080001b0   0x080001b0   0x00000024   Code   RO            4    .text               startup_stm32f411xe.o
    0x080001d4   0x080001d4   0x00000062   Code   RO         7160    .text               mc_w.l(uldiv.o)
    0x08000236   0x08000236   0x00000024   Code   RO         7162    .text               mc_w.l(memseta.o)
    0x0800025a   0x0800025a   0x0000001e   Code   RO         7180    .text               mc_w.l(llshl.o)
    0x08000278   0x08000278   0x00000020   Code   RO         7182    .text               mc_w.l(llushr.o)
    0x08000298   0x08000298   0x00000024   Code   RO         7184    .text               mc_w.l(init.o)
    0x080002bc   0x080002bc   0x00000002   Code   RO          333    i.BusFault_Handler  stm32f4xx_it.o
    0x080002be   0x080002be   0x00000002   Code   RO          334    i.DebugMon_Handler  stm32f4xx_it.o
    0x080002c0   0x080002c0   0x00000004   Code   RO           13    i.Error_Handler     main.o
    0x080002c4   0x080002c4   0x00000024   Code   RO         1952    i.HAL_Delay         stm32f4xx_hal.o
    0x080002e8   0x080002e8   0x00000194   Code   RO         1402    i.HAL_GPIO_Init     stm32f4xx_hal_gpio.o
    0x0800047c   0x0800047c   0x0000000a   Code   RO         1406    i.HAL_GPIO_WritePin  stm32f4xx_hal_gpio.o
    0x08000486   0x08000486   0x00000002   PAD
    0x08000488   0x08000488   0x0000000c   Code   RO         1958    i.HAL_GetTick       stm32f4xx_hal.o
    0x08000494   0x08000494   0x00000010   Code   RO         1964    i.HAL_IncTick       stm32f4xx_hal.o
    0x080004a4   0x080004a4   0x00000034   Code   RO         1965    i.HAL_Init          stm32f4xx_hal.o
    0x080004d8   0x080004d8   0x00000040   Code   RO         1966    i.HAL_InitTick      stm32f4xx_hal.o
    0x08000518   0x08000518   0x00000030   Code   RO          408    i.HAL_MspInit       stm32f4xx_hal_msp.o
    0x08000548   0x08000548   0x00000040   Code   RO         1821    i.HAL_NVIC_SetPriority  stm32f4xx_hal_cortex.o
    0x08000588   0x08000588   0x00000024   Code   RO         1822    i.HAL_NVIC_SetPriorityGrouping  stm32f4xx_hal_cortex.o
    0x080005ac   0x080005ac   0x00000134   Code   RO          994    i.HAL_RCC_ClockConfig  stm32f4xx_hal_rcc.o
    0x080006e0   0x080006e0   0x00000020   Code   RO         1001    i.HAL_RCC_GetPCLK1Freq  stm32f4xx_hal_rcc.o
    0x08000700   0x08000700   0x00000020   Code   RO         1002    i.HAL_RCC_GetPCLK2Freq  stm32f4xx_hal_rcc.o
    0x08000720   0x08000720   0x00000064   Code   RO         1003    i.HAL_RCC_GetSysClockFreq  stm32f4xx_hal_rcc.o
    0x08000784   0x08000784   0x0000035c   Code   RO         1006    i.HAL_RCC_OscConfig  stm32f4xx_hal_rcc.o
    0x08000ae0   0x08000ae0   0x00000028   Code   RO         1826    i.HAL_SYSTICK_Config  stm32f4xx_hal_cortex.o
    0x08000b08   0x08000b08   0x00000062   Code   RO         2264    i.HAL_UART_Init     stm32f4xx_hal_uart.o
    0x08000b6a   0x08000b6a   0x00000002   PAD
    0x08000b6c   0x08000b6c   0x0000006c   Code   RO          274    i.HAL_UART_MspInit  usart.o
    0x08000bd8   0x08000bd8   0x00000002   Code   RO          335    i.HardFault_Handler  stm32f4xx_it.o
    0x08000bda   0x08000bda   0x00000002   PAD
    0x08000bdc   0x08000bdc   0x00000090   Code   RO          197    i.MX_GPIO_Init      gpio.o
    0x08000c6c   0x08000c6c   0x00000038   Code   RO          275    i.MX_USART1_UART_Init  usart.o
    0x08000ca4   0x08000ca4   0x00000002   Code   RO          336    i.MemManage_Handler  stm32f4xx_it.o
    0x08000ca6   0x08000ca6   0x00000002   Code   RO          337    i.NMI_Handler       stm32f4xx_it.o
    0x08000ca8   0x08000ca8   0x00000002   Code   RO          338    i.PendSV_Handler    stm32f4xx_it.o
    0x08000caa   0x08000caa   0x00000002   Code   RO          339    i.SVC_Handler       stm32f4xx_it.o
    0x08000cac   0x08000cac   0x00000004   Code   RO          340    i.SysTick_Handler   stm32f4xx_it.o
    0x08000cb0   0x08000cb0   0x00000090   Code   RO           14    i.SystemClock_Config  main.o
    0x08000d40   0x08000d40   0x0000001c   Code   RO         2566    i.SystemInit        system_stm32f4xx.o
    0x08000d5c   0x08000d5c   0x00000128   Code   RO         2290    i.UART_SetConfig    stm32f4xx_hal_uart.o
    0x08000e84   0x08000e84   0x00000040   Code   RO          198    i.USER_GPIO_Init    gpio.o
    0x08000ec4   0x08000ec4   0x00000002   Code   RO          341    i.UsageFault_Handler  stm32f4xx_it.o
    0x08000ec6   0x08000ec6   0x00000020   Code   RO         1828    i.__NVIC_SetPriority  stm32f4xx_hal_cortex.o
    0x08000ee6   0x08000ee6   0x0000000e   Code   RO         7188    i.__scatterload_copy  mc_w.l(handlers.o)
    0x08000ef4   0x08000ef4   0x00000002   Code   RO         7189    i.__scatterload_null  mc_w.l(handlers.o)
    0x08000ef6   0x08000ef6   0x0000000e   Code   RO         7190    i.__scatterload_zeroinit  mc_w.l(handlers.o)
    0x08000f04   0x08000f04   0x0000000e   Code   RO           15    i.delay_us          main.o
    0x08000f12   0x08000f12   0x00000002   PAD
    0x08000f14   0x08000f14   0x000000ec   Code   RO           16    i.draw              main.o
    0x08001000   0x08001000   0x00000008   Code   RO         6359    i.i2c_clear_scl     u8x8_byte.o
    0x08001008   0x08001008   0x00000008   Code   RO         6360    i.i2c_clear_sda     u8x8_byte.o
    0x08001010   0x08001010   0x0000000a   Code   RO         6361    i.i2c_delay         u8x8_byte.o
    0x0800101a   0x0800101a   0x00000016   Code   RO         6362    i.i2c_read_scl_and_delay  u8x8_byte.o
    0x08001030   0x08001030   0x00000008   Code   RO         6363    i.i2c_read_sda      u8x8_byte.o
    0x08001038   0x08001038   0x00000026   Code   RO         6364    i.i2c_write_bit     u8x8_byte.o
    0x0800105e   0x0800105e   0x0000007c   Code   RO         6365    i.i2c_write_byte    u8x8_byte.o
    0x080010da   0x080010da   0x00000034   Code   RO           17    i.main              main.o
    0x0800110e   0x0800110e   0x00000002   PAD
    0x08001110   0x08001110   0x00000034   Code   RO           18    i.u8g2Init          main.o
    0x08001144   0x08001144   0x00000014   Code   RO         3273    i.u8g2_ClearBuffer  u8g2_buffer.o
    0x08001158   0x08001158   0x00000070   Code   RO         3476    i.u8g2_DrawGlyph    u8g2_font.o
    0x080011c8   0x080011c8   0x0000000c   Code   RO         5700    i.u8g2_DrawHLine    u8g2_hvline.o
    0x080011d4   0x080011d4   0x000000ac   Code   RO         5701    i.u8g2_DrawHVLine   u8g2_hvline.o
    0x08001280   0x08001280   0x00000010   Code   RO         3478    i.u8g2_DrawStr      u8g2_font.o
    0x08001290   0x08001290   0x0000000c   Code   RO         5703    i.u8g2_DrawVLine    u8g2_hvline.o
    0x0800129c   0x0800129c   0x0000001c   Code   RO         3274    i.u8g2_FirstPage    u8g2_buffer.o
    0x080012b8   0x080012b8   0x00000030   Code   RO         5762    i.u8g2_IsIntersection  u8g2_intersection.o
    0x080012e8   0x080012e8   0x0000003e   Code   RO         3275    i.u8g2_NextPage     u8g2_buffer.o
    0x08001326   0x08001326   0x0000001c   Code   RO         3277    i.u8g2_SetBufferCurrTileRow  u8g2_buffer.o
    0x08001342   0x08001342   0x00000020   Code   RO         3494    i.u8g2_SetFont      u8g2_font.o
    0x08001362   0x08001362   0x00000006   Code   RO         3495    i.u8g2_SetFontDirection  u8g2_font.o
    0x08001368   0x08001368   0x00000006   Code   RO         3496    i.u8g2_SetFontMode  u8g2_font.o
    0x0800136e   0x0800136e   0x00000002   PAD
    0x08001370   0x08001370   0x0000000c   Code   RO         3497    i.u8g2_SetFontPosBaseline  u8g2_font.o
    0x0800137c   0x0800137c   0x0000001c   Code   RO         5950    i.u8g2_SetMaxClipWindow  u8g2_setup.o
    0x08001398   0x08001398   0x00000042   Code   RO         5951    i.u8g2_SetupBuffer  u8g2_setup.o
    0x080013da   0x080013da   0x00000002   PAD
    0x080013dc   0x080013dc   0x00000038   Code   RO         3462    i.u8g2_Setup_ssd1306_i2c_128x64_noname_f  u8g2_d_setup.o
    0x08001414   0x08001414   0x00000052   Code   RO         3504    i.u8g2_UpdateRefHeight  u8g2_font.o
    0x08001466   0x08001466   0x0000001c   Code   RO         3505    i.u8g2_add_vector_x  u8g2_font.o
    0x08001482   0x08001482   0x0000001c   Code   RO         3506    i.u8g2_add_vector_y  u8g2_font.o
    0x0800149e   0x0800149e   0x0000006e   Code   RO         5953    i.u8g2_apply_clip_window  u8g2_setup.o
    0x0800150c   0x0800150c   0x0000003c   Code   RO         5705    i.u8g2_clip_intersection2  u8g2_hvline.o
    0x08001548   0x08001548   0x00000012   Code   RO         5706    i.u8g2_draw_hv_line_2dir  u8g2_hvline.o
    0x0800155a   0x0800155a   0x0000000c   Code   RO         5955    i.u8g2_draw_l90_r0  u8g2_setup.o
    0x08001566   0x08001566   0x00000076   Code   RO         3507    i.u8g2_draw_string  u8g2_font.o
    0x080015dc   0x080015dc   0x00000004   Code   RO         3513    i.u8g2_font_calc_vref_font  u8g2_font.o
    0x080015e0   0x080015e0   0x00000014   Code   RO         3515    i.u8g2_font_decode_get_signed_bits  u8g2_font.o
    0x080015f4   0x080015f4   0x00000034   Code   RO         3516    i.u8g2_font_decode_get_unsigned_bits  u8g2_font.o
    0x08001628   0x08001628   0x00000114   Code   RO         3517    i.u8g2_font_decode_glyph  u8g2_font.o
    0x0800173c   0x0800173c   0x0000008c   Code   RO         3518    i.u8g2_font_decode_len  u8g2_font.o
    0x080017c8   0x080017c8   0x00000072   Code   RO         3519    i.u8g2_font_get_glyph_data  u8g2_font.o
    0x0800183a   0x0800183a   0x00000014   Code   RO         3520    i.u8g2_font_get_word  u8g2_font.o
    0x0800184e   0x0800184e   0x00000034   Code   RO         3521    i.u8g2_font_setup_decode  u8g2_font.o
    0x08001882   0x08001882   0x00000018   Code   RO         5763    i.u8g2_is_intersection_decision_tree  u8g2_intersection.o
    0x0800189a   0x0800189a   0x00000002   PAD
    0x0800189c   0x0800189c   0x00000090   Code   RO         5811    i.u8g2_ll_hvline_vertical_top_lsb  u8g2_ll_hvline.o
    0x0800192c   0x0800192c   0x0000000c   Code   RO         3449    i.u8g2_m_16_8_f     u8g2_d_memory.o
    0x08001938   0x08001938   0x0000006a   Code   RO         3522    i.u8g2_read_font_info  u8g2_font.o
    0x080019a2   0x080019a2   0x0000004e   Code   RO         3284    i.u8g2_send_buffer  u8g2_buffer.o
    0x080019f0   0x080019f0   0x00000046   Code   RO         5960    i.u8g2_update_dimension_common  u8g2_setup.o
    0x08001a36   0x08001a36   0x00000004   Code   RO         5961    i.u8g2_update_dimension_r0  u8g2_setup.o
    0x08001a3a   0x08001a3a   0x00000022   Code   RO         5965    i.u8g2_update_page_win_r0  u8g2_setup.o
    0x08001a5c   0x08001a5c   0x0000001e   Code   RO         6738    i.u8x8_DrawTile     u8x8_display.o
    0x08001a7a   0x08001a7a   0x00000010   Code   RO         6740    i.u8x8_InitDisplay  u8x8_display.o
    0x08001a8a   0x08001a8a   0x00000010   Code   RO         6742    i.u8x8_RefreshDisplay  u8x8_display.o
    0x08001a9a   0x08001a9a   0x00000010   Code   RO         6745    i.u8x8_SetPowerSave  u8x8_display.o
    0x08001aaa   0x08001aaa   0x00000022   Code   RO         7044    i.u8x8_Setup        u8x8_setup.o
    0x08001acc   0x08001acc   0x00000024   Code   RO         7045    i.u8x8_SetupDefaults  u8x8_setup.o
    0x08001af0   0x08001af0   0x00000010   Code   RO         6746    i.u8x8_SetupMemory  u8x8_display.o
    0x08001b00   0x08001b00   0x0000000e   Code   RO         6245    i.u8x8_ascii_next   u8x8_8x8.o
    0x08001b0e   0x08001b0e   0x00000010   Code   RO         6370    i.u8x8_byte_EndTransfer  u8x8_byte.o
    0x08001b1e   0x08001b1e   0x0000000e   Code   RO         6371    i.u8x8_byte_SendByte  u8x8_byte.o
    0x08001b2c   0x08001b2c   0x00000010   Code   RO         6374    i.u8x8_byte_StartTransfer  u8x8_byte.o
    0x08001b3c   0x08001b3c   0x000000bc   Code   RO         6379    i.u8x8_byte_sw_i2c  u8x8_byte.o
    0x08001bf8   0x08001bf8   0x00000010   Code   RO         6490    i.u8x8_cad_EndTransfer  u8x8_cad.o
    0x08001c08   0x08001c08   0x00000010   Code   RO         6491    i.u8x8_cad_SendArg  u8x8_cad.o
    0x08001c18   0x08001c18   0x00000010   Code   RO         6492    i.u8x8_cad_SendCmd  u8x8_cad.o
    0x08001c28   0x08001c28   0x00000010   Code   RO         6493    i.u8x8_cad_SendData  u8x8_cad.o
    0x08001c38   0x08001c38   0x00000068   Code   RO         6495    i.u8x8_cad_SendSequence  u8x8_cad.o
    0x08001ca0   0x08001ca0   0x00000010   Code   RO         6496    i.u8x8_cad_StartTransfer  u8x8_cad.o
    0x08001cb0   0x08001cb0   0x000000bc   Code   RO         6499    i.u8x8_cad_ssd13xx_fast_i2c  u8x8_cad.o
    0x08001d6c   0x08001d6c   0x00000060   Code   RO         6747    i.u8x8_d_helper_display_init  u8x8_display.o
    0x08001dcc   0x08001dcc   0x0000000a   Code   RO         6748    i.u8x8_d_helper_display_setup_memory  u8x8_display.o
    0x08001dd6   0x08001dd6   0x00000002   PAD
    0x08001dd8   0x08001dd8   0x0000003c   Code   RO         6672    i.u8x8_d_ssd1306_128x64_noname  u8x8_d_ssd1306_128x64_noname.o
    0x08001e14   0x08001e14   0x000000c8   Code   RO         6674    i.u8x8_d_ssd1306_sh1106_generic  u8x8_d_ssd1306_128x64_noname.o
    0x08001edc   0x08001edc   0x00000004   Code   RO         7047    i.u8x8_dummy_cb     u8x8_setup.o
    0x08001ee0   0x08001ee0   0x00000090   Code   RO           19    i.u8x8_gpio_and_delay  main.o
    0x08001f70   0x08001f70   0x0000000c   Code   RO         6966    i.u8x8_gpio_call    u8x8_gpio.o
    0x08001f7c   0x08001f7c   0x0000002c   Code   RO         6507    i.u8x8_i2c_data_transfer  u8x8_cad.o
    0x08001fa8   0x08001fa8   0x00000008   Code   RO         6253    i.u8x8_utf8_init    u8x8_8x8.o
    0x08001fb0   0x08001fb0   0x00000010   Data   RO         2567    .constdata          system_stm32f4xx.o
    0x08001fc0   0x08001fc0   0x00000008   Data   RO         2568    .constdata          system_stm32f4xx.o
    0x08001fc8   0x08001fc8   0x000002d3   Data   RO         3810    .constdata          u8g2_fonts.o
    0x0800229b   0x0800229b   0x00002278   Data   RO         5558    .constdata          u8g2_fonts.o
    0x08004513   0x08004513   0x00000325   Data   RO         5566    .constdata          u8g2_fonts.o
    0x08004838   0x08004838   0x0000000c   Data   RO         5969    .constdata          u8g2_setup.o
    0x08004844   0x08004844   0x00000158   Data   RO         6676    .constdata          u8x8_d_ssd1306_128x64_noname.o
    0x0800499c   0x0800499c   0x00000020   Data   RO         7186    Region$$Table       anon$$obj.o


    Execution Region RW_IRAM1 (Exec base: 0x20000000, Load base: 0x080049bc, Size: 0x00000858, Max: 0x00020000, ABSOLUTE)

    Exec Addr    Load Addr    Size         Type   Attr      Idx    E Section Name        Object

    0x20000000   0x080049bc   0x0000000c   Data   RW         1972    .data               stm32f4xx_hal.o
    0x2000000c   0x080049c8   0x00000004   Data   RW         2569    .data               system_stm32f4xx.o
    0x20000010   0x080049cc   0x00000006   Data   RW         6509    .data               u8x8_cad.o
    0x20000016   0x080049d2   0x00000002   PAD
    0x20000018        -       0x00000040   Zero   RW          279    .bss                usart.o
    0x20000058        -       0x00000400   Zero   RW         3450    .bss                u8g2_d_memory.o
    0x20000458        -       0x00000400   Zero   RW            1    STACK               startup_stm32f411xe.o


==============================================================================

Image component sizes


      Code (inc. data)   RO Data    RW Data    ZI Data      Debug   Object Name

       208         20          0          0          0       1536   gpio.o
       646         88          0          0          0     546091   main.o
        36          8        408          0       1024        828   startup_stm32f411xe.o
       180         28          0         12          0       9205   stm32f4xx_hal.o
       172         14          0          0          0      33226   stm32f4xx_hal_cortex.o
       414         34          0          0          0       2352   stm32f4xx_hal_gpio.o
        48          6          0          0          0        838   stm32f4xx_hal_msp.o
      1332         76          0          0          0       5180   stm32f4xx_hal_rcc.o
       394         10          0          0          0       2028   stm32f4xx_hal_uart.o
        20          0          0          0          0       4094   stm32f4xx_it.o
        28          6         24          4          0       1131   system_stm32f4xx.o
       216          0          0          0          0       3650   u8g2_buffer.o
        12          4          0          0       1024        816   u8g2_d_memory.o
        56         14          0          0          0       1025   u8g2_d_setup.o
      1224         10          0          0          0      14947   u8g2_font.o
         0          0      10352          0          0     143009   u8g2_fonts.o
       274          0          0          0          0       3689   u8g2_hvline.o
        72          0          0          0          0       1879   u8g2_intersection.o
       144          0          0          0          0       1362   u8g2_ll_hvline.o
       324          0         12          0          0     144697   u8g2_setup.o
        22          0          0          0          0       1813   u8x8_8x8.o
       452          0          0          0          0       6790   u8x8_byte.o
       416         12          0          6          0       8692   u8x8_cad.o
       260         12        344          0          0       3043   u8x8_d_ssd1306_128x64_noname.o
       200          0          0          0          0       4354   u8x8_display.o
        12          0          0          0          0        593   u8x8_gpio.o
        74          4          0          0          0       1766   u8x8_setup.o
       164         22          0          0         64       1706   usart.o

    ----------------------------------------------------------------------
      7418        368      11172         24       2112     950340   Object Totals
         0          0         32          0          0          0   (incl. Generated)
        18          0          0          2          0          0   (incl. Padding)

    ----------------------------------------------------------------------

      Code (inc. data)   RO Data    RW Data    ZI Data      Debug   Library Member Name

         0          0          0          0          0          0   entry.o
         0          0          0          0          0          0   entry10a.o
         0          0          0          0          0          0   entry11a.o
         4          0          0          0          0          0   entry12b.o
         8          4          0          0          0          0   entry2.o
         4          0          0          0          0          0   entry5.o
         0          0          0          0          0          0   entry7b.o
         0          0          0          0          0          0   entry8b.o
         8          4          0          0          0          0   entry9a.o
        30          0          0          0          0          0   handlers.o
        36          8          0          0          0         68   init.o
        30          0          0          0          0         68   llshl.o
        32          0          0          0          0         68   llushr.o
        36          0          0          0          0        108   memseta.o
        98          0          0          0          0         92   uldiv.o

    ----------------------------------------------------------------------
       286         16          0          0          0        404   Library Totals
         0          0          0          0          0          0   (incl. Padding)

    ----------------------------------------------------------------------

      Code (inc. data)   RO Data    RW Data    ZI Data      Debug   Library Name

       286         16          0          0          0        404   mc_w.l

    ----------------------------------------------------------------------
       286         16          0          0          0        404   Library Totals

    ----------------------------------------------------------------------

==============================================================================


      Code (inc. data)   RO Data    RW Data    ZI Data      Debug   

      7704        384      11172         24       2112     940144   Grand Totals
      7704        384      11172         24       2112     940144   ELF Image Totals
      7704        384      11172         24          0          0   ROM Totals

==============================================================================

    Total RO  Size (Code + RO Data)                18876 (  18.43kB)
    Total RW  Size (RW Data + ZI Data)              2136 (   2.09kB)
    Total ROM Size (Code + RO Data + RW Data)      18900 (  18.46kB)

==============================================================================

