Component: ARM Compiler 5.06 update 7 (build 960) Tool: armlink [4d3601]

==============================================================================

Section Cross References

    startup_stm32f411xe.o(STACK) refers (Special) to heapauxi.o(.text) for __use_two_region_memory
    startup_stm32f411xe.o(HEAP) refers (Special) to heapauxi.o(.text) for __use_two_region_memory
    startup_stm32f411xe.o(RESET) refers (Special) to heapauxi.o(.text) for __use_two_region_memory
    startup_stm32f411xe.o(RESET) refers to startup_stm32f411xe.o(STACK) for __initial_sp
    startup_stm32f411xe.o(RESET) refers to startup_stm32f411xe.o(.text) for Reset_Handler
    startup_stm32f411xe.o(RESET) refers to stm32f4xx_it.o(i.NMI_Handler) for NMI_Handler
    startup_stm32f411xe.o(RESET) refers to stm32f4xx_it.o(i.HardFault_Handler) for HardFault_Handler
    startup_stm32f411xe.o(RESET) refers to stm32f4xx_it.o(i.MemManage_Handler) for MemManage_Handler
    startup_stm32f411xe.o(RESET) refers to stm32f4xx_it.o(i.BusFault_Handler) for BusFault_Handler
    startup_stm32f411xe.o(RESET) refers to stm32f4xx_it.o(i.UsageFault_Handler) for UsageFault_Handler
    startup_stm32f411xe.o(RESET) refers to stm32f4xx_it.o(i.SVC_Handler) for SVC_Handler
    startup_stm32f411xe.o(RESET) refers to stm32f4xx_it.o(i.DebugMon_Handler) for DebugMon_Handler
    startup_stm32f411xe.o(RESET) refers to stm32f4xx_it.o(i.PendSV_Handler) for PendSV_Handler
    startup_stm32f411xe.o(RESET) refers to delay.o(i.SysTick_Handler) for SysTick_Handler
    startup_stm32f411xe.o(RESET) refers to rtc.o(i.RTC_WKUP_IRQHandler) for RTC_WKUP_IRQHandler
    startup_stm32f411xe.o(RESET) refers to exti.o(i.EXTI0_IRQHandler) for EXTI0_IRQHandler
    startup_stm32f411xe.o(RESET) refers to exti.o(i.EXTI1_IRQHandler) for EXTI1_IRQHandler
    startup_stm32f411xe.o(RESET) refers to exti.o(i.EXTI2_IRQHandler) for EXTI2_IRQHandler
    startup_stm32f411xe.o(RESET) refers to exti.o(i.EXTI3_IRQHandler) for EXTI3_IRQHandler
    startup_stm32f411xe.o(RESET) refers to exti.o(i.EXTI4_IRQHandler) for EXTI4_IRQHandler
    startup_stm32f411xe.o(RESET) refers to exti.o(i.EXTI9_5_IRQHandler) for EXTI9_5_IRQHandler
    startup_stm32f411xe.o(RESET) refers to timer.o(i.TIM1_UP_TIM10_IRQHandler) for TIM1_UP_TIM10_IRQHandler
    startup_stm32f411xe.o(RESET) refers to timer.o(i.TIM2_IRQHandler) for TIM2_IRQHandler
    startup_stm32f411xe.o(RESET) refers to timer.o(i.TIM3_IRQHandler) for TIM3_IRQHandler
    startup_stm32f411xe.o(RESET) refers to timer.o(i.TIM4_IRQHandler) for TIM4_IRQHandler
    startup_stm32f411xe.o(RESET) refers to hardwareserial.o(i.USART1_IRQHandler) for USART1_IRQHandler
    startup_stm32f411xe.o(RESET) refers to hardwareserial.o(i.USART2_IRQHandler) for USART2_IRQHandler
    startup_stm32f411xe.o(RESET) refers to exti.o(i.EXTI15_10_IRQHandler) for EXTI15_10_IRQHandler
    startup_stm32f411xe.o(RESET) refers to rtc.o(i.RTC_Alarm_IRQHandler) for RTC_Alarm_IRQHandler
    startup_stm32f411xe.o(RESET) refers to timer.o(i.TIM5_IRQHandler) for TIM5_IRQHandler
    startup_stm32f411xe.o(.text) refers (Special) to heapauxi.o(.text) for __use_two_region_memory
    startup_stm32f411xe.o(.text) refers to system_stm32f4xx.o(i.SystemInit) for SystemInit
    startup_stm32f411xe.o(.text) refers to __main.o(!!!main) for __main
    startup_stm32f411xe.o(.text) refers to startup_stm32f411xe.o(HEAP) for Heap_Mem
    startup_stm32f411xe.o(.text) refers to startup_stm32f411xe.o(STACK) for Stack_Mem
    stm32f4xx_adc.o(i.ADC_DeInit) refers to stm32f4xx_rcc.o(i.RCC_APB2PeriphResetCmd) for RCC_APB2PeriphResetCmd
    stm32f4xx_can.o(i.CAN_DeInit) refers to stm32f4xx_rcc.o(i.RCC_APB1PeriphResetCmd) for RCC_APB1PeriphResetCmd
    stm32f4xx_can.o(i.CAN_GetITStatus) refers to stm32f4xx_can.o(i.CheckITStatus) for CheckITStatus
    stm32f4xx_cryp.o(i.CRYP_DeInit) refers to stm32f4xx_rcc.o(i.RCC_AHB2PeriphResetCmd) for RCC_AHB2PeriphResetCmd
    stm32f4xx_cryp_aes.o(i.CRYP_AES_CBC) refers to stm32f4xx_cryp.o(i.CRYP_KeyStructInit) for CRYP_KeyStructInit
    stm32f4xx_cryp_aes.o(i.CRYP_AES_CBC) refers to stm32f4xx_cryp.o(i.CRYP_FIFOFlush) for CRYP_FIFOFlush
    stm32f4xx_cryp_aes.o(i.CRYP_AES_CBC) refers to stm32f4xx_cryp.o(i.CRYP_Init) for CRYP_Init
    stm32f4xx_cryp_aes.o(i.CRYP_AES_CBC) refers to stm32f4xx_cryp.o(i.CRYP_KeyInit) for CRYP_KeyInit
    stm32f4xx_cryp_aes.o(i.CRYP_AES_CBC) refers to stm32f4xx_cryp.o(i.CRYP_Cmd) for CRYP_Cmd
    stm32f4xx_cryp_aes.o(i.CRYP_AES_CBC) refers to stm32f4xx_cryp.o(i.CRYP_GetFlagStatus) for CRYP_GetFlagStatus
    stm32f4xx_cryp_aes.o(i.CRYP_AES_CBC) refers to stm32f4xx_cryp.o(i.CRYP_IVInit) for CRYP_IVInit
    stm32f4xx_cryp_aes.o(i.CRYP_AES_CBC) refers to stm32f4xx_cryp.o(i.CRYP_GetCmdStatus) for CRYP_GetCmdStatus
    stm32f4xx_cryp_aes.o(i.CRYP_AES_CBC) refers to stm32f4xx_cryp.o(i.CRYP_DataIn) for CRYP_DataIn
    stm32f4xx_cryp_aes.o(i.CRYP_AES_CBC) refers to stm32f4xx_cryp.o(i.CRYP_DataOut) for CRYP_DataOut
[...]
    ../clib/printf.c                         0x00000000   Number         0  __printf_ss.o ABSOLUTE
    ../clib/printf.c                         0x00000000   Number         0  __printf_flags_ss.o ABSOLUTE
    ../clib/printf.c                         0x00000000   Number         0  __printf_wp.o ABSOLUTE
    ../clib/printf.c                         0x00000000   Number         0  __printf_flags_wp.o ABSOLUTE
    ../clib/printf.c                         0x00000000   Number         0  __printf_ss_wp.o ABSOLUTE
    ../clib/printf.c                         0x00000000   Number         0  __printf_flags_ss_wp.o ABSOLUTE
    ../clib/printf.c                         0x00000000   Number         0  __printf_nopercent.o ABSOLUTE
    ../clib/printf.c                         0x00000000   Number         0  _printf_hex_int.o ABSOLUTE
    ../clib/printf.c                         0x00000000   Number         0  _printf_hex_ll.o ABSOLUTE
    ../clib/printf.c                         0x00000000   Number         0  _printf_oct_int_ll.o ABSOLUTE
    ../clib/printf.c                         0x00000000   Number         0  _printf_oct_int.o ABSOLUTE
    ../clib/printf.c                         0x00000000   Number         0  _printf_oct_ll.o ABSOLUTE
    ../clib/printf.c                         0x00000000   Number         0  _printf_hex_int_ll_ptr.o ABSOLUTE
    ../clib/printf.c                         0x00000000   Number         0  _printf_hex_ll_ptr.o ABSOLUTE
    ../clib/printf.c                         0x00000000   Number         0  _printf_hex_int_ptr.o ABSOLUTE
    ../clib/printf.c                         0x00000000   Number         0  _printf_hex_ptr.o ABSOLUTE
    ../clib/printf_percent.s                 0x00000000   Number         0  _printf_lc.o ABSOLUTE
    ../clib/printf_percent.s                 0x00000000   Number         0  _printf_i.o ABSOLUTE
    ../clib/printf_percent.s                 0x00000000   Number         0  _printf_o.o ABSOLUTE
    ../clib/printf_percent.s                 0x00000000   Number         0  _printf_p.o ABSOLUTE
    ../clib/printf_percent.s                 0x00000000   Number         0  _printf_x.o ABSOLUTE
    ../clib/printf_percent.s                 0x00000000   Number         0  _printf_llo.o ABSOLUTE
    ../clib/printf_percent.s                 0x00000000   Number         0  _printf_n.o ABSOLUTE
    ../clib/printf_percent.s                 0x00000000   Number         0  _printf_s.o ABSOLUTE
    ../clib/printf_percent.s                 0x00000000   Number         0  _printf_g.o ABSOLUTE
    ../clib/printf_percent.s                 0x00000000   Number         0  _printf_e.o ABSOLUTE
    ../clib/printf_percent.s                 0x00000000   Number         0  _printf_d.o ABSOLUTE
    ../clib/printf_percent.s                 0x00000000   Number         0  _printf_f.o ABSOLUTE
    ../clib/printf_percent.s                 0x00000000   Number         0  _printf_c.o ABSOLUTE
    ../clib/printf_percent.s                 0x00000000   Number         0  _printf_percent.o ABSOLUTE
    ../clib/printf_percent.s                 0x00000000   Number         0  _printf_llx.o ABSOLUTE
    ../clib/printf_percent.s                 0x00000000   Number         0  _printf_ls.o ABSOLUTE
    ../clib/printf_percent.s                 0x00000000   Number         0  _printf_a.o ABSOLUTE
    ../clib/printf_percent.s                 0x00000000   Number         0  _printf_l.o ABSOLUTE
    ../clib/printf_percent.s                 0x00000000   Number         0  _printf_ll.o ABSOLUTE
    ../clib/printf_percent.s                 0x00000000   Number         0  _printf_llu.o ABSOLUTE
    ../clib/printf_percent.s                 0x00000000   Number         0  _printf_lld.o ABSOLUTE
    ../clib/printf_percent.s                 0x00000000   Number         0  _printf_lli.o ABSOLUTE
    ../clib/printf_percent.s                 0x00000000   Number         0  _printf_percent_end.o ABSOLUTE
    ../clib/printf_percent.s                 0x00000000   Number         0  _printf_u.o ABSOLUTE
    ../clib/scanf.c                          0x00000000   Number         0  _strtoul.o ABSOLUTE
    ../clib/scanf.c                          0x00000000   Number         0  _sgetc.o ABSOLUTE
    ../clib/scanf.c                          0x00000000   Number         0  scanf_hexfp.o ABSOLUTE
    ../clib/scanf.c                          0x00000000   Number         0  scanf_infnan.o ABSOLUTE
    ../clib/scanf.c                          0x00000000   Number         0  _chval.o ABSOLUTE
    ../clib/scanf.c                          0x00000000   Number         0  strtol.o ABSOLUTE
    ../clib/scanf.c                          0x00000000   Number         0  strtod.o ABSOLUTE
    ../clib/scanf.c                          0x00000000   Number         0  atol.o ABSOLUTE
    ../clib/scanf.c                          0x00000000   Number         0  scanf_fp.o ABSOLUTE
    ../clib/signal.c                         0x00000000   Number         0  defsig_abrt_formal.o ABSOLUTE
    ../clib/signal.c                         0x00000000   Number         0  defsig_fpe_formal.o ABSOLUTE
    ../clib/signal.c                         0x00000000   Number         0  defsig_abrt_outer.o ABSOLUTE
    ../clib/signal.c                         0x00000000   Number         0  defsig_fpe_inner.o ABSOLUTE
    ../clib/signal.c                         0x00000000   Number         0  defsig_abrt_inner.o ABSOLUTE
    ../clib/signal.c                         0x00000000   Number         0  defsig_rtred_inner.o ABSOLUTE
    ../clib/signal.c                         0x00000000   Number         0  defsig_stak_inner.o ABSOLUTE
    ../clib/signal.c                         0x00000000   Number         0  defsig_segv_inner.o ABSOLUTE
    ../clib/signal.c                         0x00000000   Number         0  defsig_other.o ABSOLUTE
    ../clib/signal.c                         0x00000000   Number         0  defsig_pvfn_inner.o ABSOLUTE
    ../clib/signal.c                         0x00000000   Number         0  defsig_rtmem_formal.o ABSOLUTE
    ../clib/signal.c                         0x00000000   Number         0  defsig_rtmem_outer.o ABSOLUTE
    ../clib/signal.c                         0x00000000   Number         0  defsig_rtmem_inner.o ABSOLUTE
    ../clib/signal.c                         0x00000000   Number         0  defsig_cppl_inner.o ABSOLUTE
    ../clib/signal.c                         0x00000000   Number         0  defsig_pvfn_outer.o ABSOLUTE
    ../clib/signal.c                         0x00000000   Number         0  defsig_fpe_outer.o ABSOLUTE
    ../clib/signal.c                         0x00000000   Number         0  defsig_exit.o ABSOLUTE
    ../clib/signal.c                         0x00000000   Number         0  defsig_general.o ABSOLUTE
    ../clib/signal.c                         0x00000000   Number         0  __raise.o ABSOLUTE
    ../clib/signal.c                         0x00000000   Number         0  defsig_pvfn_formal.o ABSOLUTE
    ../clib/signal.s                         0x00000000   Number         0  defsig.o ABSOLUTE
    ../clib/stdlib.c                         0x00000000   Number         0  exit.o ABSOLUTE
    ../clib/stdlib.c                         0x00000000   Number         0  abort.o ABSOLUTE
    ../clib/stdlib.c                         0x00000000   Number         0  rand.o ABSOLUTE
    ../clib/stdlib.c                         0x00000000   Number         0  rand.o ABSOLUTE
    ../clib/string.c                         0x00000000   Number         0  strncmp.o ABSOLUTE
    ../clib/string.c                         0x00000000   Number         0  strrchr.o ABSOLUTE
    ../clib/string.c                         0x00000000   Number         0  strlen.o ABSOLUTE
    ../clib/string.c                         0x00000000   Number         0  strcpy.o ABSOLUTE
    ../clib/string.c                         0x00000000   Number         0  strstr.o ABSOLUTE
    ../clib/string.c                         0x00000000   Number         0  strchr.o ABSOLUTE
    ../fplib/basic.s                         0x00000000   Number         0  basic.o ABSOLUTE
    ../fplib/d2f.s                           0x00000000   Number         0  d2f.o ABSOLUTE
    ../fplib/daddsub.s                       0x00000000   Number         0  daddsub_clz.o ABSOLUTE
    ../fplib/dcheck1.s                       0x00000000   Number         0  dcheck1.o ABSOLUTE
    ../fplib/dcmpi.s                         0x00000000   Number         0  dcmpi.o ABSOLUTE
    ../fplib/ddiv.s                          0x00000000   Number         0  ddiv.o ABSOLUTE
    ../fplib/deqf.s                          0x00000000   Number         0  deqf.o ABSOLUTE
    ../fplib/dfix.s                          0x00000000   Number         0  dfix.o ABSOLUTE
    ../fplib/dfixll.s                        0x00000000   Number         0  dfixll.o ABSOLUTE
    ../fplib/dflt.s                          0x00000000   Number         0  dflt_clz.o ABSOLUTE
    ../fplib/dfltll.s                        0x00000000   Number         0  dfltll_clz.o ABSOLUTE
    ../fplib/dleqf.s                         0x00000000   Number         0  dleqf.o ABSOLUTE
    ../fplib/dmul.s                          0x00000000   Number         0  dmul.o ABSOLUTE
    ../fplib/dnaninf.s                       0x00000000   Number         0  dnaninf.o ABSOLUTE
    ../fplib/dretinf.s                       0x00000000   Number         0  dretinf.o ABSOLUTE
    ../fplib/drleqf.s                        0x00000000   Number         0  drleqf.o ABSOLUTE
    ../fplib/f2d.s                           0x00000000   Number         0  f2d.o ABSOLUTE
    ../fplib/fnaninf.s                       0x00000000   Number         0  fnaninf.o ABSOLUTE
    ../fplib/fpconst.s                       0x00000000   Number         0  fpconst.o ABSOLUTE
    ../fplib/fpinit.s                        0x00000000   Number         0  fpinit.o ABSOLUTE
    ../fplib/fretinf.s                       0x00000000   Number         0  fretinf.o ABSOLUTE
    ../fplib/istatus.s                       0x00000000   Number         0  istatus.o ABSOLUTE
    ../fplib/printf1.s                       0x00000000   Number         0  printf1.o ABSOLUTE
    ../fplib/printf2.s                       0x00000000   Number         0  printf2.o ABSOLUTE
    ../fplib/printf2a.s                      0x00000000   Number         0  printf2a.o ABSOLUTE
    ../fplib/printf2b.s                      0x00000000   Number         0  printf2b.o ABSOLUTE
    ../fplib/retnan.s                        0x00000000   Number         0  retnan.o ABSOLUTE
    ../fplib/scalbn.s                        0x00000000   Number         0  scalbn.o ABSOLUTE
    ../fplib/scanf1.s                        0x00000000   Number         0  scanf1.o ABSOLUTE
    ../fplib/scanf2.s                        0x00000000   Number         0  scanf2.o ABSOLUTE
    ../fplib/scanf2a.s                       0x00000000   Number         0  scanf2a.o ABSOLUTE
    ../fplib/scanf2b.s                       0x00000000   Number         0  scanf2b.o ABSOLUTE
    ../fplib/trapv.s                         0x00000000   Number         0  trapv.o ABSOLUTE
    ../fplib/usenofp.s                       0x00000000   Number         0  usenofp.o ABSOLUTE
    ../mathlib/atof.c                        0x00000000   Number         0  atof.o ABSOLUTE
    ../mathlib/dunder.c                      0x00000000   Number         0  dunder.o ABSOLUTE
    ../mathlib/fpclassify.c                  0x00000000   Number         0  fpclassify.o ABSOLUTE
    ../mathlib/frexp.c                       0x00000000   Number         0  frexp.o ABSOLUTE
    ../mathlib/ldexp.c                       0x00000000   Number         0  ldexp.o ABSOLUTE
    ../mathlib/ldexp.c                       0x00000000   Number         0  ldexp_x.o ABSOLUTE
    ../mathlib/narrow.c                      0x00000000   Number         0  narrow.o ABSOLUTE
    ../mathlib/qnan.c                        0x00000000   Number         0  qnan.o ABSOLUTE
    ..\Core\STM32F4xx_StdPeriph_Driver\src\misc.c 0x00000000   Number         0  misc.o ABSOLUTE
    ..\Core\STM32F4xx_StdPeriph_Driver\src\stm32f4xx_adc.c 0x00000000   Number         0  stm32f4xx_adc.o ABSOLUTE
    ..\Core\STM32F4xx_StdPeriph_Driver\src\stm32f4xx_can.c 0x00000000   Number         0  stm32f4xx_can.o ABSOLUTE
    ..\Core\STM32F4xx_StdPeriph_Driver\src\stm32f4xx_cec.c 0x00000000   Number         0  stm32f4xx_cec.o ABSOLUTE
    ..\Core\STM32F4xx_StdPeriph_Driver\src\stm32f4xx_crc.c 0x00000000   Number         0  stm32f4xx_crc.o ABSOLUTE
    ..\Core\STM32F4xx_StdPeriph_Driver\src\stm32f4xx_cryp.c 0x00000000   Number         0  stm32f4xx_cryp.o ABSOLUTE
    ..\Core\STM32F4xx_StdPeriph_Driver\src\stm32f4xx_cryp_aes.c 0x00000000   Number         0  stm32f4xx_cryp_aes.o ABSOLUTE
    ..\Core\STM32F4xx_StdPeriph_Driver\src\stm32f4xx_cryp_des.c 0x00000000   Number         0  stm32f4xx_cryp_des.o ABSOLUTE
    ..\Core\STM32F4xx_StdPeriph_Driver\src\stm32f4xx_cryp_tdes.c 0x00000000   Number         0  stm32f4xx_cryp_tdes.o ABSOLUTE
    ..\Core\STM32F4xx_StdPeriph_Driver\src\stm32f4xx_dac.c 0x00000000   Number         0  stm32f4xx_dac.o ABSOLUTE
    ..\Core\STM32F4xx_StdPeriph_Driver\src\stm32f4xx_dbgmcu.c 0x00000000   Number         0  stm32f4xx_dbgmcu.o ABSOLUTE
    ..\Core\STM32F4xx_StdPeriph_Driver\src\stm32f4xx_dcmi.c 0x00000000   Number         0  stm32f4xx_dcmi.o ABSOLUTE
    ..\Core\STM32F4xx_StdPeriph_Driver\src\stm32f4xx_dfsdm.c 0x00000000   Number         0  stm32f4xx_dfsdm.o ABSOLUTE
    ..\Core\STM32F4xx_StdPeriph_Driver\src\stm32f4xx_dma.c 0x00000000   Number         0  stm32f4xx_dma.o ABSOLUTE
    ..\Core\STM32F4xx_StdPeriph_Driver\src\stm32f4xx_dma2d.c 0x00000000   Number         0  stm32f4xx_dma2d.o ABSOLUTE
    ..\Core\STM32F4xx_StdPeriph_Driver\src\stm32f4xx_dsi.c 0x00000000   Number         0  stm32f4xx_dsi.o ABSOLUTE
    ..\Core\STM32F4xx_StdPeriph_Driver\src\stm32f4xx_exti.c 0x00000000   Number         0  stm32f4xx_exti.o ABSOLUTE
    ..\Core\STM32F4xx_StdPeriph_Driver\src\stm32f4xx_flash.c 0x00000000   Number         0  stm32f4xx_flash.o ABSOLUTE
    ..\Core\STM32F4xx_StdPeriph_Driver\src\stm32f4xx_flash_ramfunc.c 0x00000000   Number         0  stm32f4xx_flash_ramfunc.o ABSOLUTE
    ..\Core\STM32F4xx_StdPeriph_Driver\src\stm32f4xx_fmpi2c.c 0x00000000   Number         0  stm32f4xx_fmpi2c.o ABSOLUTE
    ..\Core\STM32F4xx_StdPeriph_Driver\src\stm32f4xx_gpio.c 0x00000000   Number         0  stm32f4xx_gpio.o ABSOLUTE
    ..\Core\STM32F4xx_StdPeriph_Driver\src\stm32f4xx_hash.c 0x00000000   Number         0  stm32f4xx_hash.o ABSOLUTE
    ..\Core\STM32F4xx_StdPeriph_Driver\src\stm32f4xx_hash_md5.c 0x00000000   Number         0  stm32f4xx_hash_md5.o ABSOLUTE
    ..\Core\STM32F4xx_StdPeriph_Driver\src\stm32f4xx_hash_sha1.c 0x00000000   Number         0  stm32f4xx_hash_sha1.o ABSOLUTE
    ..\Core\STM32F4xx_StdPeriph_Driver\src\stm32f4xx_i2c.c 0x00000000   Number         0  stm32f4xx_i2c.o ABSOLUTE
    ..\Core\STM32F4xx_StdPeriph_Driver\src\stm32f4xx_iwdg.c 0x00000000   Number         0  stm32f4xx_iwdg.o ABSOLUTE
    ..\Core\STM32F4xx_StdPeriph_Driver\src\stm32f4xx_lptim.c 0x00000000   Number         0  stm32f4xx_lptim.o ABSOLUTE
    ..\Core\STM32F4xx_StdPeriph_Driver\src\stm32f4xx_ltdc.c 0x00000000   Number         0  stm32f4xx_ltdc.o ABSOLUTE
    ..\Core\STM32F4xx_StdPeriph_Driver\src\stm32f4xx_pwr.c 0x00000000   Number         0  stm32f4xx_pwr.o ABSOLUTE
    ..\Core\STM32F4xx_StdPeriph_Driver\src\stm32f4xx_qspi.c 0x00000000   Number         0  stm32f4xx_qspi.o ABSOLUTE
    ..\Core\STM32F4xx_StdPeriph_Driver\src\stm32f4xx_rcc.c 0x00000000   Number         0  stm32f4xx_rcc.o ABSOLUTE
    ..\Core\STM32F4xx_StdPeriph_Driver\src\stm32f4xx_rng.c 0x00000000   Number         0  stm32f4xx_rng.o ABSOLUTE
    ..\Core\STM32F4xx_StdPeriph_Driver\src\stm32f4xx_rtc.c 0x00000000   Number         0  stm32f4xx_rtc.o ABSOLUTE
    ..\Core\STM32F4xx_StdPeriph_Driver\src\stm32f4xx_sai.c 0x00000000   Number         0  stm32f4xx_sai.o ABSOLUTE
    ..\Core\STM32F4xx_StdPeriph_Driver\src\stm32f4xx_sdio.c 0x00000000   Number         0  stm32f4xx_sdio.o ABSOLUTE
    ..\Core\STM32F4xx_StdPeriph_Driver\src\stm32f4xx_spdifrx.c 0x00000000   Number         0  stm32f4xx_spdifrx.o ABSOLUTE
    ..\Core\STM32F4xx_StdPeriph_Driver\src\stm32f4xx_spi.c 0x00000000   Number         0  stm32f4xx_spi.o ABSOLUTE
    ..\Core\STM32F4xx_StdPeriph_Driver\src\stm32f4xx_syscfg.c 0x00000000   Number         0  stm32f4xx_syscfg.o ABSOLUTE
    ..\Core\STM32F4xx_StdPeriph_Driver\src\stm32f4xx_tim.c 0x00000000   Number         0  stm32f4xx_tim.o ABSOLUTE
    ..\Core\STM32F4xx_StdPeriph_Driver\src\stm32f4xx_usart.c 0x00000000   Number         0  stm32f4xx_usart.o ABSOLUTE
    ..\Core\STM32F4xx_StdPeriph_Driver\src\stm32f4xx_wwdg.c 0x00000000   Number         0  stm32f4xx_wwdg.o ABSOLUTE
    ..\Core\core_basic_driver\stm32f4xx_it.c 0x00000000   Number         0  stm32f4xx_it.o ABSOLUTE
    ..\Core\core_basic_driver\system_stm32f4xx.c 0x00000000   Number         0  system_stm32f4xx.o ABSOLUTE
    ..\Core\startup\startup_stm32f411xe.s    0x00000000   Number         0  startup_stm32f411xe.o ABSOLUTE
    ..\Libs\ArduinoAPI\Arduino.c             0x00000000   Number         0  arduino.o ABSOLUTE
    ..\Libs\ArduinoAPI\HardwareSerial.cpp    0x00000000   Number         0  hardwareserial.o ABSOLUTE
    ..\Libs\ArduinoAPI\Print.cpp             0x00000000   Number         0  print.o ABSOLUTE
    ..\Libs\ArduinoAPI\SPI.cpp               0x00000000   Number         0  spi.o ABSOLUTE
    ..\Libs\ArduinoAPI\Stream.cpp            0x00000000   Number         0  stream.o ABSOLUTE
    ..\Libs\ArduinoAPI\Tone.cpp              0x00000000   Number         0  tone.o ABSOLUTE
    ..\Libs\ArduinoAPI\WMath.cpp             0x00000000   Number         0  wmath.o ABSOLUTE
    ..\Libs\ArduinoAPI\WString.cpp           0x00000000   Number         0  wstring.o ABSOLUTE
    ..\Libs\ArduinoAPI\Wire.cpp              0x00000000   Number         0  wire.o ABSOLUTE
    ..\Libs\ArduinoAPI\WireBase.cpp          0x00000000   Number         0  wirebase.o ABSOLUTE
    ..\Libs\ArduinoAPI\dtostrf.c             0x00000000   Number         0  dtostrf.o ABSOLUTE
    ..\Libs\ArduinoAPI\itoa.c                0x00000000   Number         0  itoa.o ABSOLUTE
    ..\Libs\Quick_STD\adc.c                  0x00000000   Number         0  adc.o ABSOLUTE
    ..\Libs\Quick_STD\delay.c                0x00000000   Number         0  delay.o ABSOLUTE
    ..\Libs\Quick_STD\exti.c                 0x00000000   Number         0  exti.o ABSOLUTE
    ..\Libs\Quick_STD\flash.c                0x00000000   Number         0  flash.o ABSOLUTE
    ..\Libs\Quick_STD\gpio.c                 0x00000000   Number         0  gpio.o ABSOLUTE
    ..\Libs\Quick_STD\pwm.c                  0x00000000   Number         0  pwm.o ABSOLUTE
    ..\Libs\Quick_STD\rtc.c                  0x00000000   Number         0  rtc.o ABSOLUTE
    ..\Libs\Quick_STD\timer.c                0x00000000   Number         0  timer.o ABSOLUTE
    ..\User\HAL\HAL.cpp                      0x00000000   Number         0  hal.o ABSOLUTE
    ..\User\HAL\HAL_led_test.cpp             0x00000000   Number         0  hal_led_test.o ABSOLUTE
    ..\User\main.cpp                         0x00000000   Number         0  main.o ABSOLUTE
    ..\\Core\\STM32F4xx_StdPeriph_Driver\\src\\misc.c 0x00000000   Number         0  misc.o ABSOLUTE
    ..\\Core\\STM32F4xx_StdPeriph_Driver\\src\\stm32f4xx_adc.c 0x00000000   Number         0  stm32f4xx_adc.o ABSOLUTE
    ..\\Core\\STM32F4xx_StdPeriph_Driver\\src\\stm32f4xx_can.c 0x00000000   Number         0  stm32f4xx_can.o ABSOLUTE
    ..\\Core\\STM32F4xx_StdPeriph_Driver\\src\\stm32f4xx_cec.c 0x00000000   Number         0  stm32f4xx_cec.o ABSOLUTE
    ..\\Core\\STM32F4xx_StdPeriph_Driver\\src\\stm32f4xx_crc.c 0x00000000   Number         0  stm32f4xx_crc.o ABSOLUTE
    ..\\Core\\STM32F4xx_StdPeriph_Driver\\src\\stm32f4xx_cryp.c 0x00000000   Number         0  stm32f4xx_cryp.o ABSOLUTE
    ..\\Core\\STM32F4xx_StdPeriph_Driver\\src\\stm32f4xx_cryp_aes.c 0x00000000   Number         0  stm32f4xx_cryp_aes.o ABSOLUTE
    ..\\Core\\STM32F4xx_StdPeriph_Driver\\src\\stm32f4xx_cryp_des.c 0x00000000   Number         0  stm32f4xx_cryp_des.o ABSOLUTE
    ..\\Core\\STM32F4xx_StdPeriph_Driver\\src\\stm32f4xx_cryp_tdes.c 0x00000000   Number         0  stm32f4xx_cryp_tdes.o ABSOLUTE
    ..\\Core\\STM32F4xx_StdPeriph_Driver\\src\\stm32f4xx_dac.c 0x00000000   Number         0  stm32f4xx_dac.o ABSOLUTE
    ..\\Core\\STM32F4xx_StdPeriph_Driver\\src\\stm32f4xx_dbgmcu.c 0x00000000   Number         0  stm32f4xx_dbgmcu.o ABSOLUTE
    ..\\Core\\STM32F4xx_StdPeriph_Driver\\src\\stm32f4xx_dcmi.c 0x00000000   Number         0  stm32f4xx_dcmi.o ABSOLUTE
    ..\\Core\\STM32F4xx_StdPeriph_Driver\\src\\stm32f4xx_dfsdm.c 0x00000000   Number         0  stm32f4xx_dfsdm.o ABSOLUTE
    ..\\Core\\STM32F4xx_StdPeriph_Driver\\src\\stm32f4xx_dma.c 0x00000000   Number         0  stm32f4xx_dma.o ABSOLUTE
    ..\\Core\\STM32F4xx_StdPeriph_Driver\\src\\stm32f4xx_dma2d.c 0x00000000   Number         0  stm32f4xx_dma2d.o ABSOLUTE
    ..\\Core\\STM32F4xx_StdPeriph_Driver\\src\\stm32f4xx_dsi.c 0x00000000   Number         0  stm32f4xx_dsi.o ABSOLUTE
    ..\\Core\\STM32F4xx_StdPeriph_Driver\\src\\stm32f4xx_exti.c 0x00000000   Number         0  stm32f4xx_exti.o ABSOLUTE
    ..\\Core\\STM32F4xx_StdPeriph_Driver\\src\\stm32f4xx_flash.c 0x00000000   Number         0  stm32f4xx_flash.o ABSOLUTE
    ..\\Core\\STM32F4xx_StdPeriph_Driver\\src\\stm32f4xx_flash_ramfunc.c 0x00000000   Number         0  stm32f4xx_flash_ramfunc.o ABSOLUTE
    ..\\Core\\STM32F4xx_StdPeriph_Driver\\src\\stm32f4xx_fmpi2c.c 0x00000000   Number         0  stm32f4xx_fmpi2c.o ABSOLUTE
    ..\\Core\\STM32F4xx_StdPeriph_Driver\\src\\stm32f4xx_gpio.c 0x00000000   Number         0  stm32f4xx_gpio.o ABSOLUTE
    ..\\Core\\STM32F4xx_StdPeriph_Driver\\src\\stm32f4xx_hash.c 0x00000000   Number         0  stm32f4xx_hash.o ABSOLUTE
    ..\\Core\\STM32F4xx_StdPeriph_Driver\\src\\stm32f4xx_hash_md5.c 0x00000000   Number         0  stm32f4xx_hash_md5.o ABSOLUTE
    ..\\Core\\STM32F4xx_StdPeriph_Driver\\src\\stm32f4xx_hash_sha1.c 0x00000000   Number         0  stm32f4xx_hash_sha1.o ABSOLUTE
    ..\\Core\\STM32F4xx_StdPeriph_Driver\\src\\stm32f4xx_i2c.c 0x00000000   Number         0  stm32f4xx_i2c.o ABSOLUTE
    ..\\Core\\STM32F4xx_StdPeriph_Driver\\src\\stm32f4xx_iwdg.c 0x00000000   Number         0  stm32f4xx_iwdg.o ABSOLUTE
    ..\\Core\\STM32F4xx_StdPeriph_Driver\\src\\stm32f4xx_lptim.c 0x00000000   Number         0  stm32f4xx_lptim.o ABSOLUTE
    ..\\Core\\STM32F4xx_StdPeriph_Driver\\src\\stm32f4xx_ltdc.c 0x00000000   Number         0  stm32f4xx_ltdc.o ABSOLUTE
    ..\\Core\\STM32F4xx_StdPeriph_Driver\\src\\stm32f4xx_pwr.c 0x00000000   Number         0  stm32f4xx_pwr.o ABSOLUTE
    ..\\Core\\STM32F4xx_StdPeriph_Driver\\src\\stm32f4xx_qspi.c 0x00000000   Number         0  stm32f4xx_qspi.o ABSOLUTE
    ..\\Core\\STM32F4xx_StdPeriph_Driver\\src\\stm32f4xx_rcc.c 0x00000000   Number         0  stm32f4xx_rcc.o ABSOLUTE
    ..\\Core\\STM32F4xx_StdPeriph_Driver\\src\\stm32f4xx_rng.c 0x00000000   Number         0  stm32f4xx_rng.o ABSOLUTE
    ..\\Core\\STM32F4xx_StdPeriph_Driver\\src\\stm32f4xx_rtc.c 0x00000000   Number         0  stm32f4xx_rtc.o ABSOLUTE
    ..\\Core\\STM32F4xx_StdPeriph_Driver\\src\\stm32f4xx_sai.c 0x00000000   Number         0  stm32f4xx_sai.o ABSOLUTE
    ..\\Core\\STM32F4xx_StdPeriph_Driver\\src\\stm32f4xx_sdio.c 0x00000000   Number         0  stm32f4xx_sdio.o ABSOLUTE
    ..\\Core\\STM32F4xx_StdPeriph_Driver\\src\\stm32f4xx_spdifrx.c 0x00000000   Number         0  stm32f4xx_spdifrx.o ABSOLUTE
    ..\\Core\\STM32F4xx_StdPeriph_Driver\\src\\stm32f4xx_spi.c 0x00000000   Number         0  stm32f4xx_spi.o ABSOLUTE
    ..\\Core\\STM32F4xx_StdPeriph_Driver\\src\\stm32f4xx_syscfg.c 0x00000000   Number         0  stm32f4xx_syscfg.o ABSOLUTE
    ..\\Core\\STM32F4xx_StdPeriph_Driver\\src\\stm32f4xx_tim.c 0x00000000   Number         0  stm32f4xx_tim.o ABSOLUTE
    ..\\Core\\STM32F4xx_StdPeriph_Driver\\src\\stm32f4xx_usart.c 0x00000000   Number         0  stm32f4xx_usart.o ABSOLUTE
    ..\\Core\\STM32F4xx_StdPeriph_Driver\\src\\stm32f4xx_wwdg.c 0x00000000   Number         0  stm32f4xx_wwdg.o ABSOLUTE
    ..\\Core\\core_basic_driver\\stm32f4xx_it.c 0x00000000   Number         0  stm32f4xx_it.o ABSOLUTE
    ..\\Core\\core_basic_driver\\system_stm32f4xx.c 0x00000000   Number         0  system_stm32f4xx.o ABSOLUTE
    ..\\Libs\\ArduinoAPI\\Arduino.c          0x00000000   Number         0  arduino.o ABSOLUTE
    ..\\Libs\\ArduinoAPI\\HardwareSerial.cpp 0x00000000   Number         0  hardwareserial.o ABSOLUTE
    ..\\Libs\\ArduinoAPI\\SPI.cpp            0x00000000   Number         0  spi.o ABSOLUTE
    ..\\Libs\\ArduinoAPI\\Stream.cpp         0x00000000   Number         0  stream.o ABSOLUTE
    ..\\Libs\\ArduinoAPI\\Tone.cpp           0x00000000   Number         0  tone.o ABSOLUTE
    ..\\Libs\\ArduinoAPI\\Wire.cpp           0x00000000   Number         0  wire.o ABSOLUTE
    ..\\Libs\\ArduinoAPI\\WireBase.cpp       0x00000000   Number         0  wirebase.o ABSOLUTE
    ..\\Libs\\Quick_STD\\adc.c               0x00000000   Number         0  adc.o ABSOLUTE
    ..\\Libs\\Quick_STD\\delay.c             0x00000000   Number         0  delay.o ABSOLUTE
    ..\\Libs\\Quick_STD\\exti.c              0x00000000   Number         0  exti.o ABSOLUTE
    ..\\Libs\\Quick_STD\\flash.c             0x00000000   Number         0  flash.o ABSOLUTE
    ..\\Libs\\Quick_STD\\gpio.c              0x00000000   Number         0  gpio.o ABSOLUTE
    ..\\Libs\\Quick_STD\\pwm.c               0x00000000   Number         0  pwm.o ABSOLUTE
    ..\\Libs\\Quick_STD\\rtc.c               0x00000000   Number         0  rtc.o ABSOLUTE
    ..\\Libs\\Quick_STD\\timer.c             0x00000000   Number         0  timer.o ABSOLUTE
    ..\\User\\HAL\\HAL.cpp                   0x00000000   Number         0  hal.o ABSOLUTE
    ..\\User\\HAL\\HAL_led_test.cpp          0x00000000   Number         0  hal_led_test.o ABSOLUTE
    ..\\User\\main.cpp                       0x00000000   Number         0  main.o ABSOLUTE
    dc.s                                     0x00000000   Number         0  dc.o ABSOLUTE
    RESET                                    0x08000000   Section      408  startup_stm32f411xe.o(RESET)
    !!!main                                  0x08000198   Section        8  __main.o(!!!main)
    !!!scatter                               0x080001a0   Section       52  __scatter.o(!!!scatter)
    !!handler_copy                           0x080001d4   Section       26  __scatter_copy.o(!!handler_copy)
    !!handler_zi                             0x080001f0   Section       28  __scatter_zi.o(!!handler_zi)
    .ARM.Collect$$libinit$$00000000          0x0800020c   Section        2  libinit.o(.ARM.Collect$$libinit$$00000000)
    .ARM.Collect$$libinit$$00000001          0x0800020e   Section        4  libinit2.o(.ARM.Collect$$libinit$$00000001)
    .ARM.Collect$$libinit$$00000004          0x08000212   Section        0  libinit2.o(.ARM.Collect$$libinit$$00000004)
    .ARM.Collect$$libinit$$0000000A          0x08000212   Section        0  libinit2.o(.ARM.Collect$$libinit$$0000000A)
    .ARM.Collect$$libinit$$0000000C          0x08000212   Section        0  libinit2.o(.ARM.Collect$$libinit$$0000000C)
    .ARM.Collect$$libinit$$0000000E          0x08000212   Section        0  libinit2.o(.ARM.Collect$$libinit$$0000000E)
    .ARM.Collect$$libinit$$00000011          0x08000212   Section        0  libinit2.o(.ARM.Collect$$libinit$$00000011)
    .ARM.Collect$$libinit$$00000013          0x08000212   Section        0  libinit2.o(.ARM.Collect$$libinit$$00000013)
    .ARM.Collect$$libinit$$00000015          0x08000212   Section        0  libinit2.o(.ARM.Collect$$libinit$$00000015)
    .ARM.Collect$$libinit$$00000017          0x08000212   Section        0  libinit2.o(.ARM.Collect$$libinit$$00000017)
    .ARM.Collect$$libinit$$00000019          0x08000212   Section        0  libinit2.o(.ARM.Collect$$libinit$$00000019)
    .ARM.Collect$$libinit$$0000001B          0x08000212   Section        0  libinit2.o(.ARM.Collect$$libinit$$0000001B)
    .ARM.Collect$$libinit$$0000001D          0x08000212   Section        0  libinit2.o(.ARM.Collect$$libinit$$0000001D)
    .ARM.Collect$$libinit$$0000001F          0x08000212   Section        0  libinit2.o(.ARM.Collect$$libinit$$0000001F)
    .ARM.Collect$$libinit$$00000021          0x08000212   Section        0  libinit2.o(.ARM.Collect$$libinit$$00000021)
    .ARM.Collect$$libinit$$00000023          0x08000212   Section        0  libinit2.o(.ARM.Collect$$libinit$$00000023)
    .ARM.Collect$$libinit$$00000025          0x08000212   Section        0  libinit2.o(.ARM.Collect$$libinit$$00000025)
    .ARM.Collect$$libinit$$0000002C          0x08000212   Section        0  libinit2.o(.ARM.Collect$$libinit$$0000002C)
    .ARM.Collect$$libinit$$0000002E          0x08000212   Section        0  libinit2.o(.ARM.Collect$$libinit$$0000002E)
    .ARM.Collect$$libinit$$00000030          0x08000212   Section        0  libinit2.o(.ARM.Collect$$libinit$$00000030)
    .ARM.Collect$$libinit$$00000031          0x08000212   Section        4  libinit2.o(.ARM.Collect$$libinit$$00000031)
    .ARM.Collect$$libinit$$00000032          0x08000216   Section        0  libinit2.o(.ARM.Collect$$libinit$$00000032)
    .ARM.Collect$$libinit$$00000033          0x08000216   Section        2  libinit2.o(.ARM.Collect$$libinit$$00000033)
    .ARM.Collect$$libshutdown$$00000000      0x08000218   Section        2  libshutdown.o(.ARM.Collect$$libshutdown$$00000000)
    .ARM.Collect$$libshutdown$$00000002      0x0800021a   Section        0  libshutdown2.o(.ARM.Collect$$libshutdown$$00000002)
    .ARM.Collect$$libshutdown$$00000004      0x0800021a   Section        0  libshutdown2.o(.ARM.Collect$$libshutdown$$00000004)
    .ARM.Collect$$libshutdown$$00000006      0x0800021a   Section        0  libshutdown2.o(.ARM.Collect$$libshutdown$$00000006)
    .ARM.Collect$$libshutdown$$00000009      0x0800021a   Section        0  libshutdown2.o(.ARM.Collect$$libshutdown$$00000009)
    .ARM.Collect$$libshutdown$$0000000C      0x0800021a   Section        0  libshutdown2.o(.ARM.Collect$$libshutdown$$0000000C)
    .ARM.Collect$$libshutdown$$0000000E      0x0800021a   Section        0  libshutdown2.o(.ARM.Collect$$libshutdown$$0000000E)
    .ARM.Collect$$libshutdown$$00000011      0x0800021a   Section        0  libshutdown2.o(.ARM.Collect$$libshutdown$$00000011)
    .ARM.Collect$$libshutdown$$00000012      0x0800021a   Section        2  libshutdown2.o(.ARM.Collect$$libshutdown$$00000012)
    .ARM.Collect$$rtentry$$00000000          0x0800021c   Section        0  __rtentry.o(.ARM.Collect$$rtentry$$00000000)
    .ARM.Collect$$rtentry$$00000002          0x0800021c   Section        0  __rtentry2.o(.ARM.Collect$$rtentry$$00000002)
    .ARM.Collect$$rtentry$$00000004          0x0800021c   Section        6  __rtentry4.o(.ARM.Collect$$rtentry$$00000004)
    .ARM.Collect$$rtentry$$00000009          0x08000222   Section        0  __rtentry2.o(.ARM.Collect$$rtentry$$00000009)
    .ARM.Collect$$rtentry$$0000000A          0x08000222   Section        4  __rtentry2.o(.ARM.Collect$$rtentry$$0000000A)
    .ARM.Collect$$rtentry$$0000000C          0x08000226   Section        0  __rtentry2.o(.ARM.Collect$$rtentry$$0000000C)
    .ARM.Collect$$rtentry$$0000000D          0x08000226   Section        8  __rtentry2.o(.ARM.Collect$$rtentry$$0000000D)
    .ARM.Collect$$rtexit$$00000000           0x0800022e   Section        2  rtexit.o(.ARM.Collect$$rtexit$$00000000)
    .ARM.Collect$$rtexit$$00000002           0x08000230   Section        0  rtexit2.o(.ARM.Collect$$rtexit$$00000002)
    .ARM.Collect$$rtexit$$00000003           0x08000230   Section        4  rtexit2.o(.ARM.Collect$$rtexit$$00000003)
    .ARM.Collect$$rtexit$$00000004           0x08000234   Section        6  rtexit2.o(.ARM.Collect$$rtexit$$00000004)
    .text                                    0x0800023c   Section       64  startup_stm32f411xe.o(.text)
    $v0                                      0x0800023c   Number         0  startup_stm32f411xe.o(.text)
    .text                                    0x0800027c   Section        0  heapauxi.o(.text)
    .text                                    0x08000284   Section        0  init_aeabi.o(.text)
    .text                                    0x080002a8   Section        8  libspace.o(.text)
    .text                                    0x080002b0   Section        0  sys_exit.o(.text)
    .text                                    0x080002bc   Section       74  sys_stackheap_outer.o(.text)
    .text                                    0x08000306   Section        0  exit.o(.text)
    .text                                    0x08000318   Section        2  use_no_semi.o(.text)
    .text                                    0x0800031a   Section        0  indicate_semi.o(.text)
    i.ADC_DMA_Register                       0x0800031c   Section        0  adc.o(i.ADC_DMA_Register)
    i.ADC_DMA_SearchChannel                  0x080003d8   Section        0  adc.o(i.ADC_DMA_SearchChannel)
    ADC_DMA_SearchChannel                    0x080003d9   Thumb Code    38  adc.o(i.ADC_DMA_SearchChannel)
    i.BusFault_Handler                       0x08000408   Section        0  stm32f4xx_it.o(i.BusFault_Handler)
    i.DebugMon_Handler                       0x0800040c   Section        0  stm32f4xx_it.o(i.DebugMon_Handler)
    i.Delay_Init                             0x08000410   Section        0  delay.o(i.Delay_Init)
    i.EXTI0_IRQHandler                       0x0800045c   Section        0  exti.o(i.EXTI0_IRQHandler)
    i.EXTI15_10_IRQHandler                   0x08000484   Section        0  exti.o(i.EXTI15_10_IRQHandler)
    i.EXTI1_IRQHandler                       0x08000558   Section        0  exti.o(i.EXTI1_IRQHandler)
    i.EXTI2_IRQHandler                       0x08000580   Section        0  exti.o(i.EXTI2_IRQHandler)
    i.EXTI3_IRQHandler                       0x080005a8   Section        0  exti.o(i.EXTI3_IRQHandler)
    i.EXTI4_IRQHandler                       0x080005d0   Section        0  exti.o(i.EXTI4_IRQHandler)
    i.EXTI9_5_IRQHandler                     0x080005f8   Section        0  exti.o(i.EXTI9_5_IRQHandler)
    i.EXTI_ClearITPendingBit                 0x080006a0   Section        0  stm32f4xx_exti.o(i.EXTI_ClearITPendingBit)
    i.EXTI_GetITStatus                       0x080006ac   Section        0  stm32f4xx_exti.o(i.EXTI_GetITStatus)
    i.GPIO_GetPinNum                         0x080006c4   Section        0  gpio.o(i.GPIO_GetPinNum)
    i.GPIO_GetPinSource                      0x080006dc   Section        0  gpio.o(i.GPIO_GetPinSource)
    i.GPIO_Init                              0x080006f0   Section        0  stm32f4xx_gpio.o(i.GPIO_Init)
    i.GPIO_PinAFConfig                       0x08000780   Section        0  stm32f4xx_gpio.o(i.GPIO_PinAFConfig)
    i.GPIOx_Init                             0x080007c8   Section        0  gpio.o(i.GPIOx_Init)
    i.HardFault_Handler                      0x080008f4   Section        0  stm32f4xx_it.o(i.HardFault_Handler)
    i.MemManage_Handler                      0x080008f8   Section        0  stm32f4xx_it.o(i.MemManage_Handler)
    i.NMI_Handler                            0x080008fc   Section        0  stm32f4xx_it.o(i.NMI_Handler)
    i.NVIC_SetPriority                       0x08000900   Section        0  delay.o(i.NVIC_SetPriority)
    NVIC_SetPriority                         0x08000901   Thumb Code    32  delay.o(i.NVIC_SetPriority)
    i.PWM_Init                               0x08000928   Section        0  pwm.o(i.PWM_Init)
    i.PendSV_Handler                         0x08000a44   Section        0  stm32f4xx_it.o(i.PendSV_Handler)
    i.RCC_AHB1PeriphClockCmd                 0x08000a48   Section        0  stm32f4xx_rcc.o(i.RCC_AHB1PeriphClockCmd)
    i.RCC_APB1PeriphClockCmd                 0x08000a68   Section        0  stm32f4xx_rcc.o(i.RCC_APB1PeriphClockCmd)
    i.RCC_APB2PeriphClockCmd                 0x08000a88   Section        0  stm32f4xx_rcc.o(i.RCC_APB2PeriphClockCmd)
    i.RTC_Alarm_IRQHandler                   0x08000aa8   Section        0  rtc.o(i.RTC_Alarm_IRQHandler)
    i.RTC_ClearFlag                          0x08000ac0   Section        0  stm32f4xx_rtc.o(i.RTC_ClearFlag)
    i.RTC_GetFlagStatus                      0x08000adc   Section        0  stm32f4xx_rtc.o(i.RTC_GetFlagStatus)
    i.RTC_WKUP_IRQHandler                    0x08000b04   Section        0  rtc.o(i.RTC_WKUP_IRQHandler)
    i.SVC_Handler                            0x08000b1a   Section        0  stm32f4xx_it.o(i.SVC_Handler)
    i.SetSysClock                            0x08000b1c   Section        0  system_stm32f4xx.o(i.SetSysClock)
    SetSysClock                              0x08000b1d   Thumb Code   138  system_stm32f4xx.o(i.SetSysClock)
    i.SysTick_Handler                        0x08000bb8   Section        0  delay.o(i.SysTick_Handler)
    i.SystemCoreClockUpdate                  0x08000bc8   Section        0  system_stm32f4xx.o(i.SystemCoreClockUpdate)
    i.SystemInit                             0x08000c70   Section        0  system_stm32f4xx.o(i.SystemInit)
    i.TIM1_UP_TIM10_IRQHandler               0x08000cd8   Section        0  timer.o(i.TIM1_UP_TIM10_IRQHandler)
    i.TIM2_IRQHandler                        0x08000d2c   Section        0  timer.o(i.TIM2_IRQHandler)
    i.TIM3_IRQHandler                        0x08000d58   Section        0  timer.o(i.TIM3_IRQHandler)
    i.TIM4_IRQHandler                        0x08000d88   Section        0  timer.o(i.TIM4_IRQHandler)
    i.TIM5_IRQHandler                        0x08000db8   Section        0  timer.o(i.TIM5_IRQHandler)
    i.TIM_ClearITPendingBit                  0x08000de8   Section        0  stm32f4xx_tim.o(i.TIM_ClearITPendingBit)
    i.TIM_Cmd                                0x08000dee   Section        0  stm32f4xx_tim.o(i.TIM_Cmd)
    i.TIM_CtrlPWMOutputs                     0x08000e06   Section        0  stm32f4xx_tim.o(i.TIM_CtrlPWMOutputs)
    i.TIM_GetGPIO_AF                         0x08000e24   Section        0  pwm.o(i.TIM_GetGPIO_AF)
    i.TIM_GetITStatus                        0x08000f54   Section        0  stm32f4xx_tim.o(i.TIM_GetITStatus)
    i.TIM_OC1Init                            0x08000f78   Section        0  stm32f4xx_tim.o(i.TIM_OC1Init)
    i.TIM_OC1PreloadConfig                   0x08000ff4   Section        0  stm32f4xx_tim.o(i.TIM_OC1PreloadConfig)
    i.TIM_OC2Init                            0x08001008   Section        0  stm32f4xx_tim.o(i.TIM_OC2Init)
    i.TIM_OC2PreloadConfig                   0x080010ac   Section        0  stm32f4xx_tim.o(i.TIM_OC2PreloadConfig)
    i.TIM_OC3Init                            0x080010c8   Section        0  stm32f4xx_tim.o(i.TIM_OC3Init)
    i.TIM_OC3PreloadConfig                   0x08001168   Section        0  stm32f4xx_tim.o(i.TIM_OC3PreloadConfig)
    i.TIM_OC4Init                            0x0800117c   Section        0  stm32f4xx_tim.o(i.TIM_OC4Init)
    i.TIM_OC4PreloadConfig                   0x080011f4   Section        0  stm32f4xx_tim.o(i.TIM_OC4PreloadConfig)
    i.TIM_OCStructInit                       0x0800120e   Section        0  stm32f4xx_tim.o(i.TIM_OCStructInit)
    i.TIM_TimeBaseInit                       0x08001224   Section        0  stm32f4xx_tim.o(i.TIM_TimeBaseInit)
    i.TIM_TimeBaseStructInit                 0x080012a8   Section        0  stm32f4xx_tim.o(i.TIM_TimeBaseStructInit)
    i.TIMx_OCxInit                           0x080012bc   Section        0  pwm.o(i.TIMx_OCxInit)
    i.Timer_ClockCmd                         0x08001404   Section        0  timer.o(i.Timer_ClockCmd)
    i.USART1_IRQHandler                      0x08001524   Section        0  hardwareserial.o(i.USART1_IRQHandler)
    i.USART2_IRQHandler                      0x08001534   Section        0  hardwareserial.o(i.USART2_IRQHandler)
    i.USART_ClearITPendingBit                0x08001544   Section        0  stm32f4xx_usart.o(i.USART_ClearITPendingBit)
    i.USART_GetITStatus                      0x08001562   Section        0  stm32f4xx_usart.o(i.USART_GetITStatus)
    i.USART_ReceiveData                      0x080015b6   Section        0  stm32f4xx_usart.o(i.USART_ReceiveData)
    i.UsageFault_Handler                     0x080015c0   Section        0  stm32f4xx_it.o(i.UsageFault_Handler)
    i._Z4Loopv                               0x080015c4   Section        0  main.o(i._Z4Loopv)
    Loop()                                   0x080015c5   Thumb Code    32  main.o(i._Z4Loopv)
    i._Z5Setupv                              0x080015e4   Section        0  main.o(i._Z5Setupv)
    Setup()                                  0x080015e5   Thumb Code     8  main.o(i._Z5Setupv)
    i._ZN14HardwareSerial10IRQHandlerEv      0x080015ec   Section        0  hardwareserial.o(i._ZN14HardwareSerial10IRQHandlerEv)
    i._ZN14HardwareSerialC1EP13USART_TypeDef 0x08001640   Section        0  hardwareserial.o(i._ZN14HardwareSerialC1EP13USART_TypeDef)
    i._ZN3HAL13LED_TEST_InitEv               0x08001674   Section        0  hal_led_test.o(i._ZN3HAL13LED_TEST_InitEv)
    i._ZN3HAL4InitEv                         0x08001688   Section        0  hal.o(i._ZN3HAL4InitEv)
    i._ZN8SPIClassC1EP11SPI_TypeDef          0x08001690   Section        0  spi.o(i._ZN8SPIClassC1EP11SPI_TypeDef)
    i.__sti___18_HardwareSerial_cpp_cfa1b6a6 0x08001694   Section        0  hardwareserial.o(i.__sti___18_HardwareSerial_cpp_cfa1b6a6)
    __sti___18_HardwareSerial_cpp_cfa1b6a6   0x08001695   Thumb Code    28  hardwareserial.o(i.__sti___18_HardwareSerial_cpp_cfa1b6a6)
    i.__sti___7_SPI_cpp_ce5662b4             0x080016c8   Section        0  spi.o(i.__sti___7_SPI_cpp_ce5662b4)
    __sti___7_SPI_cpp_ce5662b4               0x080016c9   Thumb Code    28  spi.o(i.__sti___7_SPI_cpp_ce5662b4)
    i.delay_ms                               0x080016fc   Section        0  delay.o(i.delay_ms)
    i.digitalWrite                           0x08001714   Section        0  arduino.o(i.digitalWrite)
    i.main                                   0x0800174c   Section        0  main.o(i.main)
    i.pinMode                                0x0800175c   Section        0  arduino.o(i.pinMode)
    x$fpl$fpinit                             0x080017d4   Section       10  fpinit.o(x$fpl$fpinit)
    $v0                                      0x080017d4   Number         0  fpinit.o(x$fpl$fpinit)
    .constdata                               0x080017e0   Section     2816  gpio.o(.constdata)
    .constdata__ZTV14HardwareSerial          0x080022e0   Section       36  hardwareserial.o(.constdata__ZTV14HardwareSerial)
    .constdata__ZTV5Print                    0x08002304   Section       20  print.o(.constdata__ZTV5Print)
    .constdata__ZTV6Stream                   0x08002318   Section       36  hardwareserial.o(.constdata__ZTV6Stream)
    .init_array                              0x0800235c   Section        4  hardwareserial.o(.init_array)
    .init_array                              0x08002360   Section        4  spi.o(.init_array)
    .init_array                              0x08002364   Section        0  init_aeabi.o(.init_array)
    .data                                    0x20000000   Section       20  system_stm32f4xx.o(.data)
    .data                                    0x20000014   Section        2  adc.o(.data)
    IsInit                                   0x20000015   Data           1  adc.o(.data)
    .data                                    0x20000018   Section        4  delay.o(.data)
    System_ms                                0x20000018   Data           4  delay.o(.data)
    .bss                                     0x2000001c   Section      468  hardwareserial.o(.bss)
    .bss                                     0x200001f0   Section       84  spi.o(.bss)
    .bss                                     0x20000244   Section       72  adc.o(.bss)
    .bss                                     0x2000028c   Section       64  exti.o(.bss)
    EXTI_Function                            0x2000028c   Data          64  exti.o(.bss)
    .bss                                     0x200002cc   Section       56  timer.o(.bss)
    TIMx_Function                            0x200002cc   Data          56  timer.o(.bss)
    .bss                                     0x20000304   Section       96  libspace.o(.bss)
    HEAP                                     0x20000368   Section      512  startup_stm32f411xe.o(HEAP)
    Heap_Mem                                 0x20000368   Data         512  startup_stm32f411xe.o(HEAP)
    STACK                                    0x20000568   Section     2048  startup_stm32f411xe.o(STACK)
    Stack_Mem                                0x20000568   Data        2048  startup_stm32f411xe.o(STACK)
    __initial_sp                             0x20000d68   Data           0  startup_stm32f411xe.o(STACK)

    Global Symbols

    Symbol Name                              Value     Ov Type        Size  Object(Section)

    BuildAttributes$$THM_ISAv4$E$P$D$K$B$S$7EM$VFPi3$EXTD16$VFPS$VFMA$PE$A:L22UL41UL21$X:L11$S22US41US21$IEEE1$IW$USESV6$~STKCKD$USESV7$~SHL$OTIME$ROPI$IEEEX$EBA8$UX$STANDARDLIB$REQ8$PRES8$EABIv2 0x00000000   Number         0  anon$$obj.o ABSOLUTE
    __ARM_use_no_argv                        0x00000000   Number         0  main.o ABSOLUTE
    _printf_flags                            0x00000000   Number         0  printf_stubs.o ABSOLUTE
    _printf_return_value                     0x00000000   Number         0  printf_stubs.o ABSOLUTE
    _printf_sizespec                         0x00000000   Number         0  printf_stubs.o ABSOLUTE
    _printf_widthprec                        0x00000000   Number         0  printf_stubs.o ABSOLUTE
    __ARM::default_unexpected_handler()       - Undefined Weak Reference
    typeinfo for Printable                    - Undefined Weak Reference
    __ARM_exceptions_buffer_required          - Undefined Weak Reference
    __ARM_exceptions_init                     - Undefined Weak Reference
    __alloca_initialize                       - Undefined Weak Reference
    __arm_fini_                               - Undefined Weak Reference
    __arm_preinit_                            - Undefined Weak Reference
    __cxa_finalize                            - Undefined Weak Reference
    __sigvec_lookup                           - Undefined Weak Reference
    __user_heap_extent                        - Undefined Weak Reference
    _atexit_init                              - Undefined Weak Reference
    _call_atexit_fns                          - Undefined Weak Reference
    _clock_init                               - Undefined Weak Reference
    _fp_trap_init                             - Undefined Weak Reference
    _fp_trap_shutdown                         - Undefined Weak Reference
    _get_lc_collate                           - Undefined Weak Reference
    _get_lc_monetary                          - Undefined Weak Reference
    _get_lc_time                              - Undefined Weak Reference
    _getenv_init                              - Undefined Weak Reference
    _handle_redirection                       - Undefined Weak Reference
    _initio                                   - Undefined Weak Reference
    _mutex_acquire                            - Undefined Weak Reference
    _mutex_free                               - Undefined Weak Reference
    _mutex_release                            - Undefined Weak Reference
    _printf_mbtowc                            - Undefined Weak Reference
    _printf_wc                                - Undefined Weak Reference
    _signal_finish                            - Undefined Weak Reference
    _signal_init                              - Undefined Weak Reference
    _terminateio                              - Undefined Weak Reference
    __Vectors_Size                           0x00000198   Number         0  startup_stm32f411xe.o ABSOLUTE
    __Vectors                                0x08000000   Data           4  startup_stm32f411xe.o(RESET)
    __Vectors_End                            0x08000198   Data           0  startup_stm32f411xe.o(RESET)
    __main                                   0x08000199   Thumb Code     8  __main.o(!!!main)
    __scatterload                            0x080001a1   Thumb Code     0  __scatter.o(!!!scatter)
    __scatterload_rt2                        0x080001a1   Thumb Code    44  __scatter.o(!!!scatter)
    __scatterload_rt2_thumb_only             0x080001a1   Thumb Code     0  __scatter.o(!!!scatter)
    __scatterload_null                       0x080001af   Thumb Code     0  __scatter.o(!!!scatter)
    __scatterload_copy                       0x080001d5   Thumb Code    26  __scatter_copy.o(!!handler_copy)
    __scatterload_zeroinit                   0x080001f1   Thumb Code    28  __scatter_zi.o(!!handler_zi)
    __rt_lib_init                            0x0800020d   Thumb Code     0  libinit.o(.ARM.Collect$$libinit$$00000000)
    __rt_lib_init_fp_1                       0x0800020f   Thumb Code     0  libinit2.o(.ARM.Collect$$libinit$$00000001)
    __rt_lib_init_alloca_1                   0x08000213   Thumb Code     0  libinit2.o(.ARM.Collect$$libinit$$0000002E)
    __rt_lib_init_argv_1                     0x08000213   Thumb Code     0  libinit2.o(.ARM.Collect$$libinit$$0000002C)
    __rt_lib_init_atexit_1                   0x08000213   Thumb Code     0  libinit2.o(.ARM.Collect$$libinit$$0000001B)
    __rt_lib_init_clock_1                    0x08000213   Thumb Code     0  libinit2.o(.ARM.Collect$$libinit$$00000021)
    __rt_lib_init_cpp_2                      0x08000213   Thumb Code     0  libinit2.o(.ARM.Collect$$libinit$$00000031)
    __rt_lib_init_exceptions_1               0x08000213   Thumb Code     0  libinit2.o(.ARM.Collect$$libinit$$00000030)
    __rt_lib_init_fp_trap_1                  0x08000213   Thumb Code     0  libinit2.o(.ARM.Collect$$libinit$$0000001F)
    __rt_lib_init_getenv_1                   0x08000213   Thumb Code     0  libinit2.o(.ARM.Collect$$libinit$$00000023)
    __rt_lib_init_heap_1                     0x08000213   Thumb Code     0  libinit2.o(.ARM.Collect$$libinit$$0000000A)
    __rt_lib_init_lc_collate_1               0x08000213   Thumb Code     0  libinit2.o(.ARM.Collect$$libinit$$00000011)
    __rt_lib_init_lc_ctype_1                 0x08000213   Thumb Code     0  libinit2.o(.ARM.Collect$$libinit$$00000013)
    __rt_lib_init_lc_monetary_1              0x08000213   Thumb Code     0  libinit2.o(.ARM.Collect$$libinit$$00000015)
    __rt_lib_init_lc_numeric_1               0x08000213   Thumb Code     0  libinit2.o(.ARM.Collect$$libinit$$00000017)
    __rt_lib_init_lc_time_1                  0x08000213   Thumb Code     0  libinit2.o(.ARM.Collect$$libinit$$00000019)
    __rt_lib_init_preinit_1                  0x08000213   Thumb Code     0  libinit2.o(.ARM.Collect$$libinit$$00000004)
    __rt_lib_init_rand_1                     0x08000213   Thumb Code     0  libinit2.o(.ARM.Collect$$libinit$$0000000E)
    __rt_lib_init_signal_1                   0x08000213   Thumb Code     0  libinit2.o(.ARM.Collect$$libinit$$0000001D)
    __rt_lib_init_stdio_1                    0x08000213   Thumb Code     0  libinit2.o(.ARM.Collect$$libinit$$00000025)
    __rt_lib_init_user_alloc_1               0x08000213   Thumb Code     0  libinit2.o(.ARM.Collect$$libinit$$0000000C)
    __rt_lib_init_cpp_1                      0x08000217   Thumb Code     0  libinit2.o(.ARM.Collect$$libinit$$00000032)
    __rt_lib_init_return                     0x08000217   Thumb Code     0  libinit2.o(.ARM.Collect$$libinit$$00000033)
    __rt_lib_shutdown                        0x08000219   Thumb Code     0  libshutdown.o(.ARM.Collect$$libshutdown$$00000000)
    __rt_lib_shutdown_cpp_1                  0x0800021b   Thumb Code     0  libshutdown2.o(.ARM.Collect$$libshutdown$$00000004)
    __rt_lib_shutdown_fini_1                 0x0800021b   Thumb Code     0  libshutdown2.o(.ARM.Collect$$libshutdown$$00000002)
    __rt_lib_shutdown_fp_trap_1              0x0800021b   Thumb Code     0  libshutdown2.o(.ARM.Collect$$libshutdown$$00000009)
    __rt_lib_shutdown_heap_1                 0x0800021b   Thumb Code     0  libshutdown2.o(.ARM.Collect$$libshutdown$$00000011)
    __rt_lib_shutdown_return                 0x0800021b   Thumb Code     0  libshutdown2.o(.ARM.Collect$$libshutdown$$00000012)
    __rt_lib_shutdown_signal_1               0x0800021b   Thumb Code     0  libshutdown2.o(.ARM.Collect$$libshutdown$$0000000C)
    __rt_lib_shutdown_stdio_1                0x0800021b   Thumb Code     0  libshutdown2.o(.ARM.Collect$$libshutdown$$00000006)
    __rt_lib_shutdown_user_alloc_1           0x0800021b   Thumb Code     0  libshutdown2.o(.ARM.Collect$$libshutdown$$0000000E)
    __rt_entry                               0x0800021d   Thumb Code     0  __rtentry.o(.ARM.Collect$$rtentry$$00000000)
    __rt_entry_presh_1                       0x0800021d   Thumb Code     0  __rtentry2.o(.ARM.Collect$$rtentry$$00000002)
    __rt_entry_sh                            0x0800021d   Thumb Code     0  __rtentry4.o(.ARM.Collect$$rtentry$$00000004)
    __rt_entry_li                            0x08000223   Thumb Code     0  __rtentry2.o(.ARM.Collect$$rtentry$$0000000A)
    __rt_entry_postsh_1                      0x08000223   Thumb Code     0  __rtentry2.o(.ARM.Collect$$rtentry$$00000009)
    __rt_entry_main                          0x08000227   Thumb Code     0  __rtentry2.o(.ARM.Collect$$rtentry$$0000000D)
    __rt_entry_postli_1                      0x08000227   Thumb Code     0  __rtentry2.o(.ARM.Collect$$rtentry$$0000000C)
    __rt_exit                                0x0800022f   Thumb Code     0  rtexit.o(.ARM.Collect$$rtexit$$00000000)
    __rt_exit_ls                             0x08000231   Thumb Code     0  rtexit2.o(.ARM.Collect$$rtexit$$00000003)
    __rt_exit_prels_1                        0x08000231   Thumb Code     0  rtexit2.o(.ARM.Collect$$rtexit$$00000002)
    __rt_exit_exit                           0x08000235   Thumb Code     0  rtexit2.o(.ARM.Collect$$rtexit$$00000004)
    Reset_Handler                            0x0800023d   Thumb Code     8  startup_stm32f411xe.o(.text)
    ADC_IRQHandler                           0x08000257   Thumb Code     0  startup_stm32f411xe.o(.text)
    DMA1_Stream0_IRQHandler                  0x08000257   Thumb Code     0  startup_stm32f411xe.o(.text)
    DMA1_Stream1_IRQHandler                  0x08000257   Thumb Code     0  startup_stm32f411xe.o(.text)
    DMA1_Stream2_IRQHandler                  0x08000257   Thumb Code     0  startup_stm32f411xe.o(.text)
    DMA1_Stream3_IRQHandler                  0x08000257   Thumb Code     0  startup_stm32f411xe.o(.text)
    DMA1_Stream4_IRQHandler                  0x08000257   Thumb Code     0  startup_stm32f411xe.o(.text)
    DMA1_Stream5_IRQHandler                  0x08000257   Thumb Code     0  startup_stm32f411xe.o(.text)
    DMA1_Stream6_IRQHandler                  0x08000257   Thumb Code     0  startup_stm32f411xe.o(.text)
    DMA1_Stream7_IRQHandler                  0x08000257   Thumb Code     0  startup_stm32f411xe.o(.text)
    DMA2_Stream0_IRQHandler                  0x08000257   Thumb Code     0  startup_stm32f411xe.o(.text)
    DMA2_Stream1_IRQHandler                  0x08000257   Thumb Code     0  startup_stm32f411xe.o(.text)
    DMA2_Stream2_IRQHandler                  0x08000257   Thumb Code     0  startup_stm32f411xe.o(.text)
    DMA2_Stream3_IRQHandler                  0x08000257   Thumb Code     0  startup_stm32f411xe.o(.text)
    DMA2_Stream4_IRQHandler                  0x08000257   Thumb Code     0  startup_stm32f411xe.o(.text)
    DMA2_Stream5_IRQHandler                  0x08000257   Thumb Code     0  startup_stm32f411xe.o(.text)
    DMA2_Stream6_IRQHandler                  0x08000257   Thumb Code     0  startup_stm32f411xe.o(.text)
    DMA2_Stream7_IRQHandler                  0x08000257   Thumb Code     0  startup_stm32f411xe.o(.text)
    FLASH_IRQHandler                         0x08000257   Thumb Code     0  startup_stm32f411xe.o(.text)
    FPU_IRQHandler                           0x08000257   Thumb Code     0  startup_stm32f411xe.o(.text)
    I2C1_ER_IRQHandler                       0x08000257   Thumb Code     0  startup_stm32f411xe.o(.text)
    I2C1_EV_IRQHandler                       0x08000257   Thumb Code     0  startup_stm32f411xe.o(.text)
    I2C2_ER_IRQHandler                       0x08000257   Thumb Code     0  startup_stm32f411xe.o(.text)
    I2C2_EV_IRQHandler                       0x08000257   Thumb Code     0  startup_stm32f411xe.o(.text)
    I2C3_ER_IRQHandler                       0x08000257   Thumb Code     0  startup_stm32f411xe.o(.text)
    I2C3_EV_IRQHandler                       0x08000257   Thumb Code     0  startup_stm32f411xe.o(.text)
    OTG_FS_IRQHandler                        0x08000257   Thumb Code     0  startup_stm32f411xe.o(.text)
    OTG_FS_WKUP_IRQHandler                   0x08000257   Thumb Code     0  startup_stm32f411xe.o(.text)
    PVD_IRQHandler                           0x08000257   Thumb Code     0  startup_stm32f411xe.o(.text)
    RCC_IRQHandler                           0x08000257   Thumb Code     0  startup_stm32f411xe.o(.text)
    SDIO_IRQHandler                          0x08000257   Thumb Code     0  startup_stm32f411xe.o(.text)
    SPI1_IRQHandler                          0x08000257   Thumb Code     0  startup_stm32f411xe.o(.text)
    SPI2_IRQHandler                          0x08000257   Thumb Code     0  startup_stm32f411xe.o(.text)
    SPI3_IRQHandler                          0x08000257   Thumb Code     0  startup_stm32f411xe.o(.text)
    SPI4_IRQHandler                          0x08000257   Thumb Code     0  startup_stm32f411xe.o(.text)
    SPI5_IRQHandler                          0x08000257   Thumb Code     0  startup_stm32f411xe.o(.text)
    TAMP_STAMP_IRQHandler                    0x08000257   Thumb Code     0  startup_stm32f411xe.o(.text)
    TIM1_BRK_TIM9_IRQHandler                 0x08000257   Thumb Code     0  startup_stm32f411xe.o(.text)
    TIM1_CC_IRQHandler                       0x08000257   Thumb Code     0  startup_stm32f411xe.o(.text)
    TIM1_TRG_COM_TIM11_IRQHandler            0x08000257   Thumb Code     0  startup_stm32f411xe.o(.text)
    USART6_IRQHandler                        0x08000257   Thumb Code     0  startup_stm32f411xe.o(.text)
    WWDG_IRQHandler                          0x08000257   Thumb Code     0  startup_stm32f411xe.o(.text)
    __user_initial_stackheap                 0x08000259   Thumb Code     0  startup_stm32f411xe.o(.text)
    __use_two_region_memory                  0x0800027d   Thumb Code     2  heapauxi.o(.text)
    __rt_heap_escrow                         0x0800027f   Thumb Code     2  heapauxi.o(.text)
    __rt_heap_expand                         0x08000281   Thumb Code     2  heapauxi.o(.text)
    __cpp_initialize__aeabi_                 0x08000285   Thumb Code    26  init_aeabi.o(.text)
    __user_libspace                          0x080002a9   Thumb Code     8  libspace.o(.text)
    __user_perproc_libspace                  0x080002a9   Thumb Code     0  libspace.o(.text)
    __user_perthread_libspace                0x080002a9   Thumb Code     0  libspace.o(.text)
    _sys_exit                                0x080002b1   Thumb Code     8  sys_exit.o(.text)
    __user_setup_stackheap                   0x080002bd   Thumb Code    74  sys_stackheap_outer.o(.text)
    exit                                     0x08000307   Thumb Code    18  exit.o(.text)
    __I$use$semihosting                      0x08000319   Thumb Code     0  use_no_semi.o(.text)
    __use_no_semihosting_swi                 0x08000319   Thumb Code     2  use_no_semi.o(.text)
    __semihosting_library_function           0x0800031b   Thumb Code     0  indicate_semi.o(.text)
    ADC_DMA_Register                         0x0800031d   Thumb Code   176  adc.o(i.ADC_DMA_Register)
    BusFault_Handler                         0x08000409   Thumb Code     4  stm32f4xx_it.o(i.BusFault_Handler)
    DebugMon_Handler                         0x0800040d   Thumb Code     2  stm32f4xx_it.o(i.DebugMon_Handler)
    Delay_Init                               0x08000411   Thumb Code    70  delay.o(i.Delay_Init)
    EXTI0_IRQHandler                         0x0800045d   Thumb Code    34  exti.o(i.EXTI0_IRQHandler)
    EXTI15_10_IRQHandler                     0x08000485   Thumb Code   208  exti.o(i.EXTI15_10_IRQHandler)
    EXTI1_IRQHandler                         0x08000559   Thumb Code    34  exti.o(i.EXTI1_IRQHandler)
    EXTI2_IRQHandler                         0x08000581   Thumb Code    34  exti.o(i.EXTI2_IRQHandler)
    EXTI3_IRQHandler                         0x080005a9   Thumb Code    34  exti.o(i.EXTI3_IRQHandler)
    EXTI4_IRQHandler                         0x080005d1   Thumb Code    34  exti.o(i.EXTI4_IRQHandler)
    EXTI9_5_IRQHandler                       0x080005f9   Thumb Code   162  exti.o(i.EXTI9_5_IRQHandler)
    EXTI_ClearITPendingBit                   0x080006a1   Thumb Code     6  stm32f4xx_exti.o(i.EXTI_ClearITPendingBit)
    EXTI_GetITStatus                         0x080006ad   Thumb Code    20  stm32f4xx_exti.o(i.EXTI_GetITStatus)
    GPIO_GetPinNum                           0x080006c5   Thumb Code    18  gpio.o(i.GPIO_GetPinNum)
    GPIO_GetPinSource                        0x080006dd   Thumb Code    20  gpio.o(i.GPIO_GetPinSource)
    GPIO_Init                                0x080006f1   Thumb Code   144  stm32f4xx_gpio.o(i.GPIO_Init)
    GPIO_PinAFConfig                         0x08000781   Thumb Code    70  stm32f4xx_gpio.o(i.GPIO_PinAFConfig)
    GPIOx_Init                               0x080007c9   Thumb Code   256  gpio.o(i.GPIOx_Init)
    HardFault_Handler                        0x080008f5   Thumb Code     4  stm32f4xx_it.o(i.HardFault_Handler)
    MemManage_Handler                        0x080008f9   Thumb Code     4  stm32f4xx_it.o(i.MemManage_Handler)
    NMI_Handler                              0x080008fd   Thumb Code     2  stm32f4xx_it.o(i.NMI_Handler)
    PWM_Init                                 0x08000929   Thumb Code   256  pwm.o(i.PWM_Init)
    PendSV_Handler                           0x08000a45   Thumb Code     2  stm32f4xx_it.o(i.PendSV_Handler)
    RCC_AHB1PeriphClockCmd                   0x08000a49   Thumb Code    26  stm32f4xx_rcc.o(i.RCC_AHB1PeriphClockCmd)
    RCC_APB1PeriphClockCmd                   0x08000a69   Thumb Code    26  stm32f4xx_rcc.o(i.RCC_APB1PeriphClockCmd)
    RCC_APB2PeriphClockCmd                   0x08000a89   Thumb Code    26  stm32f4xx_rcc.o(i.RCC_APB2PeriphClockCmd)
    RTC_Alarm_IRQHandler                     0x08000aa9   Thumb Code    22  rtc.o(i.RTC_Alarm_IRQHandler)
    RTC_ClearFlag                            0x08000ac1   Thumb Code    24  stm32f4xx_rtc.o(i.RTC_ClearFlag)
    RTC_GetFlagStatus                        0x08000add   Thumb Code    32  stm32f4xx_rtc.o(i.RTC_GetFlagStatus)
    RTC_WKUP_IRQHandler                      0x08000b05   Thumb Code    22  rtc.o(i.RTC_WKUP_IRQHandler)
    SVC_Handler                              0x08000b1b   Thumb Code     2  stm32f4xx_it.o(i.SVC_Handler)
    SysTick_Handler                          0x08000bb9   Thumb Code    12  delay.o(i.SysTick_Handler)
    SystemCoreClockUpdate                    0x08000bc9   Thumb Code   148  system_stm32f4xx.o(i.SystemCoreClockUpdate)
    SystemInit                               0x08000c71   Thumb Code    88  system_stm32f4xx.o(i.SystemInit)
    TIM1_UP_TIM10_IRQHandler                 0x08000cd9   Thumb Code    72  timer.o(i.TIM1_UP_TIM10_IRQHandler)
    TIM2_IRQHandler                          0x08000d2d   Thumb Code    38  timer.o(i.TIM2_IRQHandler)
    TIM3_IRQHandler                          0x08000d59   Thumb Code    38  timer.o(i.TIM3_IRQHandler)
    TIM4_IRQHandler                          0x08000d89   Thumb Code    38  timer.o(i.TIM4_IRQHandler)
    TIM5_IRQHandler                          0x08000db9   Thumb Code    38  timer.o(i.TIM5_IRQHandler)
    TIM_ClearITPendingBit                    0x08000de9   Thumb Code     6  stm32f4xx_tim.o(i.TIM_ClearITPendingBit)
    TIM_Cmd                                  0x08000def   Thumb Code    24  stm32f4xx_tim.o(i.TIM_Cmd)
    TIM_CtrlPWMOutputs                       0x08000e07   Thumb Code    30  stm32f4xx_tim.o(i.TIM_CtrlPWMOutputs)
    TIM_GetGPIO_AF                           0x08000e25   Thumb Code   248  pwm.o(i.TIM_GetGPIO_AF)
    TIM_GetITStatus                          0x08000f55   Thumb Code    34  stm32f4xx_tim.o(i.TIM_GetITStatus)
    TIM_OC1Init                              0x08000f79   Thumb Code   114  stm32f4xx_tim.o(i.TIM_OC1Init)
    TIM_OC1PreloadConfig                     0x08000ff5   Thumb Code    18  stm32f4xx_tim.o(i.TIM_OC1PreloadConfig)
    TIM_OC2Init                              0x08001009   Thumb Code   154  stm32f4xx_tim.o(i.TIM_OC2Init)
    TIM_OC2PreloadConfig                     0x080010ad   Thumb Code    26  stm32f4xx_tim.o(i.TIM_OC2PreloadConfig)
    TIM_OC3Init                              0x080010c9   Thumb Code   150  stm32f4xx_tim.o(i.TIM_OC3Init)
    TIM_OC3PreloadConfig                     0x08001169   Thumb Code    18  stm32f4xx_tim.o(i.TIM_OC3PreloadConfig)
    TIM_OC4Init                              0x0800117d   Thumb Code   112  stm32f4xx_tim.o(i.TIM_OC4Init)
    TIM_OC4PreloadConfig                     0x080011f5   Thumb Code    26  stm32f4xx_tim.o(i.TIM_OC4PreloadConfig)
    TIM_OCStructInit                         0x0800120f   Thumb Code    20  stm32f4xx_tim.o(i.TIM_OCStructInit)
    TIM_TimeBaseInit                         0x08001225   Thumb Code   104  stm32f4xx_tim.o(i.TIM_TimeBaseInit)
    TIM_TimeBaseStructInit                   0x080012a9   Thumb Code    18  stm32f4xx_tim.o(i.TIM_TimeBaseStructInit)
    TIMx_OCxInit                             0x080012bd   Thumb Code   274  pwm.o(i.TIMx_OCxInit)
    Timer_ClockCmd                           0x08001405   Thumb Code   236  timer.o(i.Timer_ClockCmd)
    USART1_IRQHandler                        0x08001525   Thumb Code    10  hardwareserial.o(i.USART1_IRQHandler)
    USART2_IRQHandler                        0x08001535   Thumb Code    10  hardwareserial.o(i.USART2_IRQHandler)
    USART_ClearITPendingBit                  0x08001545   Thumb Code    30  stm32f4xx_usart.o(i.USART_ClearITPendingBit)
    USART_GetITStatus                        0x08001563   Thumb Code    84  stm32f4xx_usart.o(i.USART_GetITStatus)
    USART_ReceiveData                        0x080015b7   Thumb Code    10  stm32f4xx_usart.o(i.USART_ReceiveData)
    UsageFault_Handler                       0x080015c1   Thumb Code     4  stm32f4xx_it.o(i.UsageFault_Handler)
    HardwareSerial::IRQHandler()             0x080015ed   Thumb Code    82  hardwareserial.o(i._ZN14HardwareSerial10IRQHandlerEv)
    HardwareSerial::HardwareSerial(USART_TypeDef*) 0x08001641   Thumb Code    40  hardwareserial.o(i._ZN14HardwareSerialC1EP13USART_TypeDef)
    HardwareSerial::HardwareSerial__sub_object(USART_TypeDef*) 0x08001641   Thumb Code     0  hardwareserial.o(i._ZN14HardwareSerialC1EP13USART_TypeDef)
    HAL::LED_TEST_Init()                     0x08001675   Thumb Code    20  hal_led_test.o(i._ZN3HAL13LED_TEST_InitEv)
    HAL::Init()                              0x08001689   Thumb Code     8  hal.o(i._ZN3HAL4InitEv)
    SPIClass::SPIClass(SPI_TypeDef*)         0x08001691   Thumb Code     4  spi.o(i._ZN8SPIClassC1EP11SPI_TypeDef)
    SPIClass::SPIClass__sub_object(SPI_TypeDef*) 0x08001691   Thumb Code     0  spi.o(i._ZN8SPIClassC1EP11SPI_TypeDef)
    delay_ms                                 0x080016fd   Thumb Code    18  delay.o(i.delay_ms)
    digitalWrite                             0x08001715   Thumb Code    50  arduino.o(i.digitalWrite)
    main                                     0x0800174d   Thumb Code    16  main.o(i.main)
    pinMode                                  0x0800175d   Thumb Code   114  arduino.o(i.pinMode)
    _fp_init                                 0x080017d5   Thumb Code    10  fpinit.o(x$fpl$fpinit)
    __fplib_config_fpu_vfp                   0x080017dd   Thumb Code     0  fpinit.o(x$fpl$fpinit)
    __fplib_config_pureend_doubles           0x080017dd   Thumb Code     0  fpinit.o(x$fpl$fpinit)
    PIN_MAP                                  0x080017e0   Data        2816  gpio.o(.constdata)
    vtable for HardwareSerial                0x080022e0   Data          36  hardwareserial.o(.constdata__ZTV14HardwareSerial)
    vtable for Print                         0x08002304   Data          20  print.o(.constdata__ZTV5Print)
    vtable for Stream                        0x08002318   Data          36  hardwareserial.o(.constdata__ZTV6Stream)
    Region$$Table$$Base                      0x0800233c   Number         0  anon$$obj.o(Region$$Table)
    Region$$Table$$Limit                     0x0800235c   Number         0  anon$$obj.o(Region$$Table)
    SHT$$INIT_ARRAY$$Base                    0x0800235c   Number         0  hardwareserial.o(.init_array)
    SHT$$INIT_ARRAY$$Limit                   0x08002364   Number         0  init_aeabi.o(.init_array)
    SystemCoreClock                          0x20000000   Data           4  system_stm32f4xx.o(.data)
    AHBPrescTable                            0x20000004   Data          16  system_stm32f4xx.o(.data)
    ADC_DMA_RegCnt                           0x20000014   Data           1  adc.o(.data)
    Serial                                   0x2000001c   Data         156  hardwareserial.o(.bss)
    Serial2                                  0x200000b8   Data         156  hardwareserial.o(.bss)
    Serial3                                  0x20000154   Data         156  hardwareserial.o(.bss)
    SPI                                      0x200001f0   Data          28  spi.o(.bss)
    SPI_2                                    0x2000020c   Data          28  spi.o(.bss)
    SPI_3                                    0x20000228   Data          28  spi.o(.bss)
    ADC_DMA_RegChannelList                   0x20000244   Data          36  adc.o(.bss)
    ADC_DMA_ConvertedValue                   0x20000268   Data          36  adc.o(.bss)
    __libspace_start                         0x20000304   Data          96  libspace.o(.bss)
    __temporary_stack_top$libspace           0x20000364   Data           0  libspace.o(.bss)



==============================================================================

Memory Map of the image

  Image Entry point : 0x08000199

  Load Region LR_IROM1 (Base: 0x08000000, Size: 0x00002380, Max: 0x00080000, ABSOLUTE)

    Execution Region ER_IROM1 (Exec base: 0x08000000, Load base: 0x08000000, Size: 0x00002364, Max: 0x00080000, ABSOLUTE)

    Exec Addr    Load Addr    Size         Type   Attr      Idx    E Section Name        Object

    0x08000000   0x08000000   0x00000198   Data   RO            3    RESET               startup_stm32f411xe.o
    0x08000198   0x08000198   0x00000008   Code   RO         7869  * !!!main             c_w.l(__main.o)
    0x080001a0   0x080001a0   0x00000034   Code   RO         8533    !!!scatter          c_w.l(__scatter.o)
    0x080001d4   0x080001d4   0x0000001a   Code   RO         8535    !!handler_copy      c_w.l(__scatter_copy.o)
    0x080001ee   0x080001ee   0x00000002   PAD
    0x080001f0   0x080001f0   0x0000001c   Code   RO         8537    !!handler_zi        c_w.l(__scatter_zi.o)
    0x0800020c   0x0800020c   0x00000002   Code   RO         8397    .ARM.Collect$$libinit$$00000000  c_w.l(libinit.o)
    0x0800020e   0x0800020e   0x00000004   Code   RO         8172    .ARM.Collect$$libinit$$00000001  c_w.l(libinit2.o)
    0x08000212   0x08000212   0x00000000   Code   RO         8175    .ARM.Collect$$libinit$$00000004  c_w.l(libinit2.o)
    0x08000212   0x08000212   0x00000000   Code   RO         8178    .ARM.Collect$$libinit$$0000000A  c_w.l(libinit2.o)
    0x08000212   0x08000212   0x00000000   Code   RO         8180    .ARM.Collect$$libinit$$0000000C  c_w.l(libinit2.o)
    0x08000212   0x08000212   0x00000000   Code   RO         8182    .ARM.Collect$$libinit$$0000000E  c_w.l(libinit2.o)
    0x08000212   0x08000212   0x00000000   Code   RO         8185    .ARM.Collect$$libinit$$00000011  c_w.l(libinit2.o)
    0x08000212   0x08000212   0x00000000   Code   RO         8187    .ARM.Collect$$libinit$$00000013  c_w.l(libinit2.o)
    0x08000212   0x08000212   0x00000000   Code   RO         8189    .ARM.Collect$$libinit$$00000015  c_w.l(libinit2.o)
    0x08000212   0x08000212   0x00000000   Code   RO         8191    .ARM.Collect$$libinit$$00000017  c_w.l(libinit2.o)
    0x08000212   0x08000212   0x00000000   Code   RO         8193    .ARM.Collect$$libinit$$00000019  c_w.l(libinit2.o)
    0x08000212   0x08000212   0x00000000   Code   RO         8195    .ARM.Collect$$libinit$$0000001B  c_w.l(libinit2.o)
    0x08000212   0x08000212   0x00000000   Code   RO         8197    .ARM.Collect$$libinit$$0000001D  c_w.l(libinit2.o)
    0x08000212   0x08000212   0x00000000   Code   RO         8199    .ARM.Collect$$libinit$$0000001F  c_w.l(libinit2.o)
    0x08000212   0x08000212   0x00000000   Code   RO         8201    .ARM.Collect$$libinit$$00000021  c_w.l(libinit2.o)
    0x08000212   0x08000212   0x00000000   Code   RO         8203    .ARM.Collect$$libinit$$00000023  c_w.l(libinit2.o)
    0x08000212   0x08000212   0x00000000   Code   RO         8205    .ARM.Collect$$libinit$$00000025  c_w.l(libinit2.o)
    0x08000212   0x08000212   0x00000000   Code   RO         8209    .ARM.Collect$$libinit$$0000002C  c_w.l(libinit2.o)
    0x08000212   0x08000212   0x00000000   Code   RO         8211    .ARM.Collect$$libinit$$0000002E  c_w.l(libinit2.o)
    0x08000212   0x08000212   0x00000000   Code   RO         8213    .ARM.Collect$$libinit$$00000030  c_w.l(libinit2.o)
    0x08000212   0x08000212   0x00000004   Code   RO         8214    .ARM.Collect$$libinit$$00000031  c_w.l(libinit2.o)
    0x08000216   0x08000216   0x00000000   Code   RO         8215    .ARM.Collect$$libinit$$00000032  c_w.l(libinit2.o)
    0x08000216   0x08000216   0x00000002   Code   RO         8216    .ARM.Collect$$libinit$$00000033  c_w.l(libinit2.o)
    0x08000218   0x08000218   0x00000002   Code   RO         8491    .ARM.Collect$$libshutdown$$00000000  c_w.l(libshutdown.o)
    0x0800021a   0x0800021a   0x00000000   Code   RO         8421    .ARM.Collect$$libshutdown$$00000002  c_w.l(libshutdown2.o)
    0x0800021a   0x0800021a   0x00000000   Code   RO         8423    .ARM.Collect$$libshutdown$$00000004  c_w.l(libshutdown2.o)
    0x0800021a   0x0800021a   0x00000000   Code   RO         8425    .ARM.Collect$$libshutdown$$00000006  c_w.l(libshutdown2.o)
    0x0800021a   0x0800021a   0x00000000   Code   RO         8428    .ARM.Collect$$libshutdown$$00000009  c_w.l(libshutdown2.o)
    0x0800021a   0x0800021a   0x00000000   Code   RO         8431    .ARM.Collect$$libshutdown$$0000000C  c_w.l(libshutdown2.o)
    0x0800021a   0x0800021a   0x00000000   Code   RO         8433    .ARM.Collect$$libshutdown$$0000000E  c_w.l(libshutdown2.o)
    0x0800021a   0x0800021a   0x00000000   Code   RO         8436    .ARM.Collect$$libshutdown$$00000011  c_w.l(libshutdown2.o)
    0x0800021a   0x0800021a   0x00000002   Code   RO         8437    .ARM.Collect$$libshutdown$$00000012  c_w.l(libshutdown2.o)
    0x0800021c   0x0800021c   0x00000000   Code   RO         8042    .ARM.Collect$$rtentry$$00000000  c_w.l(__rtentry.o)
    0x0800021c   0x0800021c   0x00000000   Code   RO         8245    .ARM.Collect$$rtentry$$00000002  c_w.l(__rtentry2.o)
    0x0800021c   0x0800021c   0x00000006   Code   RO         8257    .ARM.Collect$$rtentry$$00000004  c_w.l(__rtentry4.o)
    0x08000222   0x08000222   0x00000000   Code   RO         8247    .ARM.Collect$$rtentry$$00000009  c_w.l(__rtentry2.o)
    0x08000222   0x08000222   0x00000004   Code   RO         8248    .ARM.Collect$$rtentry$$0000000A  c_w.l(__rtentry2.o)
    0x08000226   0x08000226   0x00000000   Code   RO         8250    .ARM.Collect$$rtentry$$0000000C  c_w.l(__rtentry2.o)
    0x08000226   0x08000226   0x00000008   Code   RO         8251    .ARM.Collect$$rtentry$$0000000D  c_w.l(__rtentry2.o)
    0x0800022e   0x0800022e   0x00000002   Code   RO         8406    .ARM.Collect$$rtexit$$00000000  c_w.l(rtexit.o)
    0x08000230   0x08000230   0x00000000   Code   RO         8457    .ARM.Collect$$rtexit$$00000002  c_w.l(rtexit2.o)
    0x08000230   0x08000230   0x00000004   Code   RO         8458    .ARM.Collect$$rtexit$$00000003  c_w.l(rtexit2.o)
    0x08000234   0x08000234   0x00000006   Code   RO         8459    .ARM.Collect$$rtexit$$00000004  c_w.l(rtexit2.o)
    0x0800023a   0x0800023a   0x00000002   PAD
    0x0800023c   0x0800023c   0x00000040   Code   RO            4    .text               startup_stm32f411xe.o
    0x0800027c   0x0800027c   0x00000006   Code   RO         7867    .text               c_w.l(heapauxi.o)
    0x08000282   0x08000282   0x00000002   PAD
    0x08000284   0x08000284   0x00000024   Code   RO         7874    .text               c_w.l(init_aeabi.o)
    0x080002a8   0x080002a8   0x00000008   Code   RO         8241    .text               c_w.l(libspace.o)
    0x080002b0   0x080002b0   0x0000000c   Code   RO         8357    .text               c_w.l(sys_exit.o)
    0x080002bc   0x080002bc   0x0000004a   Code   RO         8359    .text               c_w.l(sys_stackheap_outer.o)
    0x08000306   0x08000306   0x00000012   Code   RO         8374    .text               c_w.l(exit.o)
    0x08000318   0x08000318   0x00000002   Code   RO         8403    .text               c_w.l(use_no_semi.o)
    0x0800031a   0x0800031a   0x00000000   Code   RO         8405    .text               c_w.l(indicate_semi.o)
    0x0800031a   0x0800031a   0x00000002   PAD
    0x0800031c   0x0800031c   0x000000bc   Code   RO         7069    i.ADC_DMA_Register  adc.o
    0x080003d8   0x080003d8   0x00000030   Code   RO         7070    i.ADC_DMA_SearchChannel  adc.o
    0x08000408   0x08000408   0x00000004   Code   RO         4919    i.BusFault_Handler  stm32f4xx_it.o
    0x0800040c   0x0800040c   0x00000002   Code   RO         4920    i.DebugMon_Handler  stm32f4xx_it.o
    0x0800040e   0x0800040e   0x00000002   PAD
    0x08000410   0x08000410   0x0000004c   Code   RO         7128    i.Delay_Init        delay.o
    0x0800045c   0x0800045c   0x00000028   Code   RO         7193    i.EXTI0_IRQHandler  exti.o
    0x08000484   0x08000484   0x000000d4   Code   RO         7194    i.EXTI15_10_IRQHandler  exti.o
    0x08000558   0x08000558   0x00000028   Code   RO         7195    i.EXTI1_IRQHandler  exti.o
    0x08000580   0x08000580   0x00000028   Code   RO         7196    i.EXTI2_IRQHandler  exti.o
    0x080005a8   0x080005a8   0x00000028   Code   RO         7197    i.EXTI3_IRQHandler  exti.o
    0x080005d0   0x080005d0   0x00000028   Code   RO         7198    i.EXTI4_IRQHandler  exti.o
    0x080005f8   0x080005f8   0x000000a8   Code   RO         7199    i.EXTI9_5_IRQHandler  exti.o
    0x080006a0   0x080006a0   0x0000000c   Code   RO         1474    i.EXTI_ClearITPendingBit  stm32f4xx_exti.o
    0x080006ac   0x080006ac   0x00000018   Code   RO         1478    i.EXTI_GetITStatus  stm32f4xx_exti.o
    0x080006c4   0x080006c4   0x00000018   Code   RO         7334    i.GPIO_GetPinNum    gpio.o
    0x080006dc   0x080006dc   0x00000014   Code   RO         7335    i.GPIO_GetPinSource  gpio.o
    0x080006f0   0x080006f0   0x00000090   Code   RO         1849    i.GPIO_Init         stm32f4xx_gpio.o
    0x08000780   0x08000780   0x00000046   Code   RO         1850    i.GPIO_PinAFConfig  stm32f4xx_gpio.o
    0x080007c6   0x080007c6   0x00000002   PAD
    0x080007c8   0x080007c8   0x0000012c   Code   RO         7337    i.GPIOx_Init        gpio.o
    0x080008f4   0x080008f4   0x00000004   Code   RO         4921    i.HardFault_Handler  stm32f4xx_it.o
    0x080008f8   0x080008f8   0x00000004   Code   RO         4922    i.MemManage_Handler  stm32f4xx_it.o
    0x080008fc   0x080008fc   0x00000002   Code   RO         4923    i.NMI_Handler       stm32f4xx_it.o
    0x080008fe   0x080008fe   0x00000002   PAD
    0x08000900   0x08000900   0x00000028   Code   RO         7129    i.NVIC_SetPriority  delay.o
    0x08000928   0x08000928   0x0000011c   Code   RO         7382    i.PWM_Init          pwm.o
    0x08000a44   0x08000a44   0x00000002   Code   RO         4924    i.PendSV_Handler    stm32f4xx_it.o
    0x08000a46   0x08000a46   0x00000002   PAD
    0x08000a48   0x08000a48   0x00000020   Code   RO         2790    i.RCC_AHB1PeriphClockCmd  stm32f4xx_rcc.o
    0x08000a68   0x08000a68   0x00000020   Code   RO         2796    i.RCC_APB1PeriphClockCmd  stm32f4xx_rcc.o
    0x08000a88   0x08000a88   0x00000020   Code   RO         2799    i.RCC_APB2PeriphClockCmd  stm32f4xx_rcc.o
    0x08000aa8   0x08000aa8   0x00000016   Code   RO         7448    i.RTC_Alarm_IRQHandler  rtc.o
    0x08000abe   0x08000abe   0x00000002   PAD
    0x08000ac0   0x08000ac0   0x0000001c   Code   RO         3127    i.RTC_ClearFlag     stm32f4xx_rtc.o
    0x08000adc   0x08000adc   0x00000028   Code   RO         3139    i.RTC_GetFlagStatus  stm32f4xx_rtc.o
    0x08000b04   0x08000b04   0x00000016   Code   RO         7449    i.RTC_WKUP_IRQHandler  rtc.o
    0x08000b1a   0x08000b1a   0x00000002   Code   RO         4925    i.SVC_Handler       stm32f4xx_it.o
    0x08000b1c   0x08000b1c   0x0000009c   Code   RO         4988    i.SetSysClock       system_stm32f4xx.o
    0x08000bb8   0x08000bb8   0x00000010   Code   RO         7130    i.SysTick_Handler   delay.o
    0x08000bc8   0x08000bc8   0x000000a8   Code   RO         4989    i.SystemCoreClockUpdate  system_stm32f4xx.o
    0x08000c70   0x08000c70   0x00000068   Code   RO         4990    i.SystemInit        system_stm32f4xx.o
    0x08000cd8   0x08000cd8   0x00000054   Code   RO         7515    i.TIM1_UP_TIM10_IRQHandler  timer.o
    0x08000d2c   0x08000d2c   0x0000002c   Code   RO         7516    i.TIM2_IRQHandler   timer.o
    0x08000d58   0x08000d58   0x00000030   Code   RO         7517    i.TIM3_IRQHandler   timer.o
    0x08000d88   0x08000d88   0x00000030   Code   RO         7518    i.TIM4_IRQHandler   timer.o
    0x08000db8   0x08000db8   0x00000030   Code   RO         7519    i.TIM5_IRQHandler   timer.o
    0x08000de8   0x08000de8   0x00000006   Code   RO         4106    i.TIM_ClearITPendingBit  stm32f4xx_tim.o
    0x08000dee   0x08000dee   0x00000018   Code   RO         4111    i.TIM_Cmd           stm32f4xx_tim.o
    0x08000e06   0x08000e06   0x0000001e   Code   RO         4113    i.TIM_CtrlPWMOutputs  stm32f4xx_tim.o
    0x08000e24   0x08000e24   0x00000130   Code   RO         7383    i.TIM_GetGPIO_AF    pwm.o
    0x08000f54   0x08000f54   0x00000022   Code   RO         4132    i.TIM_GetITStatus   stm32f4xx_tim.o
    0x08000f76   0x08000f76   0x00000002   PAD
    0x08000f78   0x08000f78   0x0000007c   Code   RO         4140    i.TIM_OC1Init       stm32f4xx_tim.o
    0x08000ff4   0x08000ff4   0x00000012   Code   RO         4143    i.TIM_OC1PreloadConfig  stm32f4xx_tim.o
    0x08001006   0x08001006   0x00000002   PAD
    0x08001008   0x08001008   0x000000a4   Code   RO         4145    i.TIM_OC2Init       stm32f4xx_tim.o
    0x080010ac   0x080010ac   0x0000001a   Code   RO         4148    i.TIM_OC2PreloadConfig  stm32f4xx_tim.o
    0x080010c6   0x080010c6   0x00000002   PAD
    0x080010c8   0x080010c8   0x000000a0   Code   RO         4150    i.TIM_OC3Init       stm32f4xx_tim.o
    0x08001168   0x08001168   0x00000012   Code   RO         4153    i.TIM_OC3PreloadConfig  stm32f4xx_tim.o
    0x0800117a   0x0800117a   0x00000002   PAD
    0x0800117c   0x0800117c   0x00000078   Code   RO         4155    i.TIM_OC4Init       stm32f4xx_tim.o
    0x080011f4   0x080011f4   0x0000001a   Code   RO         4157    i.TIM_OC4PreloadConfig  stm32f4xx_tim.o
    0x0800120e   0x0800120e   0x00000014   Code   RO         4158    i.TIM_OCStructInit  stm32f4xx_tim.o
    0x08001222   0x08001222   0x00000002   PAD
    0x08001224   0x08001224   0x00000084   Code   RO         4183    i.TIM_TimeBaseInit  stm32f4xx_tim.o
    0x080012a8   0x080012a8   0x00000012   Code   RO         4184    i.TIM_TimeBaseStructInit  stm32f4xx_tim.o
    0x080012ba   0x080012ba   0x00000002   PAD
    0x080012bc   0x080012bc   0x00000148   Code   RO         7384    i.TIMx_OCxInit      pwm.o
    0x08001404   0x08001404   0x00000120   Code   RO         7523    i.Timer_ClockCmd    timer.o
    0x08001524   0x08001524   0x00000010   Code   RO         5217    i.USART1_IRQHandler  hardwareserial.o
    0x08001534   0x08001534   0x00000010   Code   RO         5218    i.USART2_IRQHandler  hardwareserial.o
    0x08001544   0x08001544   0x0000001e   Code   RO         4662    i.USART_ClearITPendingBit  stm32f4xx_usart.o
    0x08001562   0x08001562   0x00000054   Code   RO         4669    i.USART_GetITStatus  stm32f4xx_usart.o
    0x080015b6   0x080015b6   0x0000000a   Code   RO         4679    i.USART_ReceiveData  stm32f4xx_usart.o
    0x080015c0   0x080015c0   0x00000004   Code   RO         4926    i.UsageFault_Handler  stm32f4xx_it.o
    0x080015c4   0x080015c4   0x00000020   Code   RO         7633    i._Z4Loopv          main.o
    0x080015e4   0x080015e4   0x00000008   Code   RO         7634    i._Z5Setupv         main.o
    0x080015ec   0x080015ec   0x00000052   Code   RO         5220    i._ZN14HardwareSerial10IRQHandlerEv  hardwareserial.o
    0x0800163e   0x0800163e   0x00000002   PAD
    0x08001640   0x08001640   0x00000034   Code   RO         5231    i._ZN14HardwareSerialC1EP13USART_TypeDef  hardwareserial.o
    0x08001674   0x08001674   0x00000014   Code   RO         7709    i._ZN3HAL13LED_TEST_InitEv  hal_led_test.o
    0x08001688   0x08001688   0x00000008   Code   RO         7676    i._ZN3HAL4InitEv    hal.o
    0x08001690   0x08001690   0x00000004   Code   RO         5796    i._ZN8SPIClassC1EP11SPI_TypeDef  spi.o
    0x08001694   0x08001694   0x00000034   Code   RO         5232    i.__sti___18_HardwareSerial_cpp_cfa1b6a6  hardwareserial.o
    0x080016c8   0x080016c8   0x00000034   Code   RO         5799    i.__sti___7_SPI_cpp_ce5662b4  spi.o
    0x080016fc   0x080016fc   0x00000018   Code   RO         7131    i.delay_ms          delay.o
    0x08001714   0x08001714   0x00000038   Code   RO         5033    i.digitalWrite      arduino.o
    0x0800174c   0x0800174c   0x00000010   Code   RO         7635    i.main              main.o
    0x0800175c   0x0800175c   0x00000078   Code   RO         5036    i.pinMode           arduino.o
    0x080017d4   0x080017d4   0x0000000a   Code   RO         8347    x$fpl$fpinit        fz_wm.l(fpinit.o)
    0x080017de   0x080017de   0x00000002   PAD
    0x080017e0   0x080017e0   0x00000b00   Data   RO         7338    .constdata          gpio.o
    0x080022e0   0x080022e0   0x00000024   Data   RO         5330    .constdata__ZTV14HardwareSerial  hardwareserial.o
    0x08002304   0x08002304   0x00000014   Data   RO         5722    .constdata__ZTV5Print  print.o
    0x08002318   0x08002318   0x00000024   Data   RO         5332    .constdata__ZTV6Stream  hardwareserial.o
    0x0800233c   0x0800233c   0x00000020   Data   RO         8531    Region$$Table       anon$$obj.o
    0x0800235c   0x0800235c   0x00000004   Data   RO         5250    .init_array         hardwareserial.o
    0x08002360   0x0800235c   0x00000004   Data   RO         5828    .init_array         spi.o
    0x08002364   0x0800235c   0x00000000   Data   RO         7872    .init_array         c_w.l(init_aeabi.o)


    Execution Region RW_IRAM1 (Exec base: 0x20000000, Load base: 0x08002364, Size: 0x00000d68, Max: 0x00020000, ABSOLUTE)

    Exec Addr    Load Addr    Size         Type   Attr      Idx    E Section Name        Object

    0x20000000   0x08002364   0x00000014   Data   RW         4991    .data               system_stm32f4xx.o
    0x20000014   0x08002378   0x00000002   Data   RW         7074    .data               adc.o
    0x20000016   0x0800237a   0x00000002   PAD
    0x20000018   0x0800237c   0x00000004   Data   RW         7135    .data               delay.o
    0x2000001c        -       0x000001d4   Zero   RW         5249    .bss                hardwareserial.o
    0x200001f0        -       0x00000054   Zero   RW         5827    .bss                spi.o
    0x20000244        -       0x00000048   Zero   RW         7073    .bss                adc.o
    0x2000028c        -       0x00000040   Zero   RW         7204    .bss                exti.o
    0x200002cc        -       0x00000038   Zero   RW         7531    .bss                timer.o
    0x20000304        -       0x00000060   Zero   RW         8242    .bss                c_w.l(libspace.o)
    0x20000364   0x08002380   0x00000004   PAD
    0x20000368        -       0x00000200   Zero   RW            2    HEAP                startup_stm32f411xe.o
    0x20000568        -       0x00000800   Zero   RW            1    STACK               startup_stm32f411xe.o


==============================================================================

Image component sizes


      Code (inc. data)   RO Data    RW Data    ZI Data      Debug   Object Name

       236         22          0          2         72       2226   adc.o
       176         12          0          0          0       4951   arduino.o
       156         24          0          4          0      29029   delay.o
       580         40          0          0         64       4551   exti.o
       344         50       2816          0          0       5336   gpio.o
         8          0          0          0          0        456   hal.o
        20          0          0          0          0        484   hal_led_test.o
       218         48         76          0        468     238942   hardwareserial.o
        56          0          0          0          0       1371   main.o
         0          0          0          0          0     243188   misc.o
         0          0         20          0          0          0   print.o
       916        138          0          0          0       3019   pwm.o
        44          0          0          0          0       1041   rtc.o
        56         24          4          0         84       4782   spi.o
        64         26        408          0       2560        896   startup_stm32f411xe.o
        36         10          0          0          0       1256   stm32f4xx_exti.o
       214          0          0          0          0       2095   stm32f4xx_gpio.o
        24          0          0          0          0       4088   stm32f4xx_it.o
        96         18          0          0          0       1947   stm32f4xx_rcc.o
        68         12          0          0          0       1280   stm32f4xx_rtc.o
       920         66          0          0          0      11192   stm32f4xx_tim.o
       124          0          0          0          0       3034   stm32f4xx_usart.o
       428         54          0         20          0       2717   system_stm32f4xx.o
       560        100          0          0         56       4588   timer.o

    ----------------------------------------------------------------------
      5368        644       3356         28       3304     572469   Object Totals
         0          0         32          0          0          0   (incl. Generated)
        24          0          0          2          0          0   (incl. Padding)

    ----------------------------------------------------------------------

      Code (inc. data)   RO Data    RW Data    ZI Data      Debug   Library Member Name

         8          0          0          0          0         68   __main.o
         0          0          0          0          0          0   __rtentry.o
        12          0          0          0          0          0   __rtentry2.o
         6          0          0          0          0          0   __rtentry4.o
        52          8          0          0          0          0   __scatter.o
        26          0          0          0          0          0   __scatter_copy.o
        28          0          0          0          0          0   __scatter_zi.o
        18          0          0          0          0         80   exit.o
         6          0          0          0          0        152   heapauxi.o
         0          0          0          0          0          0   indicate_semi.o
        36         10          0          0          0         80   init_aeabi.o
         2          0          0          0          0          0   libinit.o
        10          0          0          0          0          0   libinit2.o
         2          0          0          0          0          0   libshutdown.o
         2          0          0          0          0          0   libshutdown2.o
         8          4          0          0         96         68   libspace.o
         2          0          0          0          0          0   rtexit.o
        10          0          0          0          0          0   rtexit2.o
        12          4          0          0          0         68   sys_exit.o
        74          0          0          0          0         80   sys_stackheap_outer.o
         2          0          0          0          0         68   use_no_semi.o
        10          0          0          0          0        116   fpinit.o

    ----------------------------------------------------------------------
       336         26          0          0        100        780   Library Totals
        10          0          0          0          4          0   (incl. Padding)

    ----------------------------------------------------------------------

      Code (inc. data)   RO Data    RW Data    ZI Data      Debug   Library Name

       316         26          0          0         96        664   c_w.l
        10          0          0          0          0        116   fz_wm.l

    ----------------------------------------------------------------------
       336         26          0          0        100        780   Library Totals

    ----------------------------------------------------------------------

==============================================================================


      Code (inc. data)   RO Data    RW Data    ZI Data      Debug   

      5704        670       3356         28       3404     565641   Grand Totals
      5704        670       3356         28       3404     565641   ELF Image Totals
      5704        670       3356         28          0          0   ROM Totals

==============================================================================

    Total RO  Size (Code + RO Data)                 9060 (   8.85kB)
    Total RW  Size (RW Data + ZI Data)              3432 (   3.35kB)
    Total ROM Size (Code + RO Data + RW Data)       9088 (   8.88kB)

==============================================================================

