<html>
<body>
<pre>
<h1>µVision Build Log</h1>
<h2>Tool Versions:</h2>
IDE-Version: ¦ÌVision V5.36.0.0
Copyright (C) 2021 ARM Ltd and ARM Germany GmbH. All rights reserved.
License Information: Deng sangko, MElement, LIC=FYKYW-QPAKD-56XQ2-9F5NH-N60JB-9YQEK
 
Tool Versions:
Toolchain:       MDK-ARM Plus  Version: 5.36.0.0
Toolchain Path:  D:\Application\Keil\ARM\ARMCC\Bin
C Compiler:      Armcc.exe V5.06 update 7 (build 960)
Assembler:       Armasm.exe V5.06 update 7 (build 960)
Linker/Locator:  ArmLink.exe V5.06 update 7 (build 960)
Library Manager: ArmAr.exe V5.06 update 7 (build 960)
Hex Converter:   FromElf.exe V5.06 update 7 (build 960)
CPU DLL:         SARMCM3.DLL V5.36.0.0
Dialog DLL:      DCM.DLL V1.17.3.0
Target DLL:      STLink\ST-LINKIII-KEIL_SWO.dll V3.0.9.0
Dialog DLL:      TCM.DLL V1.53.0.0
 
<h2>Project:</h2>
E:\Projects\MCUTemplates\Template_MDK_ARM\Temp_F411CEUX_u8g2_SSD1306\keil + hal\SPI-flash\MDK-ARM\SPI_FLASH.uvprojx
Project File Date:  09/22/2022

<h2>Output:</h2>
*** Using Compiler 'V5.06 update 7 (build 960)', folder: 'D:\Application\Keil\ARM\ARMCC\Bin'
Build target 'SPI_FLASH'
compiling oled_draw.c...
..\oled_gui\oled.h(23): warning:  #1295-D: Deprecated declaration oled_gpio_init - give arg types
  void oled_gpio_init();
..\oled_gui\oled_core\oled_draw.c: 1 warning, 0 errors
compiling oled.c...
..\oled_gui\oled.h(23): warning:  #1295-D: Deprecated declaration oled_gpio_init - give arg types
  void oled_gpio_init();
..\oled_gui\oled.c(184): warning:  #1-D: last line of file ends without a newline
  }
..\oled_gui\oled.c: 2 warnings, 0 errors
compiling main.c...
..\oled_gui\oled.h(23): warning:  #1295-D: Deprecated declaration oled_gpio_init - give arg types
  void oled_gpio_init();
..\oled_gui\GT20L16S1Y.h(37): warning:  #1-D: last line of file ends without a newline
  #endif
../Core/Src/main.c(54): warning:  #550-D: variable "page"  was set but never used
      static uint8_t page = 0;
../Core/Src/main.c: 3 warnings, 0 errors
linking...
Program Size: Code=6160 RO-data=608 RW-data=56 ZI-data=1728  
FromELF: creating hex file...
"SPI_FLASH\SPI_FLASH.axf" - 0 Error(s), 6 Warning(s).

<h2>Software Packages used:</h2>

Package Vendor: ARM
                http://www.keil.com/pack/ARM.CMSIS.5.8.0.pack
                ARM.CMSIS.5.8.0
                CMSIS (Common Microcontroller Software Interface Standard)
   * Component: CORE Version: 5.5.0

Package Vendor: Keil
                http://www.keil.com/pack/Keil.STM32F4xx_DFP.2.12.0.pack
                Keil.STM32F4xx_DFP.2.12.0
                STMicroelectronics STM32F4 Series Device Support, Drivers and Examples

<h2>Collection of Component include folders:</h2>
  .\RTE\_SPI_FLASH
  D:\Application\Keil\Packs\ARM\CMSIS\5.8.0\CMSIS\Core\Include
  D:\Application\Keil\Packs\Keil\STM32F4xx_DFP\2.12.0\Drivers\CMSIS\Device\ST\STM32F4xx\Include

<h2>Collection of Component Files used:</h2>

   * Component: ARM::CMSIS:CORE:5.5.0
      Include file:  CMSIS\Core\Include\tz_context.h
Build Time Elapsed:  00:00:01
</pre>
</body>
</html>
