<html>
<body>
<pre>
<h1>µVision Build Log</h1>
<h2>Tool Versions:</h2>
IDE-Version: ¦ÌVision V5.36.0.0
Copyright (C) 2021 ARM Ltd and ARM Germany GmbH. All rights reserved.
License Information: Deng sangko, MElement, LIC=FYKYW-QPAKD-56XQ2-9F5NH-N60JB-9YQEK
 
Tool Versions:
Toolchain:       MDK-ARM Plus  Version: 5.36.0.0
Toolchain Path:  D:\Application\Keil\ARM\ARMCLANG\Bin
C Compiler:      ArmClang.exe V6.16
Assembler:       Armasm.exe V6.16
Linker/Locator:  ArmLink.exe V6.16
Library Manager: ArmAr.exe V6.16
Hex Converter:   FromElf.exe V6.16
CPU DLL:         SARMCM3.DLL V5.36.0.0
Dialog DLL:      DCM.DLL V1.17.3.0
Target DLL:      UL2CM3.DLL V1.164.0.0
Dialog DLL:      TCM.DLL V1.53.0.0
 
<h2>Project:</h2>
E:\Projects\MCUTemplates\Template_MDK_ARM\Temp_F103_PureRegister_LED_C\PReg.uvprojx
Project File Date:  09/12/2022

<h2>Output:</h2>
*** Using Compiler 'V6.16', folder: 'D:\Application\Keil\ARM\ARMCLANG\Bin'
Rebuild target 'Target 1'
USER/main.c(13): warning: implicit conversion changes signedness: 'int' to 'unsigned int' [-Wsign-conversion]
        * (uint32_t*)0x40010c0c &=~ (1 << 0); //PB0 = 0
                                ~~^~~~~~~~~~
USER/main.c(26): warning: no previous prototype for function 'SystemInit' [-Wmissing-prototypes]
void SystemInit(void)
     ^
USER/main.c(26): note: declare 'static' if the function is not intended to be used outside of this translation unit
void SystemInit(void)
^
static 
2 warnings generated.
compiling main.c...
assembling startup_stm32f10x_hd.s...
linking...
Program Size: Code=176 RO-data=320 RW-data=0 ZI-data=1024  
FromELF: creating hex file...
".\Objects\PReg.axf" - 0 Error(s), 2 Warning(s).

<h2>Software Packages used:</h2>

Package Vendor: Keil
                http://www.keil.com/pack/Keil.STM32F1xx_DFP.2.1.0.pack
                Keil.STM32F1xx_DFP.2.1.0
                STMicroelectronics STM32F1 Series Device Support, Drivers and Examples

<h2>Collection of Component include folders:</h2>
  D:\Application\Keil\Packs\Keil\STM32F1xx_DFP\2.1.0\Device\Include

<h2>Collection of Component Files used:</h2>
Build Time Elapsed:  00:00:01
</pre>
</body>
</html>
