<!doctype html public "-//w3c//dtd html 4.0 transitional//en">
<html><head>
<title>Static Call Graph - [.\Objects\Temp_F411CEUX_CPP_SPI_LCD.axf]</title></head>
<body><HR>
<H1>Static Call Graph for image .\Objects\Temp_F411CEUX_CPP_SPI_LCD.axf</H1><HR>
<BR><P>#&#060CALLGRAPH&#062# ARM Linker, 5060960: Last Updated: Sun Oct 24 18:11:30 2021
<BR><P>
<H3>Maximum Stack Usage =       1452 bytes + Unknown(Functions without stacksize, Cycles, Untraceable Function Pointers)</H3><H3>
Call chain for Maximum Stack Depth:</H3>
_lv_disp_refr_task &rArr; lv_refr_areas &rArr; lv_refr_area &rArr; lv_refr_area_part &rArr; lv_draw_img &rArr; lv_img_draw_core &rArr; show_error &rArr; lv_draw_label &rArr; lv_draw_line &rArr; lv_draw_rect &rArr; draw_border &rArr; draw_full_border &rArr; _lv_blend_fill &rArr; fill_normal &rArr; lv_color_mix
<P>
<H3>
Functions with no stack information
</H3><UL>
 <LI><a href="#[cf]">__user_initial_stackheap</a>
</UL>
</UL>
<P>
<H3>
Mutually Recursive functions
</H3> <LI><a href="#[36]">ADC_IRQHandler</a>&nbsp;&nbsp;&nbsp;&rArr;&nbsp;&nbsp;&nbsp;<a href="#[36]">ADC_IRQHandler</a><BR>
 <LI><a href="#[1e]">BusFault_Handler</a>&nbsp;&nbsp;&nbsp;&rArr;&nbsp;&nbsp;&nbsp;<a href="#[1e]">BusFault_Handler</a><BR>
 <LI><a href="#[1c]">HardFault_Handler</a>&nbsp;&nbsp;&nbsp;&rArr;&nbsp;&nbsp;&nbsp;<a href="#[1c]">HardFault_Handler</a><BR>
 <LI><a href="#[1d]">MemManage_Handler</a>&nbsp;&nbsp;&nbsp;&rArr;&nbsp;&nbsp;&nbsp;<a href="#[1d]">MemManage_Handler</a><BR>
 <LI><a href="#[1f]">UsageFault_Handler</a>&nbsp;&nbsp;&nbsp;&rArr;&nbsp;&nbsp;&nbsp;<a href="#[1f]">UsageFault_Handler</a><BR>
 <LI><a href="#[244]">draw_value_str</a>&nbsp;&nbsp;&nbsp;&rArr;&nbsp;&nbsp;&nbsp;<a href="#[241]">lv_draw_label</a><BR>
 <LI><a href="#[172]">_lv_area_is_point_on</a>&nbsp;&nbsp;&nbsp;&rArr;&nbsp;&nbsp;&nbsp;<a href="#[172]">_lv_area_is_point_on</a><BR>
 <LI><a href="#[23a]">draw_pattern</a>&nbsp;&nbsp;&nbsp;&rArr;&nbsp;&nbsp;&nbsp;<a href="#[241]">lv_draw_label</a><BR>
 <LI><a href="#[36c]">lv_refr_obj</a>&nbsp;&nbsp;&nbsp;&rArr;&nbsp;&nbsp;&nbsp;<a href="#[36c]">lv_refr_obj</a><BR>
 <LI><a href="#[369]">lv_refr_get_top_obj</a>&nbsp;&nbsp;&nbsp;&rArr;&nbsp;&nbsp;&nbsp;<a href="#[369]">lv_refr_get_top_obj</a><BR>
 <LI><a href="#[1bb]">_lv_obj_get_style_ptr</a>&nbsp;&nbsp;&nbsp;&rArr;&nbsp;&nbsp;&nbsp;<a href="#[1b7]">update_style_cache</a><BR>
 <LI><a href="#[1b6]">_lv_obj_get_style_int</a>&nbsp;&nbsp;&nbsp;&rArr;&nbsp;&nbsp;&nbsp;<a href="#[1b7]">update_style_cache</a><BR>
 <LI><a href="#[305]">lv_obj_get_style_opa_scale</a>&nbsp;&nbsp;&nbsp;&rArr;&nbsp;&nbsp;&nbsp;<a href="#[1b9]">_lv_obj_get_style_opa</a><BR>
 <LI><a href="#[31d]">lv_obj_get_style_image_recolor_opa</a>&nbsp;&nbsp;&nbsp;&rArr;&nbsp;&nbsp;&nbsp;<a href="#[1b9]">_lv_obj_get_style_opa</a><BR>
 <LI><a href="#[302]">lv_obj_get_style_bg_opa</a>&nbsp;&nbsp;&nbsp;&rArr;&nbsp;&nbsp;&nbsp;<a href="#[1b9]">_lv_obj_get_style_opa</a><BR>
 <LI><a href="#[2f7]">lv_obj_get_screen</a>&nbsp;&nbsp;&nbsp;&rArr;&nbsp;&nbsp;&nbsp;<a href="#[2f7]">lv_obj_get_screen</a><BR>
 <LI><a href="#[34b]">refresh_children_position</a>&nbsp;&nbsp;&nbsp;&rArr;&nbsp;&nbsp;&nbsp;<a href="#[34b]">refresh_children_position</a><BR>
 <LI><a href="#[344]">refresh_children_style</a>&nbsp;&nbsp;&nbsp;&rArr;&nbsp;&nbsp;&nbsp;<a href="#[344]">refresh_children_style</a><BR>
 <LI><a href="#[262]">update_style_cache_children</a>&nbsp;&nbsp;&nbsp;&rArr;&nbsp;&nbsp;&nbsp;<a href="#[262]">update_style_cache_children</a><BR>
 <LI><a href="#[2c1]">lv_event_send_func</a>&nbsp;&nbsp;&nbsp;&rArr;&nbsp;&nbsp;&nbsp;<a href="#[24a]">lv_event_send</a><BR>
 <LI><a href="#[25f]">lv_textarea_add_text</a>&nbsp;&nbsp;&nbsp;&rArr;&nbsp;&nbsp;&nbsp;<a href="#[37a]">lv_textarea_add_char</a><BR>
 <LI><a href="#[e4]">PWM_Init</a>&nbsp;&nbsp;&nbsp;&rArr;&nbsp;&nbsp;&nbsp;<a href="#[e5]">pinMode</a><BR>
 <LI><a href="#[e5]">pinMode</a>&nbsp;&nbsp;&nbsp;&rArr;&nbsp;&nbsp;&nbsp;<a href="#[e5]">pinMode</a><BR>
 <LI><a href="#[346]">report_style_mod_core</a>&nbsp;&nbsp;&nbsp;&rArr;&nbsp;&nbsp;&nbsp;<a href="#[346]">report_style_mod_core</a><BR>
 <LI><a href="#[1e6]">apply_theme</a>&nbsp;&nbsp;&nbsp;&rArr;&nbsp;&nbsp;&nbsp;<a href="#[1e6]">apply_theme</a><BR>
 <LI><a href="#[2fd]">obj_del_core</a>&nbsp;&nbsp;&nbsp;&rArr;&nbsp;&nbsp;&nbsp;<a href="#[2fd]">obj_del_core</a><BR>
</UL>
<P>
<H3>
Function Pointers
</H3><UL>
 <LI><a href="#[36]">ADC_IRQHandler</a> from startup_stm32f411xe.o(.text) referenced from startup_stm32f411xe.o(RESET)
 <LI><a href="#[1e]">BusFault_Handler</a> from stm32f4xx_it.o(i.BusFault_Handler) referenced from startup_stm32f411xe.o(RESET)
 <LI><a href="#[2f]">DMA1_Stream0_IRQHandler</a> from startup_stm32f411xe.o(.text) referenced from startup_stm32f411xe.o(RESET)
 <LI><a href="#[30]">DMA1_Stream1_IRQHandler</a> from startup_stm32f411xe.o(.text) referenced from startup_stm32f411xe.o(RESET)
 <LI><a href="#[31]">DMA1_Stream2_IRQHandler</a> from startup_stm32f411xe.o(.text) referenced from startup_stm32f411xe.o(RESET)
 <LI><a href="#[32]">DMA1_Stream3_IRQHandler</a> from startup_stm32f411xe.o(.text) referenced from startup_stm32f411xe.o(RESET)
 <LI><a href="#[33]">DMA1_Stream4_IRQHandler</a> from startup_stm32f411xe.o(.text) referenced from startup_stm32f411xe.o(RESET)
 <LI><a href="#[34]">DMA1_Stream5_IRQHandler</a> from startup_stm32f411xe.o(.text) referenced from startup_stm32f411xe.o(RESET)
 <LI><a href="#[35]">DMA1_Stream6_IRQHandler</a> from startup_stm32f411xe.o(.text) referenced from startup_stm32f411xe.o(RESET)
 <LI><a href="#[4a]">DMA1_Stream7_IRQHandler</a> from startup_stm32f411xe.o(.text) referenced from startup_stm32f411xe.o(RESET)
 <LI><a href="#[4e]">DMA2_Stream0_IRQHandler</a> from startup_stm32f411xe.o(.text) referenced from startup_stm32f411xe.o(RESET)
 <LI><a href="#[4f]">DMA2_Stream1_IRQHandler</a> from startup_stm32f411xe.o(.text) referenced from startup_stm32f411xe.o(RESET)
 <LI><a href="#[50]">DMA2_Stream2_IRQHandler</a> from startup_stm32f411xe.o(.text) referenced from startup_stm32f411xe.o(RESET)
 <LI><a href="#[51]">DMA2_Stream3_IRQHandler</a> from lv_port_disp.o(i.DMA2_Stream3_IRQHandler) referenced from startup_stm32f411xe.o(RESET)
 <LI><a href="#[52]">DMA2_Stream4_IRQHandler</a> from startup_stm32f411xe.o(.text) referenced from startup_stm32f411xe.o(RESET)
 <LI><a href="#[54]">DMA2_Stream5_IRQHandler</a> from startup_stm32f411xe.o(.text) referenced from startup_stm32f411xe.o(RESET)
 <LI><a href="#[55]">DMA2_Stream6_IRQHandler</a> from startup_stm32f411xe.o(.text) referenced from startup_stm32f411xe.o(RESET)
 <LI><a href="#[56]">DMA2_Stream7_IRQHandler</a> from startup_stm32f411xe.o(.text) referenced from startup_stm32f411xe.o(RESET)
 <LI><a href="#[21]">DebugMon_Handler</a> from stm32f4xx_it.o(i.DebugMon_Handler) referenced from startup_stm32f411xe.o(RESET)
 <LI><a href="#[2a]">EXTI0_IRQHandler</a> from exti.o(i.EXTI0_IRQHandler) referenced from startup_stm32f411xe.o(RESET)
 <LI><a href="#[47]">EXTI15_10_IRQHandler</a> from exti.o(i.EXTI15_10_IRQHandler) referenced from startup_stm32f411xe.o(RESET)
 <LI><a href="#[2b]">EXTI1_IRQHandler</a> from exti.o(i.EXTI1_IRQHandler) referenced from startup_stm32f411xe.o(RESET)
 <LI><a href="#[2c]">EXTI2_IRQHandler</a> from exti.o(i.EXTI2_IRQHandler) referenced from startup_stm32f411xe.o(RESET)
 <LI><a href="#[2d]">EXTI3_IRQHandler</a> from exti.o(i.EXTI3_IRQHandler) referenced from startup_stm32f411xe.o(RESET)
 <LI><a href="#[2e]">EXTI4_IRQHandler</a> from exti.o(i.EXTI4_IRQHandler) referenced from startup_stm32f411xe.o(RESET)
 <LI><a href="#[37]">EXTI9_5_IRQHandler</a> from exti.o(i.EXTI9_5_IRQHandler) referenced from startup_stm32f411xe.o(RESET)
 <LI><a href="#[28]">FLASH_IRQHandler</a> from startup_stm32f411xe.o(.text) referenced from startup_stm32f411xe.o(RESET)
 <LI><a href="#[5a]">FPU_IRQHandler</a> from startup_stm32f411xe.o(.text) referenced from startup_stm32f411xe.o(RESET)
 <LI><a href="#[1c]">HardFault_Handler</a> from stm32f4xx_it.o(i.HardFault_Handler) referenced from startup_stm32f411xe.o(RESET)
 <LI><a href="#[40]">I2C1_ER_IRQHandler</a> from startup_stm32f411xe.o(.text) referenced from startup_stm32f411xe.o(RESET)
 <LI><a href="#[3f]">I2C1_EV_IRQHandler</a> from startup_stm32f411xe.o(.text) referenced from startup_stm32f411xe.o(RESET)
 <LI><a href="#[42]">I2C2_ER_IRQHandler</a> from startup_stm32f411xe.o(.text) referenced from startup_stm32f411xe.o(RESET)
 <LI><a href="#[41]">I2C2_EV_IRQHandler</a> from startup_stm32f411xe.o(.text) referenced from startup_stm32f411xe.o(RESET)
 <LI><a href="#[59]">I2C3_ER_IRQHandler</a> from startup_stm32f411xe.o(.text) referenced from startup_stm32f411xe.o(RESET)
 <LI><a href="#[58]">I2C3_EV_IRQHandler</a> from startup_stm32f411xe.o(.text) referenced from startup_stm32f411xe.o(RESET)
 <LI><a href="#[1d]">MemManage_Handler</a> from stm32f4xx_it.o(i.MemManage_Handler) referenced from startup_stm32f411xe.o(RESET)
 <LI><a href="#[1b]">NMI_Handler</a> from stm32f4xx_it.o(i.NMI_Handler) referenced from startup_stm32f411xe.o(RESET)
 <LI><a href="#[53]">OTG_FS_IRQHandler</a> from startup_stm32f411xe.o(.text) referenced from startup_stm32f411xe.o(RESET)
 <LI><a href="#[49]">OTG_FS_WKUP_IRQHandler</a> from startup_stm32f411xe.o(.text) referenced from startup_stm32f411xe.o(RESET)
 <LI><a href="#[25]">PVD_IRQHandler</a> from startup_stm32f411xe.o(.text) referenced from startup_stm32f411xe.o(RESET)
 <LI><a href="#[22]">PendSV_Handler</a> from stm32f4xx_it.o(i.PendSV_Handler) referenced from startup_stm32f411xe.o(RESET)
 <LI><a href="#[29]">RCC_IRQHandler</a> from startup_stm32f411xe.o(.text) referenced from startup_stm32f411xe.o(RESET)
 <LI><a href="#[48]">RTC_Alarm_IRQHandler</a> from rtc.o(i.RTC_Alarm_IRQHandler) referenced from startup_stm32f411xe.o(RESET)
 <LI><a href="#[27]">RTC_WKUP_IRQHandler</a> from rtc.o(i.RTC_WKUP_IRQHandler) referenced from startup_stm32f411xe.o(RESET)
 <LI><a href="#[1a]">Reset_Handler</a> from startup_stm32f411xe.o(.text) referenced from startup_stm32f411xe.o(RESET)
 <LI><a href="#[4b]">SDIO_IRQHandler</a> from startup_stm32f411xe.o(.text) referenced from startup_stm32f411xe.o(RESET)
 <LI><a href="#[43]">SPI1_IRQHandler</a> from startup_stm32f411xe.o(.text) referenced from startup_stm32f411xe.o(RESET)
 <LI><a href="#[44]">SPI2_IRQHandler</a> from startup_stm32f411xe.o(.text) referenced from startup_stm32f411xe.o(RESET)
 <LI><a href="#[4d]">SPI3_IRQHandler</a> from startup_stm32f411xe.o(.text) referenced from startup_stm32f411xe.o(RESET)
 <LI><a href="#[5b]">SPI4_IRQHandler</a> from startup_stm32f411xe.o(.text) referenced from startup_stm32f411xe.o(RESET)
 <LI><a href="#[5c]">SPI5_IRQHandler</a> from startup_stm32f411xe.o(.text) referenced from startup_stm32f411xe.o(RESET)
 <LI><a href="#[20]">SVC_Handler</a> from stm32f4xx_it.o(i.SVC_Handler) referenced from startup_stm32f411xe.o(RESET)
 <LI><a href="#[23]">SysTick_Handler</a> from delay.o(i.SysTick_Handler) referenced from startup_stm32f411xe.o(RESET)
 <LI><a href="#[5d]">SystemInit</a> from system_stm32f4xx.o(i.SystemInit) referenced from startup_stm32f411xe.o(.text)
 <LI><a href="#[26]">TAMP_STAMP_IRQHandler</a> from startup_stm32f411xe.o(.text) referenced from startup_stm32f411xe.o(RESET)
 <LI><a href="#[38]">TIM1_BRK_TIM9_IRQHandler</a> from startup_stm32f411xe.o(.text) referenced from startup_stm32f411xe.o(RESET)
 <LI><a href="#[3b]">TIM1_CC_IRQHandler</a> from startup_stm32f411xe.o(.text) referenced from startup_stm32f411xe.o(RESET)
 <LI><a href="#[3a]">TIM1_TRG_COM_TIM11_IRQHandler</a> from startup_stm32f411xe.o(.text) referenced from startup_stm32f411xe.o(RESET)
 <LI><a href="#[39]">TIM1_UP_TIM10_IRQHandler</a> from timer.o(i.TIM1_UP_TIM10_IRQHandler) referenced from startup_stm32f411xe.o(RESET)
 <LI><a href="#[3c]">TIM2_IRQHandler</a> from timer.o(i.TIM2_IRQHandler) referenced from startup_stm32f411xe.o(RESET)
 <LI><a href="#[3d]">TIM3_IRQHandler</a> from timer.o(i.TIM3_IRQHandler) referenced from startup_stm32f411xe.o(RESET)
 <LI><a href="#[3e]">TIM4_IRQHandler</a> from timer.o(i.TIM4_IRQHandler) referenced from startup_stm32f411xe.o(RESET)
 <LI><a href="#[4c]">TIM5_IRQHandler</a> from timer.o(i.TIM5_IRQHandler) referenced from startup_stm32f411xe.o(RESET)
 <LI><a href="#[45]">USART1_IRQHandler</a> from hardwareserial.o(i.USART1_IRQHandler) referenced from startup_stm32f411xe.o(RESET)
 <LI><a href="#[46]">USART2_IRQHandler</a> from hardwareserial.o(i.USART2_IRQHandler) referenced from startup_stm32f411xe.o(RESET)
 <LI><a href="#[57]">USART6_IRQHandler</a> from startup_stm32f411xe.o(.text) referenced from startup_stm32f411xe.o(RESET)
 <LI><a href="#[1f]">UsageFault_Handler</a> from stm32f4xx_it.o(i.UsageFault_Handler) referenced from startup_stm32f411xe.o(RESET)
 <LI><a href="#[24]">WWDG_IRQHandler</a> from startup_stm32f411xe.o(.text) referenced from startup_stm32f411xe.o(RESET)
 <LI><a href="#[60]">disp_flush(_disp_drv_t*, const lv_area_t*, lv_color16_t*)</a> from lv_port_disp.o(i._Z10disp_flushP11_disp_drv_tPK9lv_area_tP12lv_color16_t) referenced from lv_port_disp.o(i._Z17lv_port_disp_initv)
 <LI><a href="#[64]">CPU_UsageUpdate()</a> from main.o(i._Z15CPU_UsageUpdatev) referenced from main.o(i._Z5Setupv)
 <LI><a href="#[68]">__default_new_handler()</a> from arm_newhandler_noexceptions.o(.text) referenced from new.o(i._Znwj)
 <LI><a href="#[67]">lv_spinbox_decrement_event_cb(_lv_obj_t*, unsigned char)</a> from input_num_test.o(i._Z29lv_spinbox_decrement_event_cbP9_lv_obj_th) referenced from input_num_test.o(i._ZN3APP15lv_ex_spinbox_1Ev)
 <LI><a href="#[66]">lv_spinbox_increment_event_cb(_lv_obj_t*, unsigned char)</a> from input_num_test.o(i._Z29lv_spinbox_increment_event_cbP9_lv_obj_th) referenced from input_num_test.o(i._ZN3APP15lv_ex_spinbox_1Ev)
 <LI><a href="#[9b]">HardwareSerial::read()</a> from hardwareserial.o(i._ZN14HardwareSerial4readEv) referenced from hardwareserial.o(.constdata__ZTV14HardwareSerial)
 <LI><a href="#[9a]">HardwareSerial::available()</a> from hardwareserial.o(i._ZN14HardwareSerial9availableEv) referenced from hardwareserial.o(.constdata__ZTV14HardwareSerial)
 <LI><a href="#[9d]">Adafruit_ST7789::fillScreen(unsigned short)</a> from adafruit_st7789.o(i._ZN15Adafruit_ST778910fillScreenEt) referenced from adafruit_st7789.o(.constdata__ZTV15Adafruit_ST7789)
 <LI><a href="#[9c]">Adafruit_ST7789::setRotation(unsigned char)</a> from adafruit_st7789.o(i._ZN15Adafruit_ST778911setRotationEh) referenced from adafruit_st7789.o(.constdata__ZTV15Adafruit_ST7789)
 <LI><a href="#[9e]">Adafruit_ST7789::setAddrWindow(short, short, short, short)</a> from adafruit_st7789.o(i._ZN15Adafruit_ST778913setAddrWindowEssss) referenced from adafruit_st7789.o(.constdata__ZTV15Adafruit_ST7789)
 <LI><a href="#[69]">MillisTaskManager::~MillisTaskManager()</a> from millistaskmanager.o(i._ZN17MillisTaskManagerD1Ev) referenced from main.o(i.__sti___8_main_cpp_main)
 <LI><a href="#[5f]">[local to arm_exceptions_c]::__default_terminate_handler()</a> from arm_exceptions_globs.o(.text) referenced from arm_exceptions_globs.o(.text)
 <LI><a href="#[61]">APP::LV_Update()</a> from app.o(i._ZN3APP9LV_UpdateEv) referenced from main.o(i._Z5Setupv)
 <LI><a href="#[63]">HAL::Scanf_Button()</a> from hal_button.o(i._ZN3HAL12Scanf_ButtonEv) referenced from main.o(i._Z5Setupv)
 <LI><a href="#[62]">HAL::Update()</a> from hal.o(i._ZN3HAL6UpdateEv) referenced from main.o(i._Z5Setupv)
 <LI><a href="#[65]">MID::Usart_Order_Task()</a> from mid_usartorder.o(i._ZN3MID16Usart_Order_TaskEv) referenced from main.o(i._Z5Setupv)
 <LI><a href="#[a4]">__main</a> from __main.o(!!!main) referenced from startup_stm32f411xe.o(.text)
 <LI><a href="#[a3]">__sti___14_HAL_Button_cpp_02e00b15</a> from hal_button.o(i.__sti___14_HAL_Button_cpp_02e00b15) referenced from hal_button.o(.init_array)
 <LI><a href="#[9f]">__sti___18_HardwareSerial_cpp_cfa1b6a6</a> from hardwareserial.o(i.__sti___18_HardwareSerial_cpp_cfa1b6a6) referenced from hardwareserial.o(.init_array)
 <LI><a href="#[a2]">__sti___19_HAL_TFTLcd_TEST_cpp_screen</a> from hal_tftlcd_test.o(i.__sti___19_HAL_TFTLcd_TEST_cpp_screen) referenced from hal_tftlcd_test.o(.init_array)
 <LI><a href="#[a0]">__sti___7_SPI_cpp_ce5662b4</a> from spi.o(i.__sti___7_SPI_cpp_ce5662b4) referenced from spi.o(.init_array)
 <LI><a href="#[a1]">__sti___8_main_cpp_main</a> from main.o(i.__sti___8_main_cpp_main) referenced from main.o(.init_array)
 <LI><a href="#[77]">_lv_disp_refr_task</a> from lv_refr.o(i._lv_disp_refr_task) referenced from lv_hal_disp.o(i.lv_disp_drv_register)
 <LI><a href="#[7b]">_lv_ll_get_head</a> from lv_ll.o(i._lv_ll_get_head) referenced from lv_group.o(i.lv_group_focus_next)
 <LI><a href="#[7a]">_lv_ll_get_next</a> from lv_ll.o(i._lv_ll_get_next) referenced from lv_group.o(i.lv_group_focus_next)
 <LI><a href="#[7c]">_lv_ll_get_prev</a> from lv_ll.o(i._lv_ll_get_prev) referenced from lv_group.o(i.lv_group_focus_prev)
 <LI><a href="#[7d]">_lv_ll_get_tail</a> from lv_ll.o(i._lv_ll_get_tail) referenced from lv_group.o(i.lv_group_focus_prev)
 <LI><a href="#[6a]">anim_task</a> from lv_anim.o(i.anim_task) referenced from lv_anim.o(i._lv_anim_core_init)
 <LI><a href="#[70]">color_blend_true_color_additive</a> from lv_draw_blend.o(i.color_blend_true_color_additive) referenced from lv_draw_blend.o(i.fill_blended)
 <LI><a href="#[70]">color_blend_true_color_additive</a> from lv_draw_blend.o(i.color_blend_true_color_additive) referenced from lv_draw_blend.o(i.map_blended)
 <LI><a href="#[6f]">color_blend_true_color_subtractive</a> from lv_draw_blend.o(i.color_blend_true_color_subtractive) referenced from lv_draw_blend.o(i.fill_blended)
 <LI><a href="#[6f]">color_blend_true_color_subtractive</a> from lv_draw_blend.o(i.color_blend_true_color_subtractive) referenced from lv_draw_blend.o(i.map_blended)
 <LI><a href="#[97]">cursor_blink_anim</a> from lv_textarea.o(i.cursor_blink_anim) referenced from lv_textarea.o(i.lv_textarea_create)
 <LI><a href="#[97]">cursor_blink_anim</a> from lv_textarea.o(i.cursor_blink_anim) referenced from lv_textarea.o(i.lv_textarea_set_cursor_pos)
 <LI><a href="#[8d]">edge_flash_anim</a> from lv_page.o(i.edge_flash_anim) referenced from lv_page.o(i.lv_page_start_edge_flash)
 <LI><a href="#[8e]">edge_flash_anim_end</a> from lv_page.o(i.edge_flash_anim_end) referenced from lv_page.o(i.lv_page_start_edge_flash)
 <LI><a href="#[72]">kern_pair_16_compare</a> from lv_font_fmt_txt.o(i.kern_pair_16_compare) referenced from lv_font_fmt_txt.o(i.get_kern_value)
 <LI><a href="#[73]">kern_pair_8_compare</a> from lv_font_fmt_txt.o(i.kern_pair_8_compare) referenced from lv_font_fmt_txt.o(i.get_kern_value)
 <LI><a href="#[99]">lv_anim_path_linear</a> from lv_anim.o(i.lv_anim_path_linear) referenced from lv_anim.o(.constdata)
 <LI><a href="#[90]">lv_anim_path_step</a> from lv_anim.o(i.lv_anim_path_step) referenced from lv_textarea.o(i.lv_textarea_add_char)
 <LI><a href="#[90]">lv_anim_path_step</a> from lv_anim.o(i.lv_anim_path_step) referenced from lv_textarea.o(i.lv_textarea_add_text)
 <LI><a href="#[90]">lv_anim_path_step</a> from lv_anim.o(i.lv_anim_path_step) referenced from lv_textarea.o(i.lv_textarea_create)
 <LI><a href="#[90]">lv_anim_path_step</a> from lv_anim.o(i.lv_anim_path_step) referenced from lv_textarea.o(i.lv_textarea_set_cursor_pos)
 <LI><a href="#[90]">lv_anim_path_step</a> from lv_anim.o(i.lv_anim_path_step) referenced from lv_textarea.o(i.lv_textarea_set_text)
 <LI><a href="#[75]">lv_btn_design</a> from lv_btn.o(i.lv_btn_design) referenced from lv_btn.o(i.lv_btn_create)
 <LI><a href="#[74]">lv_btn_signal</a> from lv_btn.o(i.lv_btn_signal) referenced from lv_btn.o(i.lv_btn_create)
 <LI><a href="#[76]">lv_cont_signal</a> from lv_cont.o(i.lv_cont_signal) referenced from lv_cont.o(i.lv_cont_create)
 <LI><a href="#[78]">lv_draw_mask_line</a> from lv_draw_mask.o(i.lv_draw_mask_line) referenced from lv_draw_mask.o(i.lv_draw_mask_line_points_init)
 <LI><a href="#[79]">lv_draw_mask_radius</a> from lv_draw_mask.o(i.lv_draw_mask_radius) referenced from lv_draw_mask.o(i.lv_draw_mask_radius_init)
 <LI><a href="#[12]">lv_font_get_bitmap_fmt_txt</a> from lv_font_fmt_txt.o(i.lv_font_get_bitmap_fmt_txt) referenced 4 times from lv_font_montserrat_14.o(.data)
 <LI><a href="#[11]">lv_font_get_glyph_dsc_fmt_txt</a> from lv_font_fmt_txt.o(i.lv_font_get_glyph_dsc_fmt_txt) referenced 4 times from lv_font_montserrat_14.o(.data)
 <LI><a href="#[6e]">lv_img_decoder_built_in_close</a> from lv_img_decoder.o(i.lv_img_decoder_built_in_close) referenced from lv_img_decoder.o(i._lv_img_decoder_init)
 <LI><a href="#[6b]">lv_img_decoder_built_in_info</a> from lv_img_decoder.o(i.lv_img_decoder_built_in_info) referenced from lv_img_decoder.o(i._lv_img_decoder_init)
 <LI><a href="#[6c]">lv_img_decoder_built_in_open</a> from lv_img_decoder.o(i.lv_img_decoder_built_in_open) referenced from lv_img_decoder.o(i._lv_img_decoder_init)
 <LI><a href="#[6d]">lv_img_decoder_built_in_read_line</a> from lv_img_decoder.o(i.lv_img_decoder_built_in_read_line) referenced from lv_img_decoder.o(i._lv_img_decoder_init)
 <LI><a href="#[7e]">lv_label_design</a> from lv_label.o(i.lv_label_design) referenced from lv_label.o(i.lv_label_create)
 <LI><a href="#[80]">lv_label_set_offset_x</a> from lv_label.o(i.lv_label_set_offset_x) referenced from lv_label.o(i.lv_label_refr_text)
 <LI><a href="#[80]">lv_label_set_offset_x</a> from lv_label.o(i.lv_label_set_offset_x) referenced from lv_label.o(i.lv_label_set_long_mode)
 <LI><a href="#[81]">lv_label_set_offset_y</a> from lv_label.o(i.lv_label_set_offset_y) referenced from lv_label.o(i.lv_label_refr_text)
 <LI><a href="#[81]">lv_label_set_offset_y</a> from lv_label.o(i.lv_label_set_offset_y) referenced from lv_label.o(i.lv_label_set_long_mode)
 <LI><a href="#[7f]">lv_label_signal</a> from lv_label.o(i.lv_label_signal) referenced from lv_label.o(i.lv_label_create)
 <LI><a href="#[85]">lv_obj_design</a> from lv_obj.o(i.lv_obj_design) referenced from lv_obj.o(i.lv_obj_create)
 <LI><a href="#[82]">lv_obj_set_x</a> from lv_obj.o(i.lv_obj_set_x) referenced from lv_label.o(i.lv_label_set_long_mode)
 <LI><a href="#[82]">lv_obj_set_x</a> from lv_obj.o(i.lv_obj_set_x) referenced from lv_page.o(i.lv_page_scroll_hor)
 <LI><a href="#[83]">lv_obj_set_y</a> from lv_obj.o(i.lv_obj_set_y) referenced from lv_label.o(i.lv_label_set_long_mode)
 <LI><a href="#[83]">lv_obj_set_y</a> from lv_obj.o(i.lv_obj_set_y) referenced from lv_page.o(i.lv_page_scroll_ver)
 <LI><a href="#[84]">lv_obj_signal</a> from lv_obj.o(i.lv_obj_signal) referenced from lv_obj.o(i.lv_obj_create)
 <LI><a href="#[8b]">lv_page_design</a> from lv_page.o(i.lv_page_design) referenced from lv_page.o(i.lv_page_create)
 <LI><a href="#[89]">lv_page_scrollable_signal</a> from lv_page.o(i.lv_page_scrollable_signal) referenced from lv_page.o(i.lv_page_create)
 <LI><a href="#[8a]">lv_page_signal</a> from lv_page.o(i.lv_page_signal) referenced from lv_page.o(i.lv_page_create)
 <LI><a href="#[8f]">lv_spinbox_signal</a> from lv_spinbox.o(i.lv_spinbox_signal) referenced from lv_spinbox.o(i.lv_spinbox_create)
 <LI><a href="#[95]">lv_textarea_design</a> from lv_textarea.o(i.lv_textarea_design) referenced from lv_textarea.o(i.lv_textarea_create)
 <LI><a href="#[96]">lv_textarea_scrollable_design</a> from lv_textarea.o(i.lv_textarea_scrollable_design) referenced from lv_textarea.o(i.lv_textarea_create)
 <LI><a href="#[94]">lv_textarea_scrollable_signal</a> from lv_textarea.o(i.lv_textarea_scrollable_signal) referenced from lv_textarea.o(i.lv_textarea_create)
 <LI><a href="#[93]">lv_textarea_signal</a> from lv_textarea.o(i.lv_textarea_signal) referenced from lv_textarea.o(i.lv_textarea_create)
 <LI><a href="#[16]">lv_txt_unicode_to_utf8</a> from lv_txt.o(i.lv_txt_unicode_to_utf8) referenced 2 times from lv_txt.o(.data)
 <LI><a href="#[15]">lv_txt_utf8_get_byte_id</a> from lv_txt.o(i.lv_txt_utf8_get_byte_id) referenced 2 times from lv_txt.o(.data)
 <LI><a href="#[18]">lv_txt_utf8_get_char_id</a> from lv_txt.o(i.lv_txt_utf8_get_char_id) referenced 2 times from lv_txt.o(.data)
 <LI><a href="#[19]">lv_txt_utf8_get_length</a> from lv_txt.o(i.lv_txt_utf8_get_length) referenced 2 times from lv_txt.o(.data)
 <LI><a href="#[14]">lv_txt_utf8_next</a> from lv_txt.o(i.lv_txt_utf8_next) referenced 2 times from lv_txt.o(.data)
 <LI><a href="#[17]">lv_txt_utf8_prev</a> from lv_txt.o(i.lv_txt_utf8_prev) referenced 2 times from lv_txt.o(.data)
 <LI><a href="#[13]">lv_txt_utf8_size</a> from lv_txt.o(i.lv_txt_utf8_size) referenced 2 times from lv_txt.o(.data)
 <LI><a href="#[91]">pwd_char_hider_anim</a> from lv_textarea.o(i.pwd_char_hider_anim) referenced from lv_textarea.o(i.lv_textarea_add_char)
 <LI><a href="#[91]">pwd_char_hider_anim</a> from lv_textarea.o(i.pwd_char_hider_anim) referenced from lv_textarea.o(i.lv_textarea_add_text)
 <LI><a href="#[91]">pwd_char_hider_anim</a> from lv_textarea.o(i.pwd_char_hider_anim) referenced from lv_textarea.o(i.lv_textarea_set_text)
 <LI><a href="#[92]">pwd_char_hider_anim_ready</a> from lv_textarea.o(i.pwd_char_hider_anim_ready) referenced from lv_textarea.o(i.lv_textarea_add_char)
 <LI><a href="#[92]">pwd_char_hider_anim_ready</a> from lv_textarea.o(i.pwd_char_hider_anim_ready) referenced from lv_textarea.o(i.lv_textarea_add_text)
 <LI><a href="#[92]">pwd_char_hider_anim_ready</a> from lv_textarea.o(i.pwd_char_hider_anim_ready) referenced from lv_textarea.o(i.lv_textarea_set_text)
 <LI><a href="#[8c]">scrl_def_event_cb</a> from lv_page.o(i.scrl_def_event_cb) referenced from lv_page.o(i.lv_page_create)
 <LI><a href="#[98]">theme_apply</a> from lv_theme_material.o(i.theme_apply) referenced from lv_theme_material.o(i.lv_theme_material_init)
 <LI><a href="#[86]">trans_anim_cb</a> from lv_obj.o(i.trans_anim_cb) referenced from lv_obj.o(i.lv_obj_set_state)
 <LI><a href="#[88]">trans_anim_ready_cb</a> from lv_obj.o(i.trans_anim_ready_cb) referenced from lv_obj.o(i.lv_obj_set_state)
 <LI><a href="#[87]">trans_anim_start_cb</a> from lv_obj.o(i.trans_anim_start_cb) referenced from lv_obj.o(i.lv_obj_set_state)
 <LI><a href="#[71]">unicode_list_compare</a> from lv_font_fmt_txt.o(i.unicode_list_compare) referenced from lv_font_fmt_txt.o(i.get_glyph_dsc_id)
</UL>
<P>
<H3>
Global Symbols
</H3>
<P><STRONG><a name="[a4]"></a>__main</STRONG> (Thumb, 8 bytes, Stack size 0 bytes, __main.o(!!!main))
<BR><BR>[Calls]<UL><LI><a href="#[a7]">&gt;&gt;</a>&nbsp;&nbsp;&nbsp;__rt_entry
<LI><a href="#[a6]">&gt;&gt;</a>&nbsp;&nbsp;&nbsp;__scatterload
</UL>

<P><STRONG><a name="[a6]"></a>__scatterload</STRONG> (Thumb, 0 bytes, Stack size unknown bytes, __scatter.o(!!!scatter))
<BR><BR>[Called By]<UL><LI><a href="#[a4]">&gt;&gt;</a>&nbsp;&nbsp;&nbsp;__main
</UL>

<P><STRONG><a name="[a8]"></a>__scatterload_rt2</STRONG> (Thumb, 44 bytes, Stack size unknown bytes, __scatter.o(!!!scatter), UNUSED)
<BR><BR>[Calls]<UL><LI><a href="#[a7]">&gt;&gt;</a>&nbsp;&nbsp;&nbsp;__rt_entry
</UL>

<P><STRONG><a name="[3a6]"></a>__scatterload_rt2_thumb_only</STRONG> (Thumb, 0 bytes, Stack size unknown bytes, __scatter.o(!!!scatter), UNUSED)

<P><STRONG><a name="[3a7]"></a>__scatterload_null</STRONG> (Thumb, 0 bytes, Stack size unknown bytes, __scatter.o(!!!scatter), UNUSED)

<P><STRONG><a name="[3a8]"></a>__decompress</STRONG> (Thumb, 90 bytes, Stack size unknown bytes, __dczerorl2.o(!!dczerorl2), UNUSED)

<P><STRONG><a name="[3a9]"></a>__decompress1</STRONG> (Thumb, 0 bytes, Stack size unknown bytes, __dczerorl2.o(!!dczerorl2), UNUSED)

<P><STRONG><a name="[3aa]"></a>__scatterload_zeroinit</STRONG> (Thumb, 28 bytes, Stack size unknown bytes, __scatter_zi.o(!!handler_zi), UNUSED)

<P><STRONG><a name="[b3]"></a>__rt_lib_init</STRONG> (Thumb, 0 bytes, Stack size unknown bytes, libinit.o(.ARM.Collect$$libinit$$00000000))
<BR><BR>[Called By]<UL><LI><a href="#[b2]">&gt;&gt;</a>&nbsp;&nbsp;&nbsp;__rt_entry_li
</UL>

<P><STRONG><a name="[a9]"></a>__rt_lib_init_fp_1</STRONG> (Thumb, 0 bytes, Stack size unknown bytes, libinit2.o(.ARM.Collect$$libinit$$00000001))
<BR><BR>[Calls]<UL><LI><a href="#[aa]">&gt;&gt;</a>&nbsp;&nbsp;&nbsp;_fp_init
</UL>

<P><STRONG><a name="[ab]"></a>__rt_lib_init_heap_2</STRONG> (Thumb, 0 bytes, Stack size unknown bytes, libinit2.o(.ARM.Collect$$libinit$$00000005))
<BR><BR>[Stack]<UL><LI>Max Depth = 64 + Unknown Stack Size
<LI>Call Chain = __rt_lib_init_heap_2 &rArr; _init_alloc &rArr; __rt_SIGRTMEM &rArr; __rt_SIGRTMEM_inner &rArr; __default_signal_display &rArr; _ttywrch
</UL>
<BR>[Calls]<UL><LI><a href="#[ac]">&gt;&gt;</a>&nbsp;&nbsp;&nbsp;_init_alloc
</UL>

<P><STRONG><a name="[3ab]"></a>__rt_lib_init_preinit_1</STRONG> (Thumb, 0 bytes, Stack size unknown bytes, libinit2.o(.ARM.Collect$$libinit$$00000004))

<P><STRONG><a name="[3ac]"></a>__rt_lib_init_alloca_1</STRONG> (Thumb, 0 bytes, Stack size unknown bytes, libinit2.o(.ARM.Collect$$libinit$$0000002E))

<P><STRONG><a name="[3ad]"></a>__rt_lib_init_argv_1</STRONG> (Thumb, 0 bytes, Stack size unknown bytes, libinit2.o(.ARM.Collect$$libinit$$0000002C))

<P><STRONG><a name="[3ae]"></a>__rt_lib_init_atexit_1</STRONG> (Thumb, 0 bytes, Stack size unknown bytes, libinit2.o(.ARM.Collect$$libinit$$0000001B))

<P><STRONG><a name="[3af]"></a>__rt_lib_init_clock_1</STRONG> (Thumb, 0 bytes, Stack size unknown bytes, libinit2.o(.ARM.Collect$$libinit$$00000021))

<P><STRONG><a name="[ad]"></a>__rt_lib_init_cpp_2</STRONG> (Thumb, 0 bytes, Stack size unknown bytes, libinit2.o(.ARM.Collect$$libinit$$00000031))
<BR><BR>[Stack]<UL><LI>Max Depth = 16 + Unknown Stack Size
<LI>Call Chain = __rt_lib_init_cpp_2 &rArr; __cpp_initialize__aeabi_
</UL>
<BR>[Calls]<UL><LI><a href="#[a5]">&gt;&gt;</a>&nbsp;&nbsp;&nbsp;__cpp_initialize__aeabi_
</UL>

<P><STRONG><a name="[3b0]"></a>__rt_lib_init_exceptions_1</STRONG> (Thumb, 0 bytes, Stack size unknown bytes, libinit2.o(.ARM.Collect$$libinit$$00000030))

<P><STRONG><a name="[3b1]"></a>__rt_lib_init_fp_trap_1</STRONG> (Thumb, 0 bytes, Stack size unknown bytes, libinit2.o(.ARM.Collect$$libinit$$0000001F))

<P><STRONG><a name="[3b2]"></a>__rt_lib_init_getenv_1</STRONG> (Thumb, 0 bytes, Stack size unknown bytes, libinit2.o(.ARM.Collect$$libinit$$00000023))

<P><STRONG><a name="[3b3]"></a>__rt_lib_init_heap_1</STRONG> (Thumb, 0 bytes, Stack size unknown bytes, libinit2.o(.ARM.Collect$$libinit$$0000000A))

<P><STRONG><a name="[3b4]"></a>__rt_lib_init_lc_collate_1</STRONG> (Thumb, 0 bytes, Stack size unknown bytes, libinit2.o(.ARM.Collect$$libinit$$00000011))

<P><STRONG><a name="[3b5]"></a>__rt_lib_init_lc_ctype_1</STRONG> (Thumb, 0 bytes, Stack size unknown bytes, libinit2.o(.ARM.Collect$$libinit$$00000013))

<P><STRONG><a name="[3b6]"></a>__rt_lib_init_lc_monetary_1</STRONG> (Thumb, 0 bytes, Stack size unknown bytes, libinit2.o(.ARM.Collect$$libinit$$00000015))

<P><STRONG><a name="[3b7]"></a>__rt_lib_init_lc_numeric_1</STRONG> (Thumb, 0 bytes, Stack size unknown bytes, libinit2.o(.ARM.Collect$$libinit$$00000017))

<P><STRONG><a name="[3b8]"></a>__rt_lib_init_lc_time_1</STRONG> (Thumb, 0 bytes, Stack size unknown bytes, libinit2.o(.ARM.Collect$$libinit$$00000019))

<P><STRONG><a name="[3b9]"></a>__rt_lib_init_rand_1</STRONG> (Thumb, 0 bytes, Stack size unknown bytes, libinit2.o(.ARM.Collect$$libinit$$0000000E))

<P><STRONG><a name="[3ba]"></a>__rt_lib_init_signal_1</STRONG> (Thumb, 0 bytes, Stack size unknown bytes, libinit2.o(.ARM.Collect$$libinit$$0000001D))

<P><STRONG><a name="[3bb]"></a>__rt_lib_init_stdio_1</STRONG> (Thumb, 0 bytes, Stack size unknown bytes, libinit2.o(.ARM.Collect$$libinit$$00000025))

<P><STRONG><a name="[3bc]"></a>__rt_lib_init_user_alloc_1</STRONG> (Thumb, 0 bytes, Stack size unknown bytes, libinit2.o(.ARM.Collect$$libinit$$0000000C))

<P><STRONG><a name="[3bd]"></a>__rt_lib_init_cpp_1</STRONG> (Thumb, 0 bytes, Stack size unknown bytes, libinit2.o(.ARM.Collect$$libinit$$00000032))

<P><STRONG><a name="[3be]"></a>__rt_lib_init_return</STRONG> (Thumb, 0 bytes, Stack size unknown bytes, libinit2.o(.ARM.Collect$$libinit$$00000033))

<P><STRONG><a name="[b8]"></a>__rt_lib_shutdown</STRONG> (Thumb, 0 bytes, Stack size unknown bytes, libshutdown.o(.ARM.Collect$$libshutdown$$00000000))
<BR><BR>[Called By]<UL><LI><a href="#[b7]">&gt;&gt;</a>&nbsp;&nbsp;&nbsp;__rt_exit_ls
<LI><a href="#[cb]">&gt;&gt;</a>&nbsp;&nbsp;&nbsp;abort
</UL>

<P><STRONG><a name="[ae]"></a>__rt_lib_shutdown_cpp_2</STRONG> (Thumb, 0 bytes, Stack size unknown bytes, libshutdown2.o(.ARM.Collect$$libshutdown$$00000003))
<BR><BR>[Stack]<UL><LI>Max Depth = 40 + Unknown Stack Size
<LI>Call Chain = __rt_lib_shutdown_cpp_2 &rArr; __cxa_finalize &rArr; free
</UL>
<BR>[Calls]<UL><LI><a href="#[af]">&gt;&gt;</a>&nbsp;&nbsp;&nbsp;__cxa_finalize
</UL>

<P><STRONG><a name="[3bf]"></a>__rt_lib_shutdown_fini_1</STRONG> (Thumb, 0 bytes, Stack size unknown bytes, libshutdown2.o(.ARM.Collect$$libshutdown$$00000002))

<P><STRONG><a name="[3c0]"></a>__rt_lib_shutdown_cpp_1</STRONG> (Thumb, 0 bytes, Stack size unknown bytes, libshutdown2.o(.ARM.Collect$$libshutdown$$00000004))

<P><STRONG><a name="[3c1]"></a>__rt_lib_shutdown_fp_trap_1</STRONG> (Thumb, 0 bytes, Stack size unknown bytes, libshutdown2.o(.ARM.Collect$$libshutdown$$00000009))

<P><STRONG><a name="[3c2]"></a>__rt_lib_shutdown_heap_1</STRONG> (Thumb, 0 bytes, Stack size unknown bytes, libshutdown2.o(.ARM.Collect$$libshutdown$$00000011))

<P><STRONG><a name="[3c3]"></a>__rt_lib_shutdown_return</STRONG> (Thumb, 0 bytes, Stack size unknown bytes, libshutdown2.o(.ARM.Collect$$libshutdown$$00000012))

<P><STRONG><a name="[3c4]"></a>__rt_lib_shutdown_signal_1</STRONG> (Thumb, 0 bytes, Stack size unknown bytes, libshutdown2.o(.ARM.Collect$$libshutdown$$0000000C))

<P><STRONG><a name="[3c5]"></a>__rt_lib_shutdown_stdio_1</STRONG> (Thumb, 0 bytes, Stack size unknown bytes, libshutdown2.o(.ARM.Collect$$libshutdown$$00000006))

<P><STRONG><a name="[3c6]"></a>__rt_lib_shutdown_user_alloc_1</STRONG> (Thumb, 0 bytes, Stack size unknown bytes, libshutdown2.o(.ARM.Collect$$libshutdown$$0000000E))

<P><STRONG><a name="[a7]"></a>__rt_entry</STRONG> (Thumb, 0 bytes, Stack size unknown bytes, __rtentry.o(.ARM.Collect$$rtentry$$00000000))
<BR><BR>[Called By]<UL><LI><a href="#[a4]">&gt;&gt;</a>&nbsp;&nbsp;&nbsp;__main
<LI><a href="#[a8]">&gt;&gt;</a>&nbsp;&nbsp;&nbsp;__scatterload_rt2
</UL>

<P><STRONG><a name="[3c7]"></a>__rt_entry_presh_1</STRONG> (Thumb, 0 bytes, Stack size unknown bytes, __rtentry2.o(.ARM.Collect$$rtentry$$00000002))

<P><STRONG><a name="[b0]"></a>__rt_entry_sh</STRONG> (Thumb, 0 bytes, Stack size unknown bytes, __rtentry4.o(.ARM.Collect$$rtentry$$00000004))
<BR><BR>[Stack]<UL><LI>Max Depth = 8 + Unknown Stack Size
<LI>Call Chain = __rt_entry_sh &rArr; __user_setup_stackheap
</UL>
<BR>[Calls]<UL><LI><a href="#[b1]">&gt;&gt;</a>&nbsp;&nbsp;&nbsp;__user_setup_stackheap
</UL>

<P><STRONG><a name="[b2]"></a>__rt_entry_li</STRONG> (Thumb, 0 bytes, Stack size unknown bytes, __rtentry2.o(.ARM.Collect$$rtentry$$0000000A))
<BR><BR>[Calls]<UL><LI><a href="#[b3]">&gt;&gt;</a>&nbsp;&nbsp;&nbsp;__rt_lib_init
</UL>

<P><STRONG><a name="[3c8]"></a>__rt_entry_postsh_1</STRONG> (Thumb, 0 bytes, Stack size unknown bytes, __rtentry2.o(.ARM.Collect$$rtentry$$00000009))

<P><STRONG><a name="[b4]"></a>__rt_entry_main</STRONG> (Thumb, 0 bytes, Stack size unknown bytes, __rtentry2.o(.ARM.Collect$$rtentry$$0000000D))
<BR><BR>[Stack]<UL><LI>Max Depth = 1064 + Unknown Stack Size
<LI>Call Chain = __rt_entry_main &rArr; main &rArr; Setup() &rArr; APP::Init() &rArr; APP::lv_ex_spinbox_1() &rArr; lv_spinbox_create &rArr; lv_spinbox_set_range &rArr; lv_spinbox_updatevalue &rArr; lv_textarea_set_text &rArr; lv_textarea_add_char &rArr; insert_handler &rArr; lv_textarea_add_text &rArr;  lv_textarea_add_char (Cycle)
</UL>
<BR>[Calls]<UL><LI><a href="#[b5]">&gt;&gt;</a>&nbsp;&nbsp;&nbsp;main
<LI><a href="#[b6]">&gt;&gt;</a>&nbsp;&nbsp;&nbsp;exit
</UL>

<P><STRONG><a name="[3c9]"></a>__rt_entry_postli_1</STRONG> (Thumb, 0 bytes, Stack size unknown bytes, __rtentry2.o(.ARM.Collect$$rtentry$$0000000C))

<P><STRONG><a name="[d0]"></a>__rt_exit</STRONG> (Thumb, 0 bytes, Stack size unknown bytes, rtexit.o(.ARM.Collect$$rtexit$$00000000))
<BR><BR>[Called By]<UL><LI><a href="#[b6]">&gt;&gt;</a>&nbsp;&nbsp;&nbsp;exit
</UL>

<P><STRONG><a name="[b7]"></a>__rt_exit_ls</STRONG> (Thumb, 0 bytes, Stack size unknown bytes, rtexit2.o(.ARM.Collect$$rtexit$$00000003))
<BR><BR>[Calls]<UL><LI><a href="#[b8]">&gt;&gt;</a>&nbsp;&nbsp;&nbsp;__rt_lib_shutdown
</UL>

<P><STRONG><a name="[3ca]"></a>__rt_exit_prels_1</STRONG> (Thumb, 0 bytes, Stack size unknown bytes, rtexit2.o(.ARM.Collect$$rtexit$$00000002))

<P><STRONG><a name="[b9]"></a>__rt_exit_exit</STRONG> (Thumb, 0 bytes, Stack size unknown bytes, rtexit2.o(.ARM.Collect$$rtexit$$00000004))
<BR><BR>[Calls]<UL><LI><a href="#[ba]">&gt;&gt;</a>&nbsp;&nbsp;&nbsp;_sys_exit
</UL>

<P><STRONG><a name="[1a]"></a>Reset_Handler</STRONG> (Thumb, 8 bytes, Stack size 0 bytes, startup_stm32f411xe.o(.text))
<BR>[Address Reference Count : 1]<UL><LI> startup_stm32f411xe.o(RESET)
</UL>
<P><STRONG><a name="[3cb]"></a>_maybe_terminate_alloc</STRONG> (Thumb, 0 bytes, Stack size 0 bytes, maybetermalloc1.o(.emb_text), UNUSED)

<P><STRONG><a name="[36]"></a>ADC_IRQHandler</STRONG> (Thumb, 0 bytes, Stack size 0 bytes, startup_stm32f411xe.o(.text))
<BR><BR>[Calls]<UL><LI><a href="#[36]">&gt;&gt;</a>&nbsp;&nbsp;&nbsp;ADC_IRQHandler
</UL>
<BR>[Called By]<UL><LI><a href="#[36]">&gt;&gt;</a>&nbsp;&nbsp;&nbsp;ADC_IRQHandler
</UL>
<BR>[Address Reference Count : 1]<UL><LI> startup_stm32f411xe.o(RESET)
</UL>
<P><STRONG><a name="[2f]"></a>DMA1_Stream0_IRQHandler</STRONG> (Thumb, 0 bytes, Stack size 0 bytes, startup_stm32f411xe.o(.text))
<BR>[Address Reference Count : 1]<UL><LI> startup_stm32f411xe.o(RESET)
</UL>
<P><STRONG><a name="[30]"></a>DMA1_Stream1_IRQHandler</STRONG> (Thumb, 0 bytes, Stack size 0 bytes, startup_stm32f411xe.o(.text))
<BR>[Address Reference Count : 1]<UL><LI> startup_stm32f411xe.o(RESET)
</UL>
<P><STRONG><a name="[31]"></a>DMA1_Stream2_IRQHandler</STRONG> (Thumb, 0 bytes, Stack size 0 bytes, startup_stm32f411xe.o(.text))
<BR>[Address Reference Count : 1]<UL><LI> startup_stm32f411xe.o(RESET)
</UL>
<P><STRONG><a name="[32]"></a>DMA1_Stream3_IRQHandler</STRONG> (Thumb, 0 bytes, Stack size 0 bytes, startup_stm32f411xe.o(.text))
<BR>[Address Reference Count : 1]<UL><LI> startup_stm32f411xe.o(RESET)
</UL>
<P><STRONG><a name="[33]"></a>DMA1_Stream4_IRQHandler</STRONG> (Thumb, 0 bytes, Stack size 0 bytes, startup_stm32f411xe.o(.text))
<BR>[Address Reference Count : 1]<UL><LI> startup_stm32f411xe.o(RESET)
</UL>
<P><STRONG><a name="[34]"></a>DMA1_Stream5_IRQHandler</STRONG> (Thumb, 0 bytes, Stack size 0 bytes, startup_stm32f411xe.o(.text))
<BR>[Address Reference Count : 1]<UL><LI> startup_stm32f411xe.o(RESET)
</UL>
<P><STRONG><a name="[35]"></a>DMA1_Stream6_IRQHandler</STRONG> (Thumb, 0 bytes, Stack size 0 bytes, startup_stm32f411xe.o(.text))
<BR>[Address Reference Count : 1]<UL><LI> startup_stm32f411xe.o(RESET)
</UL>
<P><STRONG><a name="[4a]"></a>DMA1_Stream7_IRQHandler</STRONG> (Thumb, 0 bytes, Stack size 0 bytes, startup_stm32f411xe.o(.text))
<BR>[Address Reference Count : 1]<UL><LI> startup_stm32f411xe.o(RESET)
</UL>
<P><STRONG><a name="[4e]"></a>DMA2_Stream0_IRQHandler</STRONG> (Thumb, 0 bytes, Stack size 0 bytes, startup_stm32f411xe.o(.text))
<BR>[Address Reference Count : 1]<UL><LI> startup_stm32f411xe.o(RESET)
</UL>
<P><STRONG><a name="[4f]"></a>DMA2_Stream1_IRQHandler</STRONG> (Thumb, 0 bytes, Stack size 0 bytes, startup_stm32f411xe.o(.text))
<BR>[Address Reference Count : 1]<UL><LI> startup_stm32f411xe.o(RESET)
</UL>
<P><STRONG><a name="[50]"></a>DMA2_Stream2_IRQHandler</STRONG> (Thumb, 0 bytes, Stack size 0 bytes, startup_stm32f411xe.o(.text))
<BR>[Address Reference Count : 1]<UL><LI> startup_stm32f411xe.o(RESET)
</UL>
<P><STRONG><a name="[52]"></a>DMA2_Stream4_IRQHandler</STRONG> (Thumb, 0 bytes, Stack size 0 bytes, startup_stm32f411xe.o(.text))
<BR>[Address Reference Count : 1]<UL><LI> startup_stm32f411xe.o(RESET)
</UL>
<P><STRONG><a name="[54]"></a>DMA2_Stream5_IRQHandler</STRONG> (Thumb, 0 bytes, Stack size 0 bytes, startup_stm32f411xe.o(.text))
<BR>[Address Reference Count : 1]<UL><LI> startup_stm32f411xe.o(RESET)
</UL>
<P><STRONG><a name="[55]"></a>DMA2_Stream6_IRQHandler</STRONG> (Thumb, 0 bytes, Stack size 0 bytes, startup_stm32f411xe.o(.text))
<BR>[Address Reference Count : 1]<UL><LI> startup_stm32f411xe.o(RESET)
</UL>
<P><STRONG><a name="[56]"></a>DMA2_Stream7_IRQHandler</STRONG> (Thumb, 0 bytes, Stack size 0 bytes, startup_stm32f411xe.o(.text))
<BR>[Address Reference Count : 1]<UL><LI> startup_stm32f411xe.o(RESET)
</UL>
<P><STRONG><a name="[28]"></a>FLASH_IRQHandler</STRONG> (Thumb, 0 bytes, Stack size 0 bytes, startup_stm32f411xe.o(.text))
<BR>[Address Reference Count : 1]<UL><LI> startup_stm32f411xe.o(RESET)
</UL>
<P><STRONG><a name="[5a]"></a>FPU_IRQHandler</STRONG> (Thumb, 0 bytes, Stack size 0 bytes, startup_stm32f411xe.o(.text))
<BR>[Address Reference Count : 1]<UL><LI> startup_stm32f411xe.o(RESET)
</UL>
<P><STRONG><a name="[40]"></a>I2C1_ER_IRQHandler</STRONG> (Thumb, 0 bytes, Stack size 0 bytes, startup_stm32f411xe.o(.text))
<BR>[Address Reference Count : 1]<UL><LI> startup_stm32f411xe.o(RESET)
</UL>
<P><STRONG><a name="[3f]"></a>I2C1_EV_IRQHandler</STRONG> (Thumb, 0 bytes, Stack size 0 bytes, startup_stm32f411xe.o(.text))
<BR>[Address Reference Count : 1]<UL><LI> startup_stm32f411xe.o(RESET)
</UL>
<P><STRONG><a name="[42]"></a>I2C2_ER_IRQHandler</STRONG> (Thumb, 0 bytes, Stack size 0 bytes, startup_stm32f411xe.o(.text))
<BR>[Address Reference Count : 1]<UL><LI> startup_stm32f411xe.o(RESET)
</UL>
<P><STRONG><a name="[41]"></a>I2C2_EV_IRQHandler</STRONG> (Thumb, 0 bytes, Stack size 0 bytes, startup_stm32f411xe.o(.text))
<BR>[Address Reference Count : 1]<UL><LI> startup_stm32f411xe.o(RESET)
</UL>
<P><STRONG><a name="[59]"></a>I2C3_ER_IRQHandler</STRONG> (Thumb, 0 bytes, Stack size 0 bytes, startup_stm32f411xe.o(.text))
<BR>[Address Reference Count : 1]<UL><LI> startup_stm32f411xe.o(RESET)
</UL>
<P><STRONG><a name="[58]"></a>I2C3_EV_IRQHandler</STRONG> (Thumb, 0 bytes, Stack size 0 bytes, startup_stm32f411xe.o(.text))
<BR>[Address Reference Count : 1]<UL><LI> startup_stm32f411xe.o(RESET)
</UL>
<P><STRONG><a name="[53]"></a>OTG_FS_IRQHandler</STRONG> (Thumb, 0 bytes, Stack size 0 bytes, startup_stm32f411xe.o(.text))
<BR>[Address Reference Count : 1]<UL><LI> startup_stm32f411xe.o(RESET)
</UL>
<P><STRONG><a name="[49]"></a>OTG_FS_WKUP_IRQHandler</STRONG> (Thumb, 0 bytes, Stack size 0 bytes, startup_stm32f411xe.o(.text))
<BR>[Address Reference Count : 1]<UL><LI> startup_stm32f411xe.o(RESET)
</UL>
<P><STRONG><a name="[25]"></a>PVD_IRQHandler</STRONG> (Thumb, 0 bytes, Stack size 0 bytes, startup_stm32f411xe.o(.text))
<BR>[Address Reference Count : 1]<UL><LI> startup_stm32f411xe.o(RESET)
</UL>
<P><STRONG><a name="[29]"></a>RCC_IRQHandler</STRONG> (Thumb, 0 bytes, Stack size 0 bytes, startup_stm32f411xe.o(.text))
<BR>[Address Reference Count : 1]<UL><LI> startup_stm32f411xe.o(RESET)
</UL>
<P><STRONG><a name="[4b]"></a>SDIO_IRQHandler</STRONG> (Thumb, 0 bytes, Stack size 0 bytes, startup_stm32f411xe.o(.text))
<BR>[Address Reference Count : 1]<UL><LI> startup_stm32f411xe.o(RESET)
</UL>
<P><STRONG><a name="[43]"></a>SPI1_IRQHandler</STRONG> (Thumb, 0 bytes, Stack size 0 bytes, startup_stm32f411xe.o(.text))
<BR>[Address Reference Count : 1]<UL><LI> startup_stm32f411xe.o(RESET)
</UL>
<P><STRONG><a name="[44]"></a>SPI2_IRQHandler</STRONG> (Thumb, 0 bytes, Stack size 0 bytes, startup_stm32f411xe.o(.text))
<BR>[Address Reference Count : 1]<UL><LI> startup_stm32f411xe.o(RESET)
</UL>
<P><STRONG><a name="[4d]"></a>SPI3_IRQHandler</STRONG> (Thumb, 0 bytes, Stack size 0 bytes, startup_stm32f411xe.o(.text))
<BR>[Address Reference Count : 1]<UL><LI> startup_stm32f411xe.o(RESET)
</UL>
<P><STRONG><a name="[5b]"></a>SPI4_IRQHandler</STRONG> (Thumb, 0 bytes, Stack size 0 bytes, startup_stm32f411xe.o(.text))
<BR>[Address Reference Count : 1]<UL><LI> startup_stm32f411xe.o(RESET)
</UL>
<P><STRONG><a name="[5c]"></a>SPI5_IRQHandler</STRONG> (Thumb, 0 bytes, Stack size 0 bytes, startup_stm32f411xe.o(.text))
<BR>[Address Reference Count : 1]<UL><LI> startup_stm32f411xe.o(RESET)
</UL>
<P><STRONG><a name="[26]"></a>TAMP_STAMP_IRQHandler</STRONG> (Thumb, 0 bytes, Stack size 0 bytes, startup_stm32f411xe.o(.text))
<BR>[Address Reference Count : 1]<UL><LI> startup_stm32f411xe.o(RESET)
</UL>
<P><STRONG><a name="[38]"></a>TIM1_BRK_TIM9_IRQHandler</STRONG> (Thumb, 0 bytes, Stack size 0 bytes, startup_stm32f411xe.o(.text))
<BR>[Address Reference Count : 1]<UL><LI> startup_stm32f411xe.o(RESET)
</UL>
<P><STRONG><a name="[3b]"></a>TIM1_CC_IRQHandler</STRONG> (Thumb, 0 bytes, Stack size 0 bytes, startup_stm32f411xe.o(.text))
<BR>[Address Reference Count : 1]<UL><LI> startup_stm32f411xe.o(RESET)
</UL>
<P><STRONG><a name="[3a]"></a>TIM1_TRG_COM_TIM11_IRQHandler</STRONG> (Thumb, 0 bytes, Stack size 0 bytes, startup_stm32f411xe.o(.text))
<BR>[Address Reference Count : 1]<UL><LI> startup_stm32f411xe.o(RESET)
</UL>
<P><STRONG><a name="[57]"></a>USART6_IRQHandler</STRONG> (Thumb, 0 bytes, Stack size 0 bytes, startup_stm32f411xe.o(.text))
<BR>[Address Reference Count : 1]<UL><LI> startup_stm32f411xe.o(RESET)
</UL>
<P><STRONG><a name="[24]"></a>WWDG_IRQHandler</STRONG> (Thumb, 0 bytes, Stack size 0 bytes, startup_stm32f411xe.o(.text))
<BR>[Address Reference Count : 1]<UL><LI> startup_stm32f411xe.o(RESET)
</UL>
<P><STRONG><a name="[cf]"></a>__user_initial_stackheap</STRONG> (Thumb, 0 bytes, Stack size unknown bytes, startup_stm32f411xe.o(.text))
<BR><BR>[Called By]<UL><LI><a href="#[b1]">&gt;&gt;</a>&nbsp;&nbsp;&nbsp;__user_setup_stackheap
</UL>

<P><STRONG><a name="[bb]"></a>malloc</STRONG> (Thumb, 94 bytes, Stack size 16 bytes, h1_alloc.o(.text))
<BR><BR>[Stack]<UL><LI>Max Depth = 48<LI>Call Chain = malloc &rArr; __Heap_Full &rArr; __Heap_ProvideMemory &rArr; free
</UL>
<BR>[Calls]<UL><LI><a href="#[bd]">&gt;&gt;</a>&nbsp;&nbsp;&nbsp;__Heap_Full
<LI><a href="#[bc]">&gt;&gt;</a>&nbsp;&nbsp;&nbsp;__rt_heap_descriptor
</UL>
<BR>[Called By]<UL><LI><a href="#[13a]">&gt;&gt;</a>&nbsp;&nbsp;&nbsp;operator new(unsigned)
<LI><a href="#[c1]">&gt;&gt;</a>&nbsp;&nbsp;&nbsp;__aeabi_atexit
<LI><a href="#[bf]">&gt;&gt;</a>&nbsp;&nbsp;&nbsp;realloc
<LI><a href="#[ca]">&gt;&gt;</a>&nbsp;&nbsp;&nbsp;__cxa_get_globals
<LI><a href="#[cd]">&gt;&gt;</a>&nbsp;&nbsp;&nbsp;__ARM_exceptions_buffer_init
</UL>

<P><STRONG><a name="[be]"></a>free</STRONG> (Thumb, 78 bytes, Stack size 16 bytes, h1_free.o(.text))
<BR><BR>[Stack]<UL><LI>Max Depth = 16<LI>Call Chain = free
</UL>
<BR>[Calls]<UL><LI><a href="#[bc]">&gt;&gt;</a>&nbsp;&nbsp;&nbsp;__rt_heap_descriptor
</UL>
<BR>[Called By]<UL><LI><a href="#[154]">&gt;&gt;</a>&nbsp;&nbsp;&nbsp;String::~String()
<LI><a href="#[158]">&gt;&gt;</a>&nbsp;&nbsp;&nbsp;String::invalidate()
<LI><a href="#[13b]">&gt;&gt;</a>&nbsp;&nbsp;&nbsp;operator delete (void*)
<LI><a href="#[bf]">&gt;&gt;</a>&nbsp;&nbsp;&nbsp;realloc
<LI><a href="#[c3]">&gt;&gt;</a>&nbsp;&nbsp;&nbsp;__Heap_ProvideMemory
<LI><a href="#[af]">&gt;&gt;</a>&nbsp;&nbsp;&nbsp;__cxa_finalize
</UL>

<P><STRONG><a name="[bf]"></a>realloc</STRONG> (Thumb, 184 bytes, Stack size 16 bytes, h1_realloc.o(.text))
<BR><BR>[Stack]<UL><LI>Max Depth = 64<LI>Call Chain = realloc &rArr; malloc &rArr; __Heap_Full &rArr; __Heap_ProvideMemory &rArr; free
</UL>
<BR>[Calls]<UL><LI><a href="#[c0]">&gt;&gt;</a>&nbsp;&nbsp;&nbsp;__aeabi_memcpy4
<LI><a href="#[be]">&gt;&gt;</a>&nbsp;&nbsp;&nbsp;free
<LI><a href="#[bb]">&gt;&gt;</a>&nbsp;&nbsp;&nbsp;malloc
<LI><a href="#[bc]">&gt;&gt;</a>&nbsp;&nbsp;&nbsp;__rt_heap_descriptor
</UL>
<BR>[Called By]<UL><LI><a href="#[159]">&gt;&gt;</a>&nbsp;&nbsp;&nbsp;String::changeBuffer(unsigned)
</UL>

<P><STRONG><a name="[c1]"></a>__aeabi_atexit</STRONG> (Thumb, 46 bytes, Stack size 24 bytes, aeabi_atexit.o(.text))
<BR><BR>[Stack]<UL><LI>Max Depth = 72<LI>Call Chain = __aeabi_atexit &rArr; malloc &rArr; __Heap_Full &rArr; __Heap_ProvideMemory &rArr; free
</UL>
<BR>[Calls]<UL><LI><a href="#[bb]">&gt;&gt;</a>&nbsp;&nbsp;&nbsp;malloc
<LI><a href="#[c2]">&gt;&gt;</a>&nbsp;&nbsp;&nbsp;__rt_ddtor_pointer_addr
</UL>
<BR>[Called By]<UL><LI><a href="#[a1]">&gt;&gt;</a>&nbsp;&nbsp;&nbsp;__sti___8_main_cpp_main
</UL>

<P><STRONG><a name="[3a2]"></a>memcmp</STRONG> (Thumb, 88 bytes, Stack size 8 bytes, memcmp.o(.text))
<BR><BR>[Stack]<UL><LI>Max Depth = 8<LI>Call Chain = memcmp
</UL>
<BR>[Called By]<UL><LI><a href="#[34e]">&gt;&gt;</a>&nbsp;&nbsp;&nbsp;trans_create
<LI><a href="#[34d]">&gt;&gt;</a>&nbsp;&nbsp;&nbsp;style_snapshot_compare
</UL>

<P><STRONG><a name="[15c]"></a>strcpy</STRONG> (Thumb, 72 bytes, Stack size 12 bytes, strcpy.o(.text))
<BR><BR>[Stack]<UL><LI>Max Depth = 12<LI>Call Chain = strcpy
</UL>
<BR>[Called By]<UL><LI><a href="#[15d]">&gt;&gt;</a>&nbsp;&nbsp;&nbsp;String::concat(const char*, unsigned)
<LI><a href="#[15a]">&gt;&gt;</a>&nbsp;&nbsp;&nbsp;String::copy(const char*, unsigned)
<LI><a href="#[19f]">&gt;&gt;</a>&nbsp;&nbsp;&nbsp;lv_img_decoder_open
<LI><a href="#[2dc]">&gt;&gt;</a>&nbsp;&nbsp;&nbsp;lv_label_set_text
<LI><a href="#[380]">&gt;&gt;</a>&nbsp;&nbsp;&nbsp;lv_textarea_set_text
<LI><a href="#[38a]">&gt;&gt;</a>&nbsp;&nbsp;&nbsp;lv_textarea_set_placeholder_text
</UL>

<P><STRONG><a name="[15f]"></a>strlen</STRONG> (Thumb, 62 bytes, Stack size 8 bytes, strlen.o(.text))
<BR><BR>[Stack]<UL><LI>Max Depth = 8<LI>Call Chain = strlen
</UL>
<BR>[Called By]<UL><LI><a href="#[155]">&gt;&gt;</a>&nbsp;&nbsp;&nbsp;String::String(const char*)
<LI><a href="#[19f]">&gt;&gt;</a>&nbsp;&nbsp;&nbsp;lv_img_decoder_open
<LI><a href="#[1e2]">&gt;&gt;</a>&nbsp;&nbsp;&nbsp;_lv_txt_ins
<LI><a href="#[1db]">&gt;&gt;</a>&nbsp;&nbsp;&nbsp;_lv_txt_cut
<LI><a href="#[2dc]">&gt;&gt;</a>&nbsp;&nbsp;&nbsp;lv_label_set_text
<LI><a href="#[2d4]">&gt;&gt;</a>&nbsp;&nbsp;&nbsp;lv_label_create
<LI><a href="#[2e8]">&gt;&gt;</a>&nbsp;&nbsp;&nbsp;lv_label_refr_text
<LI><a href="#[2e7]">&gt;&gt;</a>&nbsp;&nbsp;&nbsp;lv_label_ins_text
<LI><a href="#[38e]">&gt;&gt;</a>&nbsp;&nbsp;&nbsp;lv_textarea_del_char
<LI><a href="#[25f]">&gt;&gt;</a>&nbsp;&nbsp;&nbsp;lv_textarea_add_text
<LI><a href="#[37a]">&gt;&gt;</a>&nbsp;&nbsp;&nbsp;lv_textarea_add_char
<LI><a href="#[380]">&gt;&gt;</a>&nbsp;&nbsp;&nbsp;lv_textarea_set_text
<LI><a href="#[375]">&gt;&gt;</a>&nbsp;&nbsp;&nbsp;lv_spinbox_updatevalue
<LI><a href="#[8f]">&gt;&gt;</a>&nbsp;&nbsp;&nbsp;lv_spinbox_signal
<LI><a href="#[38a]">&gt;&gt;</a>&nbsp;&nbsp;&nbsp;lv_textarea_set_placeholder_text
<LI><a href="#[386]">&gt;&gt;</a>&nbsp;&nbsp;&nbsp;pwd_char_hider
</UL>

<P><STRONG><a name="[c0]"></a>__aeabi_memcpy4</STRONG> (Thumb, 0 bytes, Stack size 8 bytes, rt_memcpy_w.o(.text))
<BR><BR>[Stack]<UL><LI>Max Depth = 8<LI>Call Chain = __aeabi_memcpy4
</UL>
<BR>[Called By]<UL><LI><a href="#[bf]">&gt;&gt;</a>&nbsp;&nbsp;&nbsp;realloc
</UL>

<P><STRONG><a name="[3cc]"></a>__aeabi_memcpy8</STRONG> (Thumb, 0 bytes, Stack size 8 bytes, rt_memcpy_w.o(.text), UNUSED)

<P><STRONG><a name="[3cd]"></a>__rt_memcpy_w</STRONG> (Thumb, 100 bytes, Stack size 8 bytes, rt_memcpy_w.o(.text), UNUSED)

<P><STRONG><a name="[3ce]"></a>_memcpy_lastbytes_aligned</STRONG> (Thumb, 0 bytes, Stack size unknown bytes, rt_memcpy_w.o(.text), UNUSED)

<P><STRONG><a name="[165]"></a>strcmp</STRONG> (Thumb, 128 bytes, Stack size 0 bytes, strcmpv7m.o(.text))
<BR><BR>[Called By]<UL><LI><a href="#[153]">&gt;&gt;</a>&nbsp;&nbsp;&nbsp;String::equals(const char*) const
<LI><a href="#[19d]">&gt;&gt;</a>&nbsp;&nbsp;&nbsp;lv_img_cache_match
<LI><a href="#[25e]">&gt;&gt;</a>&nbsp;&nbsp;&nbsp;insert_handler
</UL>

<P><STRONG><a name="[3cf]"></a>__use_two_region_memory</STRONG> (Thumb, 2 bytes, Stack size 0 bytes, heapauxi.o(.text), UNUSED)

<P><STRONG><a name="[4]"></a>__rt_heap_escrow</STRONG> (Thumb, 2 bytes, Stack size 0 bytes, heapauxi.o(.text), UNUSED)

<P><STRONG><a name="[3]"></a>__rt_heap_expand</STRONG> (Thumb, 2 bytes, Stack size 0 bytes, heapauxi.o(.text), UNUSED)

<P><STRONG><a name="[a5]"></a>__cpp_initialize__aeabi_</STRONG> (Thumb, 26 bytes, Stack size 16 bytes, init_aeabi.o(.text))
<BR><BR>[Stack]<UL><LI>Max Depth = 16<LI>Call Chain = __cpp_initialize__aeabi_
</UL>
<BR>[Called By]<UL><LI><a href="#[ad]">&gt;&gt;</a>&nbsp;&nbsp;&nbsp;__rt_lib_init_cpp_2
</UL>

<P><STRONG><a name="[bc]"></a>__rt_heap_descriptor</STRONG> (Thumb, 8 bytes, Stack size 0 bytes, rt_heap_descriptor_intlibspace.o(.text))
<BR><BR>[Called By]<UL><LI><a href="#[bf]">&gt;&gt;</a>&nbsp;&nbsp;&nbsp;realloc
<LI><a href="#[be]">&gt;&gt;</a>&nbsp;&nbsp;&nbsp;free
<LI><a href="#[bb]">&gt;&gt;</a>&nbsp;&nbsp;&nbsp;malloc
<LI><a href="#[ac]">&gt;&gt;</a>&nbsp;&nbsp;&nbsp;_init_alloc
</UL>

<P><STRONG><a name="[166]"></a>__rt_new_handler_addr</STRONG> (Thumb, 8 bytes, Stack size 0 bytes, rt_new_handler_addr_intlibspace.o(.text))
<BR><BR>[Called By]<UL><LI><a href="#[13a]">&gt;&gt;</a>&nbsp;&nbsp;&nbsp;operator new(unsigned)
</UL>

<P><STRONG><a name="[c2]"></a>__rt_ddtor_pointer_addr</STRONG> (Thumb, 8 bytes, Stack size 0 bytes, rt_ddtor_pointer_addr_intlibspace.o(.text))
<BR><BR>[Called By]<UL><LI><a href="#[c1]">&gt;&gt;</a>&nbsp;&nbsp;&nbsp;__aeabi_atexit
<LI><a href="#[af]">&gt;&gt;</a>&nbsp;&nbsp;&nbsp;__cxa_finalize
</UL>

<P><STRONG><a name="[3d0]"></a>__use_no_heap</STRONG> (Thumb, 2 bytes, Stack size 0 bytes, hguard.o(.text), UNUSED)

<P><STRONG><a name="[3d1]"></a>__heap$guard</STRONG> (Thumb, 2 bytes, Stack size 0 bytes, hguard.o(.text), UNUSED)

<P><STRONG><a name="[b]"></a>_terminate_user_alloc</STRONG> (Thumb, 2 bytes, Stack size 0 bytes, init_alloc.o(.text), UNUSED)

<P><STRONG><a name="[7]"></a>_init_user_alloc</STRONG> (Thumb, 2 bytes, Stack size 0 bytes, init_alloc.o(.text), UNUSED)

<P><STRONG><a name="[bd]"></a>__Heap_Full</STRONG> (Thumb, 34 bytes, Stack size 16 bytes, init_alloc.o(.text))
<BR><BR>[Stack]<UL><LI>Max Depth = 32<LI>Call Chain = __Heap_Full &rArr; __Heap_ProvideMemory &rArr; free
</UL>
<BR>[Calls]<UL><LI><a href="#[c3]">&gt;&gt;</a>&nbsp;&nbsp;&nbsp;__Heap_ProvideMemory
</UL>
<BR>[Called By]<UL><LI><a href="#[bb]">&gt;&gt;</a>&nbsp;&nbsp;&nbsp;malloc
</UL>

<P><STRONG><a name="[c4]"></a>__Heap_Broken</STRONG> (Thumb, 6 bytes, Stack size 0 bytes, init_alloc.o(.text), UNUSED)
<BR><BR>[Calls]<UL><LI><a href="#[c5]">&gt;&gt;</a>&nbsp;&nbsp;&nbsp;__rt_SIGRTMEM
</UL>

<P><STRONG><a name="[ac]"></a>_init_alloc</STRONG> (Thumb, 94 bytes, Stack size 24 bytes, init_alloc.o(.text))
<BR><BR>[Stack]<UL><LI>Max Depth = 64<LI>Call Chain = _init_alloc &rArr; __rt_SIGRTMEM &rArr; __rt_SIGRTMEM_inner &rArr; __default_signal_display &rArr; _ttywrch
</UL>
<BR>[Calls]<UL><LI><a href="#[c5]">&gt;&gt;</a>&nbsp;&nbsp;&nbsp;__rt_SIGRTMEM
<LI><a href="#[c3]">&gt;&gt;</a>&nbsp;&nbsp;&nbsp;__Heap_ProvideMemory
<LI><a href="#[c6]">&gt;&gt;</a>&nbsp;&nbsp;&nbsp;__Heap_Initialize
<LI><a href="#[bc]">&gt;&gt;</a>&nbsp;&nbsp;&nbsp;__rt_heap_descriptor
</UL>
<BR>[Called By]<UL><LI><a href="#[ab]">&gt;&gt;</a>&nbsp;&nbsp;&nbsp;__rt_lib_init_heap_2
</UL>

<P><STRONG><a name="[c6]"></a>__Heap_Initialize</STRONG> (Thumb, 10 bytes, Stack size 0 bytes, h1_init.o(.text))
<BR><BR>[Called By]<UL><LI><a href="#[ac]">&gt;&gt;</a>&nbsp;&nbsp;&nbsp;_init_alloc
</UL>

<P><STRONG><a name="[5]"></a>__Heap_DescSize</STRONG> (Thumb, 4 bytes, Stack size 0 bytes, h1_init.o(.text), UNUSED)

<P><STRONG><a name="[af]"></a>__cxa_finalize</STRONG> (Thumb, 66 bytes, Stack size 24 bytes, cxa_finalize.o(.text))
<BR><BR>[Stack]<UL><LI>Max Depth = 40<LI>Call Chain = __cxa_finalize &rArr; free
</UL>
<BR>[Calls]<UL><LI><a href="#[be]">&gt;&gt;</a>&nbsp;&nbsp;&nbsp;free
<LI><a href="#[c2]">&gt;&gt;</a>&nbsp;&nbsp;&nbsp;__rt_ddtor_pointer_addr
</UL>
<BR>[Called By]<UL><LI><a href="#[ae]">&gt;&gt;</a>&nbsp;&nbsp;&nbsp;__rt_lib_shutdown_cpp_2
</UL>

<P><STRONG><a name="[68]"></a>__default_new_handler()</STRONG> (Thumb, 4 bytes, Stack size 0 bytes, arm_newhandler_noexceptions.o(.text))
<BR><BR>[Stack]<UL><LI>Max Depth = 80 + Unknown Stack Size
<LI>Call Chain = __default_new_handler() &rArr; std::terminate() &rArr; __cxa_get_globals &rArr; __ARM_exceptions_buffer_init &rArr; malloc &rArr; __Heap_Full &rArr; __Heap_ProvideMemory &rArr; free
</UL>
<BR>[Calls]<UL><LI><a href="#[c7]">&gt;&gt;</a>&nbsp;&nbsp;&nbsp;std::terminate()
</UL>
<BR>[Address Reference Count : 1]<UL><LI> new.o(i._Znwj)
</UL>
<P><STRONG><a name="[3d2]"></a>__user_libspace</STRONG> (Thumb, 8 bytes, Stack size 0 bytes, libspace.o(.text), UNUSED)

<P><STRONG><a name="[ce]"></a>__user_perproc_libspace</STRONG> (Thumb, 0 bytes, Stack size 0 bytes, libspace.o(.text))
<BR><BR>[Called By]<UL><LI><a href="#[b1]">&gt;&gt;</a>&nbsp;&nbsp;&nbsp;__user_setup_stackheap
</UL>

<P><STRONG><a name="[3d3]"></a>__user_perthread_libspace</STRONG> (Thumb, 0 bytes, Stack size 0 bytes, libspace.o(.text), UNUSED)

<P><STRONG><a name="[c3]"></a>__Heap_ProvideMemory</STRONG> (Thumb, 52 bytes, Stack size 0 bytes, h1_extend.o(.text))
<BR><BR>[Stack]<UL><LI>Max Depth = 16<LI>Call Chain = __Heap_ProvideMemory &rArr; free
</UL>
<BR>[Calls]<UL><LI><a href="#[be]">&gt;&gt;</a>&nbsp;&nbsp;&nbsp;free
</UL>
<BR>[Called By]<UL><LI><a href="#[ac]">&gt;&gt;</a>&nbsp;&nbsp;&nbsp;_init_alloc
<LI><a href="#[bd]">&gt;&gt;</a>&nbsp;&nbsp;&nbsp;__Heap_Full
</UL>

<P><STRONG><a name="[c8]"></a>__sig_exit</STRONG> (Thumb, 10 bytes, Stack size 0 bytes, defsig_exit.o(.text))
<BR><BR>[Calls]<UL><LI><a href="#[ba]">&gt;&gt;</a>&nbsp;&nbsp;&nbsp;_sys_exit
</UL>
<BR>[Called By]<UL><LI><a href="#[c5]">&gt;&gt;</a>&nbsp;&nbsp;&nbsp;__rt_SIGRTMEM
<LI><a href="#[d1]">&gt;&gt;</a>&nbsp;&nbsp;&nbsp;__rt_SIGABRT
</UL>

<P><STRONG><a name="[c5]"></a>__rt_SIGRTMEM</STRONG> (Thumb, 14 bytes, Stack size 8 bytes, defsig_rtmem_outer.o(.text))
<BR><BR>[Stack]<UL><LI>Max Depth = 40<LI>Call Chain = __rt_SIGRTMEM &rArr; __rt_SIGRTMEM_inner &rArr; __default_signal_display &rArr; _ttywrch
</UL>
<BR>[Calls]<UL><LI><a href="#[c8]">&gt;&gt;</a>&nbsp;&nbsp;&nbsp;__sig_exit
<LI><a href="#[c9]">&gt;&gt;</a>&nbsp;&nbsp;&nbsp;__rt_SIGRTMEM_inner
</UL>
<BR>[Called By]<UL><LI><a href="#[ac]">&gt;&gt;</a>&nbsp;&nbsp;&nbsp;_init_alloc
<LI><a href="#[c4]">&gt;&gt;</a>&nbsp;&nbsp;&nbsp;__Heap_Broken
</UL>

<P><STRONG><a name="[c7]"></a>std::terminate()</STRONG> (Thumb, 26 bytes, Stack size 8 bytes, arm_exceptions_terminate.o(.text))
<BR><BR>[Stack]<UL><LI>Max Depth = 80 + Unknown Stack Size
<LI>Call Chain = std::terminate() &rArr; __cxa_get_globals &rArr; __ARM_exceptions_buffer_init &rArr; malloc &rArr; __Heap_Full &rArr; __Heap_ProvideMemory &rArr; free
</UL>
<BR>[Calls]<UL><LI><a href="#[ca]">&gt;&gt;</a>&nbsp;&nbsp;&nbsp;__cxa_get_globals
<LI><a href="#[cb]">&gt;&gt;</a>&nbsp;&nbsp;&nbsp;abort
</UL>
<BR>[Called By]<UL><LI><a href="#[68]">&gt;&gt;</a>&nbsp;&nbsp;&nbsp;__default_new_handler()
</UL>

<P><STRONG><a name="[ca]"></a>__cxa_get_globals</STRONG> (Thumb, 62 bytes, Stack size 16 bytes, arm_exceptions_globs.o(.text))
<BR><BR>[Stack]<UL><LI>Max Depth = 72 + Unknown Stack Size
<LI>Call Chain = __cxa_get_globals &rArr; __ARM_exceptions_buffer_init &rArr; malloc &rArr; __Heap_Full &rArr; __Heap_ProvideMemory &rArr; free
</UL>
<BR>[Calls]<UL><LI><a href="#[bb]">&gt;&gt;</a>&nbsp;&nbsp;&nbsp;malloc
<LI><a href="#[cc]">&gt;&gt;</a>&nbsp;&nbsp;&nbsp;__rt_eh_globals_addr
<LI><a href="#[cd]">&gt;&gt;</a>&nbsp;&nbsp;&nbsp;__ARM_exceptions_buffer_init
<LI><a href="#[cb]">&gt;&gt;</a>&nbsp;&nbsp;&nbsp;abort
</UL>
<BR>[Called By]<UL><LI><a href="#[c7]">&gt;&gt;</a>&nbsp;&nbsp;&nbsp;std::terminate()
</UL>

<P><STRONG><a name="[ba]"></a>_sys_exit</STRONG> (Thumb, 8 bytes, Stack size 0 bytes, sys_exit.o(.text))
<BR><BR>[Called By]<UL><LI><a href="#[c8]">&gt;&gt;</a>&nbsp;&nbsp;&nbsp;__sig_exit
<LI><a href="#[b9]">&gt;&gt;</a>&nbsp;&nbsp;&nbsp;__rt_exit_exit
<LI><a href="#[cb]">&gt;&gt;</a>&nbsp;&nbsp;&nbsp;abort
</UL>

<P><STRONG><a name="[3d4]"></a>__I$use$semihosting</STRONG> (Thumb, 0 bytes, Stack size 0 bytes, use_no_semi.o(.text), UNUSED)

<P><STRONG><a name="[3d5]"></a>__use_no_semihosting_swi</STRONG> (Thumb, 2 bytes, Stack size 0 bytes, use_no_semi.o(.text), UNUSED)

<P><STRONG><a name="[3d6]"></a>__semihosting_library_function</STRONG> (Thumb, 0 bytes, Stack size 8 bytes, indicate_semi.o(.text), UNUSED)

<P><STRONG><a name="[b1]"></a>__user_setup_stackheap</STRONG> (Thumb, 74 bytes, Stack size 8 bytes, sys_stackheap_outer.o(.text))
<BR><BR>[Stack]<UL><LI>Max Depth = 8 + Unknown Stack Size
<LI>Call Chain = __user_setup_stackheap
</UL>
<BR>[Calls]<UL><LI><a href="#[cf]">&gt;&gt;</a>&nbsp;&nbsp;&nbsp;__user_initial_stackheap
<LI><a href="#[ce]">&gt;&gt;</a>&nbsp;&nbsp;&nbsp;__user_perproc_libspace
</UL>
<BR>[Called By]<UL><LI><a href="#[b0]">&gt;&gt;</a>&nbsp;&nbsp;&nbsp;__rt_entry_sh
</UL>

<P><STRONG><a name="[cc]"></a>__rt_eh_globals_addr</STRONG> (Thumb, 8 bytes, Stack size 0 bytes, rt_eh_globals_addr_intlibspace.o(.text))
<BR><BR>[Called By]<UL><LI><a href="#[ca]">&gt;&gt;</a>&nbsp;&nbsp;&nbsp;__cxa_get_globals
</UL>

<P><STRONG><a name="[b6]"></a>exit</STRONG> (Thumb, 18 bytes, Stack size 8 bytes, exit.o(.text))
<BR><BR>[Stack]<UL><LI>Max Depth = 8 + Unknown Stack Size
<LI>Call Chain = exit
</UL>
<BR>[Calls]<UL><LI><a href="#[d0]">&gt;&gt;</a>&nbsp;&nbsp;&nbsp;__rt_exit
</UL>
<BR>[Called By]<UL><LI><a href="#[b4]">&gt;&gt;</a>&nbsp;&nbsp;&nbsp;__rt_entry_main
</UL>

<P><STRONG><a name="[cb]"></a>abort</STRONG> (Thumb, 22 bytes, Stack size 8 bytes, abort.o(.text))
<BR><BR>[Stack]<UL><LI>Max Depth = 48 + Unknown Stack Size
<LI>Call Chain = abort &rArr; __rt_SIGABRT &rArr; __rt_SIGABRT_inner &rArr; __default_signal_display &rArr; _ttywrch
</UL>
<BR>[Calls]<UL><LI><a href="#[ba]">&gt;&gt;</a>&nbsp;&nbsp;&nbsp;_sys_exit
<LI><a href="#[b8]">&gt;&gt;</a>&nbsp;&nbsp;&nbsp;__rt_lib_shutdown
<LI><a href="#[d1]">&gt;&gt;</a>&nbsp;&nbsp;&nbsp;__rt_SIGABRT
</UL>
<BR>[Called By]<UL><LI><a href="#[ca]">&gt;&gt;</a>&nbsp;&nbsp;&nbsp;__cxa_get_globals
<LI><a href="#[5f]">&gt;&gt;</a>&nbsp;&nbsp;&nbsp;[local to arm_exceptions_c]::__default_terminate_handler()
<LI><a href="#[c7]">&gt;&gt;</a>&nbsp;&nbsp;&nbsp;std::terminate()
</UL>

<P><STRONG><a name="[d2]"></a>__default_signal_display</STRONG> (Thumb, 50 bytes, Stack size 16 bytes, defsig_general.o(.text))
<BR><BR>[Stack]<UL><LI>Max Depth = 24<LI>Call Chain = __default_signal_display &rArr; _ttywrch
</UL>
<BR>[Calls]<UL><LI><a href="#[d3]">&gt;&gt;</a>&nbsp;&nbsp;&nbsp;_ttywrch
</UL>
<BR>[Called By]<UL><LI><a href="#[d4]">&gt;&gt;</a>&nbsp;&nbsp;&nbsp;__rt_SIGABRT_inner
<LI><a href="#[c9]">&gt;&gt;</a>&nbsp;&nbsp;&nbsp;__rt_SIGRTMEM_inner
</UL>

<P><STRONG><a name="[c9]"></a>__rt_SIGRTMEM_inner</STRONG> (Thumb, 22 bytes, Stack size 8 bytes, defsig_rtmem_inner.o(.text))
<BR><BR>[Stack]<UL><LI>Max Depth = 32<LI>Call Chain = __rt_SIGRTMEM_inner &rArr; __default_signal_display &rArr; _ttywrch
</UL>
<BR>[Calls]<UL><LI><a href="#[d2]">&gt;&gt;</a>&nbsp;&nbsp;&nbsp;__default_signal_display
</UL>
<BR>[Called By]<UL><LI><a href="#[c5]">&gt;&gt;</a>&nbsp;&nbsp;&nbsp;__rt_SIGRTMEM
</UL>

<P><STRONG><a name="[cd]"></a>__ARM_exceptions_buffer_init</STRONG> (Thumb, 18 bytes, Stack size 8 bytes, arm_exceptions_mem.o(.text))
<BR><BR>[Stack]<UL><LI>Max Depth = 56<LI>Call Chain = __ARM_exceptions_buffer_init &rArr; malloc &rArr; __Heap_Full &rArr; __Heap_ProvideMemory &rArr; free
</UL>
<BR>[Calls]<UL><LI><a href="#[bb]">&gt;&gt;</a>&nbsp;&nbsp;&nbsp;malloc
</UL>
<BR>[Called By]<UL><LI><a href="#[ca]">&gt;&gt;</a>&nbsp;&nbsp;&nbsp;__cxa_get_globals
</UL>

<P><STRONG><a name="[3d7]"></a>__ARM_exceptions_buffer_allocate</STRONG> (Thumb, 22 bytes, Stack size 0 bytes, arm_exceptions_mem.o(.text), UNUSED)

<P><STRONG><a name="[3d8]"></a>__ARM_exceptions_buffer_free</STRONG> (Thumb, 20 bytes, Stack size 0 bytes, arm_exceptions_mem.o(.text), UNUSED)

<P><STRONG><a name="[d3]"></a>_ttywrch</STRONG> (Thumb, 14 bytes, Stack size 8 bytes, sys_wrch.o(.text))
<BR><BR>[Stack]<UL><LI>Max Depth = 8<LI>Call Chain = _ttywrch
</UL>
<BR>[Called By]<UL><LI><a href="#[d2]">&gt;&gt;</a>&nbsp;&nbsp;&nbsp;__default_signal_display
</UL>

<P><STRONG><a name="[d1]"></a>__rt_SIGABRT</STRONG> (Thumb, 14 bytes, Stack size 8 bytes, defsig_abrt_outer.o(.text))
<BR><BR>[Stack]<UL><LI>Max Depth = 40<LI>Call Chain = __rt_SIGABRT &rArr; __rt_SIGABRT_inner &rArr; __default_signal_display &rArr; _ttywrch
</UL>
<BR>[Calls]<UL><LI><a href="#[c8]">&gt;&gt;</a>&nbsp;&nbsp;&nbsp;__sig_exit
<LI><a href="#[d4]">&gt;&gt;</a>&nbsp;&nbsp;&nbsp;__rt_SIGABRT_inner
</UL>
<BR>[Called By]<UL><LI><a href="#[cb]">&gt;&gt;</a>&nbsp;&nbsp;&nbsp;abort
</UL>

<P><STRONG><a name="[d4]"></a>__rt_SIGABRT_inner</STRONG> (Thumb, 14 bytes, Stack size 8 bytes, defsig_abrt_inner.o(.text))
<BR><BR>[Stack]<UL><LI>Max Depth = 32<LI>Call Chain = __rt_SIGABRT_inner &rArr; __default_signal_display &rArr; _ttywrch
</UL>
<BR>[Calls]<UL><LI><a href="#[d2]">&gt;&gt;</a>&nbsp;&nbsp;&nbsp;__default_signal_display
</UL>
<BR>[Called By]<UL><LI><a href="#[d1]">&gt;&gt;</a>&nbsp;&nbsp;&nbsp;__rt_SIGABRT
</UL>

<P><STRONG><a name="[d5]"></a>ADC_DMA_Register</STRONG> (Thumb, 154 bytes, Stack size 16 bytes, adc.o(i.ADC_DMA_Register))
<BR><BR>[Stack]<UL><LI>Max Depth = 24<LI>Call Chain = ADC_DMA_Register &rArr; ADC_DMA_SearchChannel
</UL>
<BR>[Calls]<UL><LI><a href="#[d6]">&gt;&gt;</a>&nbsp;&nbsp;&nbsp;ADC_DMA_SearchChannel
</UL>
<BR>[Called By]<UL><LI><a href="#[e5]">&gt;&gt;</a>&nbsp;&nbsp;&nbsp;pinMode
</UL>

<P><STRONG><a name="[1e]"></a>BusFault_Handler</STRONG> (Thumb, 2 bytes, Stack size 0 bytes, stm32f4xx_it.o(i.BusFault_Handler))
<BR><BR>[Calls]<UL><LI><a href="#[1e]">&gt;&gt;</a>&nbsp;&nbsp;&nbsp;BusFault_Handler
</UL>
<BR>[Called By]<UL><LI><a href="#[1e]">&gt;&gt;</a>&nbsp;&nbsp;&nbsp;BusFault_Handler
</UL>
<BR>[Address Reference Count : 1]<UL><LI> startup_stm32f411xe.o(RESET)
</UL>
<P><STRONG><a name="[51]"></a>DMA2_Stream3_IRQHandler</STRONG> (Thumb, 52 bytes, Stack size 16 bytes, lv_port_disp.o(i.DMA2_Stream3_IRQHandler))
<BR><BR>[Stack]<UL><LI>Max Depth = 28<LI>Call Chain = DMA2_Stream3_IRQHandler &rArr; DMA_GetITStatus
</UL>
<BR>[Calls]<UL><LI><a href="#[d7]">&gt;&gt;</a>&nbsp;&nbsp;&nbsp;DMA_GetITStatus
<LI><a href="#[d9]">&gt;&gt;</a>&nbsp;&nbsp;&nbsp;DMA_ClearITPendingBit
<LI><a href="#[d8]">&gt;&gt;</a>&nbsp;&nbsp;&nbsp;lv_disp_flush_ready
</UL>
<BR>[Address Reference Count : 1]<UL><LI> startup_stm32f411xe.o(RESET)
</UL>
<P><STRONG><a name="[d9]"></a>DMA_ClearITPendingBit</STRONG> (Thumb, 32 bytes, Stack size 0 bytes, stm32f4xx_dma.o(i.DMA_ClearITPendingBit))
<BR><BR>[Called By]<UL><LI><a href="#[51]">&gt;&gt;</a>&nbsp;&nbsp;&nbsp;DMA2_Stream3_IRQHandler
</UL>

<P><STRONG><a name="[101]"></a>DMA_Cmd</STRONG> (Thumb, 20 bytes, Stack size 0 bytes, stm32f4xx_dma.o(i.DMA_Cmd))
<BR><BR>[Called By]<UL><LI><a href="#[60]">&gt;&gt;</a>&nbsp;&nbsp;&nbsp;disp_flush(_disp_drv_t*, const lv_area_t*, lv_color16_t*)
</UL>

<P><STRONG><a name="[108]"></a>DMA_DeInit</STRONG> (Thumb, 272 bytes, Stack size 28 bytes, stm32f4xx_dma.o(i.DMA_DeInit))
<BR><BR>[Stack]<UL><LI>Max Depth = 28<LI>Call Chain = DMA_DeInit
</UL>
<BR>[Called By]<UL><LI><a href="#[107]">&gt;&gt;</a>&nbsp;&nbsp;&nbsp;disp_spi_dma_init()
</UL>

<P><STRONG><a name="[109]"></a>DMA_GetCmdStatus</STRONG> (Thumb, 14 bytes, Stack size 0 bytes, stm32f4xx_dma.o(i.DMA_GetCmdStatus))
<BR><BR>[Called By]<UL><LI><a href="#[107]">&gt;&gt;</a>&nbsp;&nbsp;&nbsp;disp_spi_dma_init()
</UL>

<P><STRONG><a name="[d7]"></a>DMA_GetITStatus</STRONG> (Thumb, 68 bytes, Stack size 12 bytes, stm32f4xx_dma.o(i.DMA_GetITStatus))
<BR><BR>[Stack]<UL><LI>Max Depth = 12<LI>Call Chain = DMA_GetITStatus
</UL>
<BR>[Called By]<UL><LI><a href="#[51]">&gt;&gt;</a>&nbsp;&nbsp;&nbsp;DMA2_Stream3_IRQHandler
</UL>

<P><STRONG><a name="[10c]"></a>DMA_ITConfig</STRONG> (Thumb, 44 bytes, Stack size 0 bytes, stm32f4xx_dma.o(i.DMA_ITConfig))
<BR><BR>[Called By]<UL><LI><a href="#[107]">&gt;&gt;</a>&nbsp;&nbsp;&nbsp;disp_spi_dma_init()
</UL>

<P><STRONG><a name="[10a]"></a>DMA_Init</STRONG> (Thumb, 80 bytes, Stack size 12 bytes, stm32f4xx_dma.o(i.DMA_Init))
<BR><BR>[Stack]<UL><LI>Max Depth = 12<LI>Call Chain = DMA_Init
</UL>
<BR>[Called By]<UL><LI><a href="#[107]">&gt;&gt;</a>&nbsp;&nbsp;&nbsp;disp_spi_dma_init()
</UL>

<P><STRONG><a name="[21]"></a>DebugMon_Handler</STRONG> (Thumb, 2 bytes, Stack size 0 bytes, stm32f4xx_it.o(i.DebugMon_Handler))
<BR>[Address Reference Count : 1]<UL><LI> startup_stm32f411xe.o(RESET)
</UL>
<P><STRONG><a name="[da]"></a>Delay_Init</STRONG> (Thumb, 64 bytes, Stack size 16 bytes, delay.o(i.Delay_Init))
<BR><BR>[Stack]<UL><LI>Max Depth = 32<LI>Call Chain = Delay_Init &rArr; SystemCoreClockUpdate
</UL>
<BR>[Calls]<UL><LI><a href="#[db]">&gt;&gt;</a>&nbsp;&nbsp;&nbsp;SystemCoreClockUpdate
<LI><a href="#[dc]">&gt;&gt;</a>&nbsp;&nbsp;&nbsp;NVIC_SetPriority
</UL>
<BR>[Called By]<UL><LI><a href="#[b5]">&gt;&gt;</a>&nbsp;&nbsp;&nbsp;main
</UL>

<P><STRONG><a name="[2a]"></a>EXTI0_IRQHandler</STRONG> (Thumb, 32 bytes, Stack size 8 bytes, exti.o(i.EXTI0_IRQHandler))
<BR><BR>[Stack]<UL><LI>Max Depth = 8<LI>Call Chain = EXTI0_IRQHandler
</UL>
<BR>[Calls]<UL><LI><a href="#[dd]">&gt;&gt;</a>&nbsp;&nbsp;&nbsp;EXTI_GetITStatus
<LI><a href="#[de]">&gt;&gt;</a>&nbsp;&nbsp;&nbsp;EXTI_ClearITPendingBit
</UL>
<BR>[Address Reference Count : 1]<UL><LI> startup_stm32f411xe.o(RESET)
</UL>
<P><STRONG><a name="[47]"></a>EXTI15_10_IRQHandler</STRONG> (Thumb, 156 bytes, Stack size 16 bytes, exti.o(i.EXTI15_10_IRQHandler))
<BR><BR>[Stack]<UL><LI>Max Depth = 16<LI>Call Chain = EXTI15_10_IRQHandler
</UL>
<BR>[Calls]<UL><LI><a href="#[dd]">&gt;&gt;</a>&nbsp;&nbsp;&nbsp;EXTI_GetITStatus
<LI><a href="#[de]">&gt;&gt;</a>&nbsp;&nbsp;&nbsp;EXTI_ClearITPendingBit
</UL>
<BR>[Address Reference Count : 1]<UL><LI> startup_stm32f411xe.o(RESET)
</UL>
<P><STRONG><a name="[2b]"></a>EXTI1_IRQHandler</STRONG> (Thumb, 32 bytes, Stack size 8 bytes, exti.o(i.EXTI1_IRQHandler))
<BR><BR>[Stack]<UL><LI>Max Depth = 8<LI>Call Chain = EXTI1_IRQHandler
</UL>
<BR>[Calls]<UL><LI><a href="#[dd]">&gt;&gt;</a>&nbsp;&nbsp;&nbsp;EXTI_GetITStatus
<LI><a href="#[de]">&gt;&gt;</a>&nbsp;&nbsp;&nbsp;EXTI_ClearITPendingBit
</UL>
<BR>[Address Reference Count : 1]<UL><LI> startup_stm32f411xe.o(RESET)
</UL>
<P><STRONG><a name="[2c]"></a>EXTI2_IRQHandler</STRONG> (Thumb, 32 bytes, Stack size 8 bytes, exti.o(i.EXTI2_IRQHandler))
<BR><BR>[Stack]<UL><LI>Max Depth = 8<LI>Call Chain = EXTI2_IRQHandler
</UL>
<BR>[Calls]<UL><LI><a href="#[dd]">&gt;&gt;</a>&nbsp;&nbsp;&nbsp;EXTI_GetITStatus
<LI><a href="#[de]">&gt;&gt;</a>&nbsp;&nbsp;&nbsp;EXTI_ClearITPendingBit
</UL>
<BR>[Address Reference Count : 1]<UL><LI> startup_stm32f411xe.o(RESET)
</UL>
<P><STRONG><a name="[2d]"></a>EXTI3_IRQHandler</STRONG> (Thumb, 32 bytes, Stack size 8 bytes, exti.o(i.EXTI3_IRQHandler))
<BR><BR>[Stack]<UL><LI>Max Depth = 8<LI>Call Chain = EXTI3_IRQHandler
</UL>
<BR>[Calls]<UL><LI><a href="#[dd]">&gt;&gt;</a>&nbsp;&nbsp;&nbsp;EXTI_GetITStatus
<LI><a href="#[de]">&gt;&gt;</a>&nbsp;&nbsp;&nbsp;EXTI_ClearITPendingBit
</UL>
<BR>[Address Reference Count : 1]<UL><LI> startup_stm32f411xe.o(RESET)
</UL>
<P><STRONG><a name="[2e]"></a>EXTI4_IRQHandler</STRONG> (Thumb, 32 bytes, Stack size 8 bytes, exti.o(i.EXTI4_IRQHandler))
<BR><BR>[Stack]<UL><LI>Max Depth = 8<LI>Call Chain = EXTI4_IRQHandler
</UL>
<BR>[Calls]<UL><LI><a href="#[dd]">&gt;&gt;</a>&nbsp;&nbsp;&nbsp;EXTI_GetITStatus
<LI><a href="#[de]">&gt;&gt;</a>&nbsp;&nbsp;&nbsp;EXTI_ClearITPendingBit
</UL>
<BR>[Address Reference Count : 1]<UL><LI> startup_stm32f411xe.o(RESET)
</UL>
<P><STRONG><a name="[37]"></a>EXTI9_5_IRQHandler</STRONG> (Thumb, 120 bytes, Stack size 16 bytes, exti.o(i.EXTI9_5_IRQHandler))
<BR><BR>[Stack]<UL><LI>Max Depth = 16<LI>Call Chain = EXTI9_5_IRQHandler
</UL>
<BR>[Calls]<UL><LI><a href="#[dd]">&gt;&gt;</a>&nbsp;&nbsp;&nbsp;EXTI_GetITStatus
<LI><a href="#[de]">&gt;&gt;</a>&nbsp;&nbsp;&nbsp;EXTI_ClearITPendingBit
</UL>
<BR>[Address Reference Count : 1]<UL><LI> startup_stm32f411xe.o(RESET)
</UL>
<P><STRONG><a name="[de]"></a>EXTI_ClearITPendingBit</STRONG> (Thumb, 6 bytes, Stack size 0 bytes, stm32f4xx_exti.o(i.EXTI_ClearITPendingBit))
<BR><BR>[Called By]<UL><LI><a href="#[37]">&gt;&gt;</a>&nbsp;&nbsp;&nbsp;EXTI9_5_IRQHandler
<LI><a href="#[2e]">&gt;&gt;</a>&nbsp;&nbsp;&nbsp;EXTI4_IRQHandler
<LI><a href="#[2d]">&gt;&gt;</a>&nbsp;&nbsp;&nbsp;EXTI3_IRQHandler
<LI><a href="#[2c]">&gt;&gt;</a>&nbsp;&nbsp;&nbsp;EXTI2_IRQHandler
<LI><a href="#[2b]">&gt;&gt;</a>&nbsp;&nbsp;&nbsp;EXTI1_IRQHandler
<LI><a href="#[47]">&gt;&gt;</a>&nbsp;&nbsp;&nbsp;EXTI15_10_IRQHandler
<LI><a href="#[2a]">&gt;&gt;</a>&nbsp;&nbsp;&nbsp;EXTI0_IRQHandler
</UL>

<P><STRONG><a name="[dd]"></a>EXTI_GetITStatus</STRONG> (Thumb, 16 bytes, Stack size 0 bytes, stm32f4xx_exti.o(i.EXTI_GetITStatus))
<BR><BR>[Called By]<UL><LI><a href="#[37]">&gt;&gt;</a>&nbsp;&nbsp;&nbsp;EXTI9_5_IRQHandler
<LI><a href="#[2e]">&gt;&gt;</a>&nbsp;&nbsp;&nbsp;EXTI4_IRQHandler
<LI><a href="#[2d]">&gt;&gt;</a>&nbsp;&nbsp;&nbsp;EXTI3_IRQHandler
<LI><a href="#[2c]">&gt;&gt;</a>&nbsp;&nbsp;&nbsp;EXTI2_IRQHandler
<LI><a href="#[2b]">&gt;&gt;</a>&nbsp;&nbsp;&nbsp;EXTI1_IRQHandler
<LI><a href="#[47]">&gt;&gt;</a>&nbsp;&nbsp;&nbsp;EXTI15_10_IRQHandler
<LI><a href="#[2a]">&gt;&gt;</a>&nbsp;&nbsp;&nbsp;EXTI0_IRQHandler
</UL>

<P><STRONG><a name="[df]"></a>GPIO_GetPinNum</STRONG> (Thumb, 12 bytes, Stack size 0 bytes, gpio.o(i.GPIO_GetPinNum))
<BR><BR>[Calls]<UL><LI><a href="#[e0]">&gt;&gt;</a>&nbsp;&nbsp;&nbsp;GPIO_GetPinSource
</UL>
<BR>[Called By]<UL><LI><a href="#[e4]">&gt;&gt;</a>&nbsp;&nbsp;&nbsp;PWM_Init
</UL>

<P><STRONG><a name="[e0]"></a>GPIO_GetPinSource</STRONG> (Thumb, 18 bytes, Stack size 0 bytes, gpio.o(i.GPIO_GetPinSource))
<BR><BR>[Called By]<UL><LI><a href="#[127]">&gt;&gt;</a>&nbsp;&nbsp;&nbsp;HardwareSerial::begin(unsigned, SERIAL_Config, unsigned char, unsigned char)
<LI><a href="#[df]">&gt;&gt;</a>&nbsp;&nbsp;&nbsp;GPIO_GetPinNum
</UL>

<P><STRONG><a name="[e3]"></a>GPIO_Init</STRONG> (Thumb, 162 bytes, Stack size 20 bytes, stm32f4xx_gpio.o(i.GPIO_Init))
<BR><BR>[Stack]<UL><LI>Max Depth = 20<LI>Call Chain = GPIO_Init
</UL>
<BR>[Called By]<UL><LI><a href="#[127]">&gt;&gt;</a>&nbsp;&nbsp;&nbsp;HardwareSerial::begin(unsigned, SERIAL_Config, unsigned char, unsigned char)
<LI><a href="#[e1]">&gt;&gt;</a>&nbsp;&nbsp;&nbsp;GPIOx_Init
</UL>

<P><STRONG><a name="[e7]"></a>GPIO_PinAFConfig</STRONG> (Thumb, 32 bytes, Stack size 8 bytes, stm32f4xx_gpio.o(i.GPIO_PinAFConfig))
<BR><BR>[Stack]<UL><LI>Max Depth = 8<LI>Call Chain = GPIO_PinAFConfig
</UL>
<BR>[Called By]<UL><LI><a href="#[127]">&gt;&gt;</a>&nbsp;&nbsp;&nbsp;HardwareSerial::begin(unsigned, SERIAL_Config, unsigned char, unsigned char)
<LI><a href="#[e4]">&gt;&gt;</a>&nbsp;&nbsp;&nbsp;PWM_Init
<LI><a href="#[131]">&gt;&gt;</a>&nbsp;&nbsp;&nbsp;SPIClass::begin()
</UL>

<P><STRONG><a name="[e1]"></a>GPIOx_Init</STRONG> (Thumb, 208 bytes, Stack size 24 bytes, gpio.o(i.GPIOx_Init))
<BR><BR>[Stack]<UL><LI>Max Depth = 44<LI>Call Chain = GPIOx_Init &rArr; GPIO_Init
</UL>
<BR>[Calls]<UL><LI><a href="#[e3]">&gt;&gt;</a>&nbsp;&nbsp;&nbsp;GPIO_Init
<LI><a href="#[e2]">&gt;&gt;</a>&nbsp;&nbsp;&nbsp;RCC_AHB1PeriphClockCmd
</UL>
<BR>[Called By]<UL><LI><a href="#[e5]">&gt;&gt;</a>&nbsp;&nbsp;&nbsp;pinMode
</UL>

<P><STRONG><a name="[1c]"></a>HardFault_Handler</STRONG> (Thumb, 2 bytes, Stack size 0 bytes, stm32f4xx_it.o(i.HardFault_Handler))
<BR><BR>[Calls]<UL><LI><a href="#[1c]">&gt;&gt;</a>&nbsp;&nbsp;&nbsp;HardFault_Handler
</UL>
<BR>[Called By]<UL><LI><a href="#[1c]">&gt;&gt;</a>&nbsp;&nbsp;&nbsp;HardFault_Handler
</UL>
<BR>[Address Reference Count : 1]<UL><LI> startup_stm32f411xe.o(RESET)
</UL>
<P><STRONG><a name="[1d]"></a>MemManage_Handler</STRONG> (Thumb, 2 bytes, Stack size 0 bytes, stm32f4xx_it.o(i.MemManage_Handler))
<BR><BR>[Calls]<UL><LI><a href="#[1d]">&gt;&gt;</a>&nbsp;&nbsp;&nbsp;MemManage_Handler
</UL>
<BR>[Called By]<UL><LI><a href="#[1d]">&gt;&gt;</a>&nbsp;&nbsp;&nbsp;MemManage_Handler
</UL>
<BR>[Address Reference Count : 1]<UL><LI> startup_stm32f411xe.o(RESET)
</UL>
<P><STRONG><a name="[1b]"></a>NMI_Handler</STRONG> (Thumb, 2 bytes, Stack size 0 bytes, stm32f4xx_it.o(i.NMI_Handler))
<BR>[Address Reference Count : 1]<UL><LI> startup_stm32f411xe.o(RESET)
</UL>
<P><STRONG><a name="[128]"></a>NVIC_Init</STRONG> (Thumb, 96 bytes, Stack size 12 bytes, misc.o(i.NVIC_Init), UNUSED)
<BR><BR>[Called By]<UL><LI><a href="#[127]">&gt;&gt;</a>&nbsp;&nbsp;&nbsp;HardwareSerial::begin(unsigned, SERIAL_Config, unsigned char, unsigned char)
</UL>

<P><STRONG><a name="[e4]"></a>PWM_Init</STRONG> (Thumb, 160 bytes, Stack size 32 bytes, pwm.o(i.PWM_Init))
<BR><BR>[Stack]<UL><LI>Max Depth = 104 + In Cycle
<LI>Call Chain = PWM_Init &rArr;  pinMode (Cycle)
</UL>
<BR>[Calls]<UL><LI><a href="#[e7]">&gt;&gt;</a>&nbsp;&nbsp;&nbsp;GPIO_PinAFConfig
<LI><a href="#[e8]">&gt;&gt;</a>&nbsp;&nbsp;&nbsp;TIM_Cmd
<LI><a href="#[e5]">&gt;&gt;</a>&nbsp;&nbsp;&nbsp;pinMode
<LI><a href="#[e9]">&gt;&gt;</a>&nbsp;&nbsp;&nbsp;TIMx_OCxInit
<LI><a href="#[e6]">&gt;&gt;</a>&nbsp;&nbsp;&nbsp;TIM_GetGPIO_AF
<LI><a href="#[df]">&gt;&gt;</a>&nbsp;&nbsp;&nbsp;GPIO_GetPinNum
</UL>
<BR>[Called By]<UL><LI><a href="#[e5]">&gt;&gt;</a>&nbsp;&nbsp;&nbsp;pinMode
<LI><a href="#[105]">&gt;&gt;</a>&nbsp;&nbsp;&nbsp;Backlight_Init()
</UL>

<P><STRONG><a name="[22]"></a>PendSV_Handler</STRONG> (Thumb, 2 bytes, Stack size 0 bytes, stm32f4xx_it.o(i.PendSV_Handler))
<BR>[Address Reference Count : 1]<UL><LI> startup_stm32f411xe.o(RESET)
</UL>
<P><STRONG><a name="[e2]"></a>RCC_AHB1PeriphClockCmd</STRONG> (Thumb, 18 bytes, Stack size 0 bytes, stm32f4xx_rcc.o(i.RCC_AHB1PeriphClockCmd))
<BR><BR>[Called By]<UL><LI><a href="#[127]">&gt;&gt;</a>&nbsp;&nbsp;&nbsp;HardwareSerial::begin(unsigned, SERIAL_Config, unsigned char, unsigned char)
<LI><a href="#[e1]">&gt;&gt;</a>&nbsp;&nbsp;&nbsp;GPIOx_Init
<LI><a href="#[107]">&gt;&gt;</a>&nbsp;&nbsp;&nbsp;disp_spi_dma_init()
</UL>

<P><STRONG><a name="[fd]"></a>RCC_APB1PeriphClockCmd</STRONG> (Thumb, 18 bytes, Stack size 0 bytes, stm32f4xx_rcc.o(i.RCC_APB1PeriphClockCmd))
<BR><BR>[Called By]<UL><LI><a href="#[127]">&gt;&gt;</a>&nbsp;&nbsp;&nbsp;HardwareSerial::begin(unsigned, SERIAL_Config, unsigned char, unsigned char)
<LI><a href="#[131]">&gt;&gt;</a>&nbsp;&nbsp;&nbsp;SPIClass::begin()
<LI><a href="#[ef]">&gt;&gt;</a>&nbsp;&nbsp;&nbsp;Timer_ClockCmd
</UL>

<P><STRONG><a name="[164]"></a>RCC_APB1PeriphResetCmd</STRONG> (Thumb, 18 bytes, Stack size 0 bytes, stm32f4xx_rcc.o(i.RCC_APB1PeriphResetCmd))
<BR><BR>[Called By]<UL><LI><a href="#[131]">&gt;&gt;</a>&nbsp;&nbsp;&nbsp;SPIClass::begin()
</UL>

<P><STRONG><a name="[fc]"></a>RCC_APB2PeriphClockCmd</STRONG> (Thumb, 18 bytes, Stack size 0 bytes, stm32f4xx_rcc.o(i.RCC_APB2PeriphClockCmd))
<BR><BR>[Called By]<UL><LI><a href="#[127]">&gt;&gt;</a>&nbsp;&nbsp;&nbsp;HardwareSerial::begin(unsigned, SERIAL_Config, unsigned char, unsigned char)
<LI><a href="#[131]">&gt;&gt;</a>&nbsp;&nbsp;&nbsp;SPIClass::begin()
<LI><a href="#[ef]">&gt;&gt;</a>&nbsp;&nbsp;&nbsp;Timer_ClockCmd
</UL>

<P><STRONG><a name="[163]"></a>RCC_APB2PeriphResetCmd</STRONG> (Thumb, 18 bytes, Stack size 0 bytes, stm32f4xx_rcc.o(i.RCC_APB2PeriphResetCmd))
<BR><BR>[Called By]<UL><LI><a href="#[131]">&gt;&gt;</a>&nbsp;&nbsp;&nbsp;SPIClass::begin()
</UL>

<P><STRONG><a name="[100]"></a>RCC_GetClocksFreq</STRONG> (Thumb, 132 bytes, Stack size 16 bytes, stm32f4xx_rcc.o(i.RCC_GetClocksFreq), UNUSED)
<BR><BR>[Called By]<UL><LI><a href="#[ff]">&gt;&gt;</a>&nbsp;&nbsp;&nbsp;USART_Init
</UL>

<P><STRONG><a name="[48]"></a>RTC_Alarm_IRQHandler</STRONG> (Thumb, 28 bytes, Stack size 8 bytes, rtc.o(i.RTC_Alarm_IRQHandler))
<BR><BR>[Stack]<UL><LI>Max Depth = 8<LI>Call Chain = RTC_Alarm_IRQHandler
</UL>
<BR>[Calls]<UL><LI><a href="#[ea]">&gt;&gt;</a>&nbsp;&nbsp;&nbsp;RTC_GetFlagStatus
<LI><a href="#[eb]">&gt;&gt;</a>&nbsp;&nbsp;&nbsp;RTC_ClearFlag
</UL>
<BR>[Address Reference Count : 1]<UL><LI> startup_stm32f411xe.o(RESET)
</UL>
<P><STRONG><a name="[eb]"></a>RTC_ClearFlag</STRONG> (Thumb, 22 bytes, Stack size 0 bytes, stm32f4xx_rtc.o(i.RTC_ClearFlag))
<BR><BR>[Called By]<UL><LI><a href="#[27]">&gt;&gt;</a>&nbsp;&nbsp;&nbsp;RTC_WKUP_IRQHandler
[...]
<BR>[Called By]<UL><LI><a href="#[376]">&gt;&gt;</a>&nbsp;&nbsp;&nbsp;lv_textarea_set_one_line
<LI><a href="#[371]">&gt;&gt;</a>&nbsp;&nbsp;&nbsp;lv_textarea_create
<LI><a href="#[394]">&gt;&gt;</a>&nbsp;&nbsp;&nbsp;lv_textarea_set_text_align
</UL>

<P><STRONG><a name="[95]"></a>lv_textarea_design</STRONG> (Thumb, 30 bytes, Stack size 8 bytes, lv_textarea.o(i.lv_textarea_design))
<BR><BR>[Stack]<UL><LI>Max Depth = 8<LI>Call Chain = lv_textarea_design
</UL>
<BR>[Address Reference Count : 1]<UL><LI> lv_textarea.o(i.lv_textarea_create)
</UL>
<P><STRONG><a name="[96]"></a>lv_textarea_scrollable_design</STRONG> (Thumb, 394 bytes, Stack size 168 bytes, lv_textarea.o(i.lv_textarea_scrollable_design))
<BR><BR>[Stack]<UL><LI>Max Depth = 1148<LI>Call Chain = lv_textarea_scrollable_design &rArr; lv_draw_label &rArr; lv_draw_line &rArr; lv_draw_rect &rArr; draw_border &rArr; draw_full_border &rArr; _lv_blend_fill &rArr; fill_normal &rArr; lv_color_mix
</UL>
<BR>[Calls]<UL><LI><a href="#[2a5]">&gt;&gt;</a>&nbsp;&nbsp;&nbsp;lv_obj_get_parent
<LI><a href="#[241]">&gt;&gt;</a>&nbsp;&nbsp;&nbsp;lv_draw_label
<LI><a href="#[2b5]">&gt;&gt;</a>&nbsp;&nbsp;&nbsp;lv_draw_rect_dsc_init
<LI><a href="#[2b7]">&gt;&gt;</a>&nbsp;&nbsp;&nbsp;lv_draw_rect
<LI><a href="#[23f]">&gt;&gt;</a>&nbsp;&nbsp;&nbsp;lv_draw_label_dsc_init
<LI><a href="#[189]">&gt;&gt;</a>&nbsp;&nbsp;&nbsp;_lv_memcpy
<LI><a href="#[2df]">&gt;&gt;</a>&nbsp;&nbsp;&nbsp;lv_obj_init_draw_rect_dsc
<LI><a href="#[2e0]">&gt;&gt;</a>&nbsp;&nbsp;&nbsp;lv_obj_init_draw_label_dsc
<LI><a href="#[20f]">&gt;&gt;</a>&nbsp;&nbsp;&nbsp;lv_obj_get_ext_attr
<LI><a href="#[2db]">&gt;&gt;</a>&nbsp;&nbsp;&nbsp;lv_label_get_text
<LI><a href="#[2d9]">&gt;&gt;</a>&nbsp;&nbsp;&nbsp;lv_label_get_align
<LI><a href="#[330]">&gt;&gt;</a>&nbsp;&nbsp;&nbsp;lv_obj_get_style_pad_top
<LI><a href="#[32a]">&gt;&gt;</a>&nbsp;&nbsp;&nbsp;lv_obj_get_style_pad_left
<LI><a href="#[21b]">&gt;&gt;</a>&nbsp;&nbsp;&nbsp;lv_area_copy
</UL>
<BR>[Address Reference Count : 1]<UL><LI> lv_textarea.o(i.lv_textarea_create)
</UL>
<P><STRONG><a name="[94]"></a>lv_textarea_scrollable_signal</STRONG> (Thumb, 218 bytes, Stack size 32 bytes, lv_textarea.o(i.lv_textarea_scrollable_signal))
<BR><BR>[Stack]<UL><LI>Max Depth = 536<LI>Call Chain = lv_textarea_scrollable_signal &rArr; update_cursor_position_on_click &rArr; lv_textarea_set_cursor_pos &rArr; refr_cursor_area &rArr; lv_label_get_letter_pos &rArr; get_txt_coords &rArr; lv_obj_get_style_pad_top &rArr; _lv_obj_get_style_int &rArr;  update_style_cache (Cycle)
</UL>
<BR>[Calls]<UL><LI><a href="#[29e]">&gt;&gt;</a>&nbsp;&nbsp;&nbsp;lv_obj_set_pos
<LI><a href="#[2a5]">&gt;&gt;</a>&nbsp;&nbsp;&nbsp;lv_obj_get_parent
<LI><a href="#[251]">&gt;&gt;</a>&nbsp;&nbsp;&nbsp;lv_obj_get_width
<LI><a href="#[143]">&gt;&gt;</a>&nbsp;&nbsp;&nbsp;lv_obj_get_height
<LI><a href="#[141]">&gt;&gt;</a>&nbsp;&nbsp;&nbsp;lv_obj_set_width
<LI><a href="#[287]">&gt;&gt;</a>&nbsp;&nbsp;&nbsp;lv_obj_handle_get_type_signal
<LI><a href="#[20f]">&gt;&gt;</a>&nbsp;&nbsp;&nbsp;lv_obj_get_ext_attr
<LI><a href="#[2dc]">&gt;&gt;</a>&nbsp;&nbsp;&nbsp;lv_label_set_text
<LI><a href="#[35b]">&gt;&gt;</a>&nbsp;&nbsp;&nbsp;lv_page_get_width_fit
<LI><a href="#[393]">&gt;&gt;</a>&nbsp;&nbsp;&nbsp;update_cursor_position_on_click
<LI><a href="#[392]">&gt;&gt;</a>&nbsp;&nbsp;&nbsp;refr_cursor_area
<LI><a href="#[33c]">&gt;&gt;</a>&nbsp;&nbsp;&nbsp;lv_obj_get_style_text_line_space
<LI><a href="#[339]">&gt;&gt;</a>&nbsp;&nbsp;&nbsp;lv_obj_get_style_text_font
</UL>
<BR>[Address Reference Count : 1]<UL><LI> lv_textarea.o(i.lv_textarea_create)
</UL>
<P><STRONG><a name="[385]"></a>lv_textarea_set_edge_flash</STRONG> (Thumb, 4 bytes, Stack size 0 bytes, lv_textarea.o(i.lv_textarea_set_edge_flash))
<BR><BR>[Stack]<UL><LI>Max Depth = 8<LI>Call Chain = lv_textarea_set_edge_flash &rArr; lv_page_set_edge_flash
</UL>
<BR>[Calls]<UL><LI><a href="#[363]">&gt;&gt;</a>&nbsp;&nbsp;&nbsp;lv_page_set_edge_flash
</UL>
<BR>[Called By]<UL><LI><a href="#[25f]">&gt;&gt;</a>&nbsp;&nbsp;&nbsp;lv_textarea_add_text
<LI><a href="#[37a]">&gt;&gt;</a>&nbsp;&nbsp;&nbsp;lv_textarea_add_char
</UL>

<P><STRONG><a name="[93]"></a>lv_textarea_signal</STRONG> (Thumb, 530 bytes, Stack size 32 bytes, lv_textarea.o(i.lv_textarea_signal))
<BR><BR>[Stack]<UL><LI>Max Depth = 784<LI>Call Chain = lv_textarea_signal &rArr; lv_textarea_add_char &rArr; insert_handler &rArr; lv_textarea_add_text &rArr;  lv_textarea_add_char (Cycle)
</UL>
<BR>[Calls]<UL><LI><a href="#[29e]">&gt;&gt;</a>&nbsp;&nbsp;&nbsp;lv_obj_set_pos
<LI><a href="#[251]">&gt;&gt;</a>&nbsp;&nbsp;&nbsp;lv_obj_get_width
<LI><a href="#[143]">&gt;&gt;</a>&nbsp;&nbsp;&nbsp;lv_obj_get_height
<LI><a href="#[18e]">&gt;&gt;</a>&nbsp;&nbsp;&nbsp;lv_mem_free
<LI><a href="#[24a]">&gt;&gt;</a>&nbsp;&nbsp;&nbsp;lv_event_send
<LI><a href="#[141]">&gt;&gt;</a>&nbsp;&nbsp;&nbsp;lv_obj_set_width
<LI><a href="#[2ec]">&gt;&gt;</a>&nbsp;&nbsp;&nbsp;lv_obj_set_height
<LI><a href="#[287]">&gt;&gt;</a>&nbsp;&nbsp;&nbsp;lv_obj_handle_get_type_signal
<LI><a href="#[20f]">&gt;&gt;</a>&nbsp;&nbsp;&nbsp;lv_obj_get_ext_attr
<LI><a href="#[217]">&gt;&gt;</a>&nbsp;&nbsp;&nbsp;lv_obj_clean_style_list
<LI><a href="#[2dc]">&gt;&gt;</a>&nbsp;&nbsp;&nbsp;lv_label_set_text
<LI><a href="#[37d]">&gt;&gt;</a>&nbsp;&nbsp;&nbsp;lv_textarea_set_cursor_pos
<LI><a href="#[38e]">&gt;&gt;</a>&nbsp;&nbsp;&nbsp;lv_textarea_del_char
<LI><a href="#[38c]">&gt;&gt;</a>&nbsp;&nbsp;&nbsp;lv_textarea_cursor_right
<LI><a href="#[37c]">&gt;&gt;</a>&nbsp;&nbsp;&nbsp;lv_textarea_cursor_left
<LI><a href="#[37a]">&gt;&gt;</a>&nbsp;&nbsp;&nbsp;lv_textarea_add_char
<LI><a href="#[35b]">&gt;&gt;</a>&nbsp;&nbsp;&nbsp;lv_page_get_width_fit
<LI><a href="#[391]">&gt;&gt;</a>&nbsp;&nbsp;&nbsp;lv_textarea_get_one_line
<LI><a href="#[38f]">&gt;&gt;</a>&nbsp;&nbsp;&nbsp;lv_textarea_del_char_forward
<LI><a href="#[38d]">&gt;&gt;</a>&nbsp;&nbsp;&nbsp;lv_textarea_cursor_up
<LI><a href="#[38b]">&gt;&gt;</a>&nbsp;&nbsp;&nbsp;lv_textarea_cursor_down
<LI><a href="#[393]">&gt;&gt;</a>&nbsp;&nbsp;&nbsp;update_cursor_position_on_click
<LI><a href="#[392]">&gt;&gt;</a>&nbsp;&nbsp;&nbsp;refr_cursor_area
<LI><a href="#[339]">&gt;&gt;</a>&nbsp;&nbsp;&nbsp;lv_obj_get_style_text_font
<LI><a href="#[330]">&gt;&gt;</a>&nbsp;&nbsp;&nbsp;lv_obj_get_style_pad_top
<LI><a href="#[326]">&gt;&gt;</a>&nbsp;&nbsp;&nbsp;lv_obj_get_style_pad_bottom
</UL>
<BR>[Address Reference Count : 1]<UL><LI> lv_textarea.o(i.lv_textarea_create)
</UL>
<P><STRONG><a name="[386]"></a>pwd_char_hider</STRONG> (Thumb, 138 bytes, Stack size 48 bytes, lv_textarea.o(i.pwd_char_hider))
<BR><BR>[Stack]<UL><LI>Max Depth = 512<LI>Call Chain = pwd_char_hider &rArr; lv_label_set_text &rArr; lv_label_refr_text &rArr; lv_obj_set_height &rArr; lv_obj_set_size &rArr; lv_obj_realign &rArr; lv_obj_align_mid &rArr; obj_align_mid_core &rArr; lv_obj_set_y &rArr; lv_obj_set_pos &rArr; lv_obj_invalidate &rArr; lv_obj_invalidate_area &rArr; _lv_inv_area &rArr; _lv_area_is_in &rArr; _lv_area_is_point_on &rArr;  _lv_area_is_point_on (Cycle)
</UL>
<BR>[Calls]<UL><LI><a href="#[2ba]">&gt;&gt;</a>&nbsp;&nbsp;&nbsp;lv_font_get_glyph_dsc
<LI><a href="#[189]">&gt;&gt;</a>&nbsp;&nbsp;&nbsp;_lv_memcpy
<LI><a href="#[18a]">&gt;&gt;</a>&nbsp;&nbsp;&nbsp;_lv_mem_buf_release
<LI><a href="#[187]">&gt;&gt;</a>&nbsp;&nbsp;&nbsp;_lv_mem_buf_get
<LI><a href="#[20f]">&gt;&gt;</a>&nbsp;&nbsp;&nbsp;lv_obj_get_ext_attr
<LI><a href="#[2dc]">&gt;&gt;</a>&nbsp;&nbsp;&nbsp;lv_label_set_text
<LI><a href="#[2db]">&gt;&gt;</a>&nbsp;&nbsp;&nbsp;lv_label_get_text
<LI><a href="#[392]">&gt;&gt;</a>&nbsp;&nbsp;&nbsp;refr_cursor_area
<LI><a href="#[339]">&gt;&gt;</a>&nbsp;&nbsp;&nbsp;lv_obj_get_style_text_font
<LI><a href="#[15f]">&gt;&gt;</a>&nbsp;&nbsp;&nbsp;strlen
</UL>
<BR>[Called By]<UL><LI><a href="#[25f]">&gt;&gt;</a>&nbsp;&nbsp;&nbsp;lv_textarea_add_text
<LI><a href="#[37a]">&gt;&gt;</a>&nbsp;&nbsp;&nbsp;lv_textarea_add_char
<LI><a href="#[380]">&gt;&gt;</a>&nbsp;&nbsp;&nbsp;lv_textarea_set_text
<LI><a href="#[371]">&gt;&gt;</a>&nbsp;&nbsp;&nbsp;lv_textarea_create
<LI><a href="#[92]">&gt;&gt;</a>&nbsp;&nbsp;&nbsp;pwd_char_hider_anim_ready
</UL>

<P><STRONG><a name="[91]"></a>pwd_char_hider_anim</STRONG> (Thumb, 2 bytes, Stack size 0 bytes, lv_textarea.o(i.pwd_char_hider_anim))
<BR>[Address Reference Count : 3]<UL><LI> lv_textarea.o(i.lv_textarea_add_char)
<LI> lv_textarea.o(i.lv_textarea_add_text)
<LI> lv_textarea.o(i.lv_textarea_set_text)
</UL>
<P><STRONG><a name="[92]"></a>pwd_char_hider_anim_ready</STRONG> (Thumb, 6 bytes, Stack size 0 bytes, lv_textarea.o(i.pwd_char_hider_anim_ready))
<BR><BR>[Stack]<UL><LI>Max Depth = 512<LI>Call Chain = pwd_char_hider_anim_ready &rArr; pwd_char_hider &rArr; lv_label_set_text &rArr; lv_label_refr_text &rArr; lv_obj_set_height &rArr; lv_obj_set_size &rArr; lv_obj_realign &rArr; lv_obj_align_mid &rArr; obj_align_mid_core &rArr; lv_obj_set_y &rArr; lv_obj_set_pos &rArr; lv_obj_invalidate &rArr; lv_obj_invalidate_area &rArr; _lv_inv_area &rArr; _lv_area_is_in &rArr; _lv_area_is_point_on &rArr;  _lv_area_is_point_on (Cycle)
</UL>
<BR>[Calls]<UL><LI><a href="#[386]">&gt;&gt;</a>&nbsp;&nbsp;&nbsp;pwd_char_hider
</UL>
<BR>[Address Reference Count : 3]<UL><LI> lv_textarea.o(i.lv_textarea_add_char)
<LI> lv_textarea.o(i.lv_textarea_add_text)
<LI> lv_textarea.o(i.lv_textarea_set_text)
</UL>
<P><STRONG><a name="[392]"></a>refr_cursor_area</STRONG> (Thumb, 482 bytes, Stack size 72 bytes, lv_textarea.o(i.refr_cursor_area))
<BR><BR>[Stack]<UL><LI>Max Depth = 328<LI>Call Chain = refr_cursor_area &rArr; lv_label_get_letter_pos &rArr; get_txt_coords &rArr; lv_obj_get_style_pad_top &rArr; _lv_obj_get_style_int &rArr;  update_style_cache (Cycle)
</UL>
<BR>[Calls]<UL><LI><a href="#[1e1]">&gt;&gt;</a>&nbsp;&nbsp;&nbsp;lv_font_get_glyph_width
<LI><a href="#[21c]">&gt;&gt;</a>&nbsp;&nbsp;&nbsp;lv_obj_invalidate_area
<LI><a href="#[20f]">&gt;&gt;</a>&nbsp;&nbsp;&nbsp;lv_obj_get_ext_attr
<LI><a href="#[2db]">&gt;&gt;</a>&nbsp;&nbsp;&nbsp;lv_label_get_text
<LI><a href="#[2d9]">&gt;&gt;</a>&nbsp;&nbsp;&nbsp;lv_label_get_align
<LI><a href="#[2e6]">&gt;&gt;</a>&nbsp;&nbsp;&nbsp;lv_label_get_letter_pos
<LI><a href="#[387]">&gt;&gt;</a>&nbsp;&nbsp;&nbsp;lv_textarea_get_cursor_pos
<LI><a href="#[33c]">&gt;&gt;</a>&nbsp;&nbsp;&nbsp;lv_obj_get_style_text_line_space
<LI><a href="#[339]">&gt;&gt;</a>&nbsp;&nbsp;&nbsp;lv_obj_get_style_text_font
<LI><a href="#[330]">&gt;&gt;</a>&nbsp;&nbsp;&nbsp;lv_obj_get_style_pad_top
<LI><a href="#[32d]">&gt;&gt;</a>&nbsp;&nbsp;&nbsp;lv_obj_get_style_pad_right
<LI><a href="#[32a]">&gt;&gt;</a>&nbsp;&nbsp;&nbsp;lv_obj_get_style_pad_left
<LI><a href="#[326]">&gt;&gt;</a>&nbsp;&nbsp;&nbsp;lv_obj_get_style_pad_bottom
<LI><a href="#[21b]">&gt;&gt;</a>&nbsp;&nbsp;&nbsp;lv_area_copy
</UL>
<BR>[Called By]<UL><LI><a href="#[37d]">&gt;&gt;</a>&nbsp;&nbsp;&nbsp;lv_textarea_set_cursor_pos
<LI><a href="#[394]">&gt;&gt;</a>&nbsp;&nbsp;&nbsp;lv_textarea_set_text_align
<LI><a href="#[386]">&gt;&gt;</a>&nbsp;&nbsp;&nbsp;pwd_char_hider
<LI><a href="#[93]">&gt;&gt;</a>&nbsp;&nbsp;&nbsp;lv_textarea_signal
<LI><a href="#[94]">&gt;&gt;</a>&nbsp;&nbsp;&nbsp;lv_textarea_scrollable_signal
</UL>

<P><STRONG><a name="[393]"></a>update_cursor_position_on_click</STRONG> (Thumb, 162 bytes, Stack size 40 bytes, lv_textarea.o(i.update_cursor_position_on_click))
<BR><BR>[Stack]<UL><LI>Max Depth = 504<LI>Call Chain = update_cursor_position_on_click &rArr; lv_textarea_set_cursor_pos &rArr; refr_cursor_area &rArr; lv_label_get_letter_pos &rArr; get_txt_coords &rArr; lv_obj_get_style_pad_top &rArr; _lv_obj_get_style_int &rArr;  update_style_cache (Cycle)
</UL>
<BR>[Calls]<UL><LI><a href="#[251]">&gt;&gt;</a>&nbsp;&nbsp;&nbsp;lv_obj_get_width
<LI><a href="#[258]">&gt;&gt;</a>&nbsp;&nbsp;&nbsp;lv_obj_get_coords
<LI><a href="#[3a5]">&gt;&gt;</a>&nbsp;&nbsp;&nbsp;lv_indev_get_vect
<LI><a href="#[379]">&gt;&gt;</a>&nbsp;&nbsp;&nbsp;lv_indev_get_type
<LI><a href="#[3a4]">&gt;&gt;</a>&nbsp;&nbsp;&nbsp;lv_indev_get_point
<LI><a href="#[20f]">&gt;&gt;</a>&nbsp;&nbsp;&nbsp;lv_obj_get_ext_attr
<LI><a href="#[2e2]">&gt;&gt;</a>&nbsp;&nbsp;&nbsp;lv_label_get_letter_on
<LI><a href="#[37d]">&gt;&gt;</a>&nbsp;&nbsp;&nbsp;lv_textarea_set_cursor_pos
</UL>
<BR>[Called By]<UL><LI><a href="#[93]">&gt;&gt;</a>&nbsp;&nbsp;&nbsp;lv_textarea_signal
<LI><a href="#[94]">&gt;&gt;</a>&nbsp;&nbsp;&nbsp;lv_textarea_scrollable_signal
</UL>

<P><STRONG><a name="[64]"></a>CPU_UsageUpdate()</STRONG> (Thumb, 16 bytes, Stack size 8 bytes, main.o(i._Z15CPU_UsageUpdatev))
<BR><BR>[Stack]<UL><LI>Max Depth = 24<LI>Call Chain = CPU_UsageUpdate() &rArr; MillisTaskManager::GetCPU_Usage()
</UL>
<BR>[Calls]<UL><LI><a href="#[106]">&gt;&gt;</a>&nbsp;&nbsp;&nbsp;MillisTaskManager::GetCPU_Usage()
</UL>
<BR>[Address Reference Count : 1]<UL><LI> main.o(i._Z5Setupv)
</UL>
<P><STRONG><a name="[119]"></a>Setup()</STRONG> (Thumb, 76 bytes, Stack size 8 bytes, main.o(i._Z5Setupv))
<BR><BR>[Stack]<UL><LI>Max Depth = 1064<LI>Call Chain = Setup() &rArr; APP::Init() &rArr; APP::lv_ex_spinbox_1() &rArr; lv_spinbox_create &rArr; lv_spinbox_set_range &rArr; lv_spinbox_updatevalue &rArr; lv_textarea_set_text &rArr; lv_textarea_add_char &rArr; insert_handler &rArr; lv_textarea_add_text &rArr;  lv_textarea_add_char (Cycle)
</UL>
<BR>[Calls]<UL><LI><a href="#[11c]">&gt;&gt;</a>&nbsp;&nbsp;&nbsp;MillisTaskManager::Register(void(*)(), unsigned, bool)
<LI><a href="#[11a]">&gt;&gt;</a>&nbsp;&nbsp;&nbsp;HAL::Init()
<LI><a href="#[11b]">&gt;&gt;</a>&nbsp;&nbsp;&nbsp;APP::Init()
</UL>
<BR>[Called By]<UL><LI><a href="#[b5]">&gt;&gt;</a>&nbsp;&nbsp;&nbsp;main
</UL>

<P><STRONG><a name="[a1]"></a>__sti___8_main_cpp_main</STRONG> (Thumb, 22 bytes, Stack size 8 bytes, main.o(i.__sti___8_main_cpp_main))
<BR><BR>[Stack]<UL><LI>Max Depth = 80<LI>Call Chain = __sti___8_main_cpp_main &rArr; __aeabi_atexit &rArr; malloc &rArr; __Heap_Full &rArr; __Heap_ProvideMemory &rArr; free
</UL>
<BR>[Calls]<UL><LI><a href="#[169]">&gt;&gt;</a>&nbsp;&nbsp;&nbsp;MillisTaskManager::MillisTaskManager(bool)
<LI><a href="#[c1]">&gt;&gt;</a>&nbsp;&nbsp;&nbsp;__aeabi_atexit
</UL>
<BR>[Address Reference Count : 1]<UL><LI> main.o(.init_array)
</UL>
<P><STRONG><a name="[a2]"></a>__sti___19_HAL_TFTLcd_TEST_cpp_screen</STRONG> (Thumb, 12 bytes, Stack size 0 bytes, hal_tftlcd_test.o(i.__sti___19_HAL_TFTLcd_TEST_cpp_screen))
<BR><BR>[Stack]<UL><LI>Max Depth = 24<LI>Call Chain = __sti___19_HAL_TFTLcd_TEST_cpp_screen &rArr; Adafruit_ST7789::Adafruit_ST7789(unsigned char, unsigned char, unsigned char) &rArr; Adafruit_GFX::Adafruit_GFX__sub_object(short, short)
</UL>
<BR>[Calls]<UL><LI><a href="#[134]">&gt;&gt;</a>&nbsp;&nbsp;&nbsp;Adafruit_ST7789::Adafruit_ST7789(unsigned char, unsigned char, unsigned char)
</UL>
<BR>[Address Reference Count : 1]<UL><LI> hal_tftlcd_test.o(.init_array)
</UL>
<P><STRONG><a name="[a3]"></a>__sti___14_HAL_Button_cpp_02e00b15</STRONG> (Thumb, 14 bytes, Stack size 0 bytes, hal_button.o(i.__sti___14_HAL_Button_cpp_02e00b15))
<BR><BR>[Calls]<UL><LI><a href="#[167]">&gt;&gt;</a>&nbsp;&nbsp;&nbsp;ButtonEvent::ButtonEvent(bool, unsigned short, unsigned short)
</UL>
<BR>[Address Reference Count : 1]<UL><LI> hal_button.o(.init_array)
</UL>
<P><STRONG><a name="[60]"></a>disp_flush(_disp_drv_t*, const lv_area_t*, lv_color16_t*)</STRONG> (Thumb, 100 bytes, Stack size 24 bytes, lv_port_disp.o(i._Z10disp_flushP11_disp_drv_tPK9lv_area_tP12lv_color16_t))
<BR><BR>[Stack]<UL><LI>Max Depth = 104<LI>Call Chain = disp_flush(_disp_drv_t*, const lv_area_t*, lv_color16_t*) &rArr; Adafruit_ST7789::setAddrWindow(short, short, short, short) &rArr; Adafruit_ST7789::writeData16(unsigned short) &rArr; SPIClass::transfer(unsigned char) const
</UL>
<BR>[Calls]<UL><LI><a href="#[101]">&gt;&gt;</a>&nbsp;&nbsp;&nbsp;DMA_Cmd
<LI><a href="#[9e]">&gt;&gt;</a>&nbsp;&nbsp;&nbsp;Adafruit_ST7789::setAddrWindow(short, short, short, short)
</UL>
<BR>[Address Reference Count : 1]<UL><LI> lv_port_disp.o(i._Z17lv_port_disp_initv)
</UL>
<P><STRONG><a name="[107]"></a>disp_spi_dma_init()</STRONG> (Thumb, 128 bytes, Stack size 72 bytes, lv_port_disp.o(i._Z17disp_spi_dma_initv))
<BR><BR>[Stack]<UL><LI>Max Depth = 100<LI>Call Chain = disp_spi_dma_init() &rArr; DMA_DeInit
</UL>
<BR>[Calls]<UL><LI><a href="#[10a]">&gt;&gt;</a>&nbsp;&nbsp;&nbsp;DMA_Init
<LI><a href="#[10c]">&gt;&gt;</a>&nbsp;&nbsp;&nbsp;DMA_ITConfig
<LI><a href="#[109]">&gt;&gt;</a>&nbsp;&nbsp;&nbsp;DMA_GetCmdStatus
<LI><a href="#[108]">&gt;&gt;</a>&nbsp;&nbsp;&nbsp;DMA_DeInit
<LI><a href="#[e2]">&gt;&gt;</a>&nbsp;&nbsp;&nbsp;RCC_AHB1PeriphClockCmd
<LI><a href="#[10b]">&gt;&gt;</a>&nbsp;&nbsp;&nbsp;SPI_I2S_DMACmd
</UL>
<BR>[Called By]<UL><LI><a href="#[10d]">&gt;&gt;</a>&nbsp;&nbsp;&nbsp;lv_port_disp_init()
</UL>

<P><STRONG><a name="[102]"></a>lv_scr_act()</STRONG> (Thumb, 14 bytes, Stack size 8 bytes, input_num_test.o(i._Z10lv_scr_actv))
<BR><BR>[Stack]<UL><LI>Max Depth = 16<LI>Call Chain = lv_scr_act() &rArr; lv_disp_get_scr_act
</UL>
<BR>[Calls]<UL><LI><a href="#[103]">&gt;&gt;</a>&nbsp;&nbsp;&nbsp;lv_disp_get_default
<LI><a href="#[104]">&gt;&gt;</a>&nbsp;&nbsp;&nbsp;lv_disp_get_scr_act
</UL>
<BR>[Called By]<UL><LI><a href="#[13c]">&gt;&gt;</a>&nbsp;&nbsp;&nbsp;APP::lv_ex_spinbox_1()
</UL>

<P><STRONG><a name="[67]"></a>lv_spinbox_decrement_event_cb(_lv_obj_t*, unsigned char)</STRONG> (Thumb, 18 bytes, Stack size 0 bytes, input_num_test.o(i._Z29lv_spinbox_decrement_event_cbP9_lv_obj_th))
<BR><BR>[Stack]<UL><LI>Max Depth = 984<LI>Call Chain = lv_spinbox_decrement_event_cb(_lv_obj_t*, unsigned char) &rArr; lv_spinbox_decrement &rArr; lv_spinbox_updatevalue &rArr; lv_textarea_set_text &rArr; lv_textarea_add_char &rArr; insert_handler &rArr; lv_textarea_add_text &rArr;  lv_textarea_add_char (Cycle)
</UL>
<BR>[Calls]<UL><LI><a href="#[115]">&gt;&gt;</a>&nbsp;&nbsp;&nbsp;lv_spinbox_decrement
</UL>
<BR>[Address Reference Count : 1]<UL><LI> input_num_test.o(i._ZN3APP15lv_ex_spinbox_1Ev)
</UL>
<P><STRONG><a name="[66]"></a>lv_spinbox_increment_event_cb(_lv_obj_t*, unsigned char)</STRONG> (Thumb, 18 bytes, Stack size 0 bytes, input_num_test.o(i._Z29lv_spinbox_increment_event_cbP9_lv_obj_th))
<BR><BR>[Stack]<UL><LI>Max Depth = 984<LI>Call Chain = lv_spinbox_increment_event_cb(_lv_obj_t*, unsigned char) &rArr; lv_spinbox_increment &rArr; lv_spinbox_updatevalue &rArr; lv_textarea_set_text &rArr; lv_textarea_add_char &rArr; insert_handler &rArr; lv_textarea_add_text &rArr;  lv_textarea_add_char (Cycle)
</UL>
<BR>[Calls]<UL><LI><a href="#[116]">&gt;&gt;</a>&nbsp;&nbsp;&nbsp;lv_spinbox_increment
</UL>
<BR>[Address Reference Count : 1]<UL><LI> input_num_test.o(i._ZN3APP15lv_ex_spinbox_1Ev)
</UL>
<P><STRONG><a name="[117]"></a>lv_obj_set_style_local_value_str(_lv_obj_t*, unsigned char, unsigned char, const char*)</STRONG> (Thumb, 14 bytes, Stack size 8 bytes, input_num_test.o(i._Z32lv_obj_set_style_local_value_strP9_lv_obj_thhPKc))
<BR><BR>[Stack]<UL><LI>Max Depth = 240<LI>Call Chain = lv_obj_set_style_local_value_str(_lv_obj_t*, unsigned char, unsigned char, const char*) &rArr; _lv_obj_set_style_local_ptr &rArr; lv_obj_refresh_style &rArr; invalidate_style_cache &rArr; update_style_cache_children &rArr;  update_style_cache_children (Cycle)
</UL>
<BR>[Calls]<UL><LI><a href="#[118]">&gt;&gt;</a>&nbsp;&nbsp;&nbsp;_lv_obj_set_style_local_ptr
</UL>
<BR>[Called By]<UL><LI><a href="#[13c]">&gt;&gt;</a>&nbsp;&nbsp;&nbsp;APP::lv_ex_spinbox_1()
</UL>

<P><STRONG><a name="[5f]"></a>[local to arm_exceptions_c]::__default_terminate_handler()</STRONG> (Thumb, 6 bytes, Stack size 8 bytes, arm_exceptions_globs.o(.text))
<BR><BR>[Stack]<UL><LI>Max Depth = 56 + Unknown Stack Size
<LI>Call Chain = [local to arm_exceptions_c]::__default_terminate_handler() &rArr; abort &rArr; __rt_SIGABRT &rArr; __rt_SIGABRT_inner &rArr; __default_signal_display &rArr; _ttywrch
</UL>
<BR>[Calls]<UL><LI><a href="#[cb]">&gt;&gt;</a>&nbsp;&nbsp;&nbsp;abort
</UL>
<BR>[Address Reference Count : 1]<UL><LI> arm_exceptions_globs.o(.text)
</UL><P>
<H3>
Undefined Global Symbols
</H3><HR></body></html>
