BL51 BANKED LINKER/LOCATER V6.22.2.0                                                    05/30/2022  18:14:45  PAGE 1


BL51 BANKED LINKER/LOCATER V6.22.2.0, INVOKED BY:
C:\KEIL_V5\C51\BIN\BL51.EXE LED.obj TO LED RAMSIZE (256)


MEMORY MODEL: SMALL


INPUT MODULES INCLUDED:
  LED.obj (LED)
  C:\KEIL_V5\C51\LIB\C51S.LIB (?C_STARTUP)


LINK MAP OF MODULE:  LED (LED)


            TYPE    BASE      LENGTH    RELOCATION   SEGMENT NAME
            -----------------------------------------------------

            * * * * * * *   D A T A   M E M O R Y   * * * * * * *
            REG     0000H     0008H     ABSOLUTE     "REG BANK 0"
            IDATA   0008H     0001H     UNIT         ?STACK

            * * * * * * *   C O D E   M E M O R Y   * * * * * * *
            CODE    0000H     0003H     ABSOLUTE     
            CODE    0003H     0159H     UNIT         ?PR?MAIN?LED
            CODE    015CH     0010H     UNIT         ?PR?_DELAY_MS?LED
            CODE    016CH     000CH     UNIT         ?C_C51STARTUP



OVERLAY MAP OF MODULE:   LED (LED)


SEGMENT
  +--> CALLED SEGMENT
---------------------
?C_C51STARTUP
  +--> ?PR?MAIN?LED

?PR?MAIN?LED
  +--> ?PR?_DELAY_MS?LED



SYMBOL TABLE OF MODULE:  LED (LED)

  VALUE           TYPE          NAME
  ----------------------------------

  -------         MODULE        LED
  C:0000H         SYMBOL        _ICE_DUMMY_
  D:0093H         PUBLIC        P0M1
  D:0092H         PUBLIC        P1M0
  D:0096H         PUBLIC        P2M0
  D:0091H         PUBLIC        P1M1
  D:0080H         PUBLIC        P0
  D:00B2H         PUBLIC        P3M0
  D:0095H         PUBLIC        P2M1
BL51 BANKED LINKER/LOCATER V6.22.2.0                                                  05/30/2022  18:14:45  PAGE 2


  D:0090H         PUBLIC        P1
  D:00B4H         PUBLIC        P4M0
  D:00B1H         PUBLIC        P3M1
  D:00A0H         PUBLIC        P2
  D:00CAH         PUBLIC        P5M0
  D:00B3H         PUBLIC        P4M1
  D:00B0H         PUBLIC        P3
  D:00CCH         PUBLIC        P6M0
  D:00C9H         PUBLIC        P5M1
  D:00C0H         PUBLIC        P4
  D:00E2H         PUBLIC        P7M0
  D:00CBH         PUBLIC        P6M1
  D:00C8H         PUBLIC        P5
  D:00E8H         PUBLIC        P6
  D:00E1H         PUBLIC        P7M1
  D:00F8H         PUBLIC        P7
  D:00BAH         PUBLIC        P_SW2
  D:00A8H         PUBLIC        IE
  D:00B8H         PUBLIC        IP
  C:0003H         PUBLIC        main
  B:0080H.0       PUBLIC        P00
  B:0090H.0       PUBLIC        P10
  B:0080H.1       PUBLIC        P01
  B:00A0H.0       PUBLIC        P20
  B:0090H.1       PUBLIC        P11
  B:0080H.2       PUBLIC        P02
  B:00A0H.1       PUBLIC        P21
  B:0080H.3       PUBLIC        P03
  B:00A0H.2       PUBLIC        P22
  D:0098H         PUBLIC        SCON
  B:0090H.3       PUBLIC        P13
  B:0080H.4       PUBLIC        P04
  B:00B0H.2       PUBLIC        P32
  B:00A0H.3       PUBLIC        P23
  B:0090H.4       PUBLIC        P14
  D:0088H         PUBLIC        TCON
  B:0080H.5       PUBLIC        P05
  B:00B0H.3       PUBLIC        P33
  B:00A0H.4       PUBLIC        P24
  B:0090H.5       PUBLIC        P15
  B:0080H.6       PUBLIC        P06
  B:00C8H.2       PUBLIC        P52
  B:00B0H.4       PUBLIC        P34
  B:00A0H.5       PUBLIC        P25
  B:0090H.6       PUBLIC        P16
  B:0080H.7       PUBLIC        P07
  B:00B0H.5       PUBLIC        P35
  B:00A0H.6       PUBLIC        P26
  B:0090H.7       PUBLIC        P17
  B:00C8H.4       PUBLIC        P54
  B:00C0H.5       PUBLIC        P45
  B:00B0H.6       PUBLIC        P36
  B:00A0H.7       PUBLIC        P27
  B:00C0H.6       PUBLIC        P46
  B:00B0H.7       PUBLIC        P37
  B:00C0H.7       PUBLIC        P47
  C:015CH         PUBLIC        _delay_ms
BL51 BANKED LINKER/LOCATER V6.22.2.0                                                  05/30/2022  18:14:45  PAGE 3


  D:00D0H         PUBLIC        PSW
  D:0094H         PUBLIC        P0M0
  -------         PROC          MAIN
  C:0003H         LINE#         41
  C:0003H         LINE#         42
  C:0003H         LINE#         43
  C:0006H         LINE#         45
  C:000BH         LINE#         46
  C:000FH         LINE#         47
  C:0013H         LINE#         48
  C:0017H         LINE#         49
  C:001BH         LINE#         50
  C:001FH         LINE#         51
  C:0023H         LINE#         52
  C:0027H         LINE#         54
  C:0027H         LINE#         55
  C:0027H         LINE#         56
  C:0029H         LINE#         57
  C:002EH         LINE#         58
  C:0030H         LINE#         59
  C:0032H         LINE#         60
  C:0037H         LINE#         61
  C:0039H         LINE#         62
  C:003BH         LINE#         63
  C:0040H         LINE#         64
  C:0042H         LINE#         65
  C:0044H         LINE#         66
  C:0049H         LINE#         67
  C:004BH         LINE#         68
  C:004DH         LINE#         69
  C:0052H         LINE#         70
  C:0054H         LINE#         71
  C:0056H         LINE#         72
  C:005BH         LINE#         73
  C:005DH         LINE#         74
  C:005FH         LINE#         75
  C:0064H         LINE#         76
  C:0066H         LINE#         77
  C:0068H         LINE#         78
  C:006DH         LINE#         79
  C:006FH         LINE#         81
  C:0071H         LINE#         82
  C:0076H         LINE#         83
  C:0078H         LINE#         84
  C:007AH         LINE#         85
  C:007FH         LINE#         86
  C:0081H         LINE#         87
  C:0083H         LINE#         88
  C:0088H         LINE#         89
  C:008AH         LINE#         90
  C:008CH         LINE#         91
  C:0091H         LINE#         92
  C:0093H         LINE#         93
  C:0095H         LINE#         94
  C:009AH         LINE#         95
  C:009CH         LINE#         96
  C:009EH         LINE#         97
BL51 BANKED LINKER/LOCATER V6.22.2.0                                                  05/30/2022  18:14:45  PAGE 4


  C:00A3H         LINE#         98
  C:00A5H         LINE#         99
  C:00A7H         LINE#         100
  C:00ACH         LINE#         101
  C:00AEH         LINE#         102
  C:00B0H         LINE#         103
  C:00B5H         LINE#         104
  C:00B7H         LINE#         106
  C:00B9H         LINE#         107
  C:00BEH         LINE#         108
  C:00C0H         LINE#         109
  C:00C2H         LINE#         110
  C:00C7H         LINE#         111
  C:00C9H         LINE#         112
  C:00CBH         LINE#         113
  C:00D0H         LINE#         114
  C:00D2H         LINE#         115
  C:00D4H         LINE#         116
  C:00D9H         LINE#         117
  C:00DBH         LINE#         118
  C:00DDH         LINE#         119
  C:00E2H         LINE#         120
  C:00E4H         LINE#         121
  C:00E6H         LINE#         122
  C:00EBH         LINE#         123
  C:00EDH         LINE#         124
  C:00EFH         LINE#         125
  C:00F4H         LINE#         126
  C:00F6H         LINE#         127
  C:00F8H         LINE#         128
  C:00FDH         LINE#         129
  C:00FFH         LINE#         131
  C:0101H         LINE#         132
  C:0106H         LINE#         133
  C:0108H         LINE#         134
  C:010AH         LINE#         135
  C:010FH         LINE#         136
  C:0111H         LINE#         138
  C:0113H         LINE#         139
  C:0118H         LINE#         140
  C:011AH         LINE#         141
  C:011CH         LINE#         142
  C:0121H         LINE#         143
  C:0123H         LINE#         144
  C:0125H         LINE#         145
  C:012AH         LINE#         146
  C:012CH         LINE#         147
  C:012EH         LINE#         148
  C:0133H         LINE#         149
  C:0135H         LINE#         150
  C:0137H         LINE#         151
  C:013CH         LINE#         152
  C:013EH         LINE#         153
  C:0140H         LINE#         154
  C:0145H         LINE#         155
  C:0147H         LINE#         156
  C:0149H         LINE#         157
BL51 BANKED LINKER/LOCATER V6.22.2.0                                                  05/30/2022  18:14:45  PAGE 5


  C:014EH         LINE#         158
  C:0150H         LINE#         159
  C:0152H         LINE#         160
  C:0157H         LINE#         161
  C:0159H         LINE#         162
  -------         ENDPROC       MAIN
  -------         PROC          _DELAY_MS
  D:0007H         SYMBOL        ms
  -------         DO            
  D:0004H         SYMBOL        i
  -------         ENDDO         
  C:015CH         LINE#         174
  C:015CH         LINE#         175
  C:015CH         LINE#         177
  C:015CH         LINE#         178
  C:0160H         LINE#         179
  C:0169H         LINE#         180
  C:016BH         LINE#         181
  -------         ENDPROC       _DELAY_MS
  -------         ENDMOD        LED

Program Size: data=9.0 xdata=0 code=376
LINK/LOCATE RUN COMPLETE.  0 WARNING(S),  0 ERROR(S)
